4.8283 	WARNING 	User requested fullscreen with size [1536  864], but screen is actually [1920, 1080]. Using actual size
5.4121 	EXP 	Created window1 = Window(allowGUI=True, allowStencil=False, autoLog=True, backendConf=UNKNOWN, backgroundFit=<method-wrapper '__getattribute__' of attributeSetter object at 0x00000220D4C8CC70>, backgroundImage=<method-wrapper '__getattribute__' of attributeSetter object at 0x00000220D4C8CC10>, bitsMode=UNKNOWN, blendMode='avg', bpc=(8, 8, 8), color=array([0, 0, 0]), colorSpace='rgb', depthBits=8, fullscr=<method-wrapper '__getattribute__' of attributeSetter object at 0x00000220D4C8CA60>, gamma=None, gammaErrorPolicy='raise', lms=UNKNOWN, monitor=<psychopy.monitors.calibTools.Monitor object at 0x00000220D51BF610>, multiSample=False, name='window1', numSamples=2, pos=(1920, 789), screen=0, size=array([1920, 1080]), stencilBits=0, stereo=False, title='PsychoPy', units='height', useFBO=True, useRetina=False, viewOri=0.0, viewPos=None, viewScale=None, waitBlanking=True, winType='pyglet')
5.4124 	EXP 	window1: mouseVisible = True
5.4124 	EXP 	window1: backgroundImage = ''
5.4124 	EXP 	window1: backgroundFit = 'none'
5.4136 	EXP 	window1: Attempting to measure frame rate of screen (0) ...
5.4136 	EXP 	window1: recordFrameIntervals = False
5.5787 	EXP 	window1: recordFrameIntervals = True
5.7619 	EXP 	Screen (0) actual frame rate measured at 59.95Hz
5.7620 	EXP 	window1: recordFrameIntervals = False
5.7622 	EXP 	window1: mouseVisible = False
7.5465 	EXP 	tarea_coche_autonomo: status = STARTED
7.5468 	EXP 	window1: mouseVisible = True
7.6081 	EXP 	Created text_19 = TextStim(__class__=<class 'psychopy.visual.text.TextStim'>, alignHoriz=method-wrapper(...), alignText='center', alignVert=method-wrapper(...), anchorHoriz='center', anchorVert='center', antialias=True, autoDraw=False, autoLog=True, bold=False, color=array([-1., -1., -1.]), colorSpace='rgb', contrast=1.0, depth=-1.0, draggable=False, flipHoriz=False, flipVert=False, font='Open Sans', fontFiles=[], height=0.08, italic=False, languageStyle='LTR', name='text_19', opacity=1.0, ori=0.0, pos=array([-0.2 ,  0.18]), rgb=UNKNOWN, text='Experimento del coche autónomo', units='height', win=Window(...), wrapWidth=1)
7.6082 	EXP 	window1: mouseVisible = True
8.8236 	EXP 	Created image_11 = ImageStim(__class__=<class 'psychopy.visual.image.ImageStim'>, anchor=('center', 'center'), autoLog=True, color=array([1., 1., 1.]), colorSpace='rgb', contrast=1.0, depth=-2.0, draggable=False, flipHoriz=False, flipVert=False, image='pngs/pexels-riciardus-228094.jpg', interpolate=True, mask=None, maskParams=None, name='image_11', opacity=1.0, ori=0.0, pos=array([0., 0.]), size=array([2., 1.]), texRes=128.0, units='height', win=Window(...))
8.8254 	EXP 	window1: mouseVisible = True
8.9042 	EXP 	Created text_8 = TextStim(__class__=<class 'psychopy.visual.text.TextStim'>, alignHoriz=method-wrapper(...), alignText='center', alignVert=method-wrapper(...), anchorHoriz='center', anchorVert='center', antialias=True, autoDraw=False, autoLog=True, bold=False, color=array([1., 1., 1.]), colorSpace='rgb', contrast=1.0, depth=0.0, draggable=False, flipHoriz=False, flipVert=False, font='Open Sans', fontFiles=[], height=0.04, italic=False, languageStyle='LTR', name='text_8', opacity=1.0, ori=0.0, pos=array([0., 0.]), rgb=UNKNOWN, text=str(...), units='height', win=Window(...), wrapWidth=1)
8.9043 	EXP 	window1: mouseVisible = True
9.1590 	EXP 	Created image_3 = ImageStim(__class__=<class 'psychopy.visual.image.ImageStim'>, anchor=('center', 'center'), autoLog=True, color=array([1., 1., 1.]), colorSpace='rgb', contrast=1.0, depth=0.0, draggable=False, flipHoriz=False, flipVert=False, image='pngs/41.png', interpolate=True, mask=None, maskParams=None, name='image_3', opacity=1.0, ori=0.0, pos=array([-0.53, -0.1 ]), size=array([0.4, 0.8]), texRes=128.0, units='height', win=Window(...))
9.1591 	EXP 	window1: mouseVisible = True
9.4212 	EXP 	Created image_4 = ImageStim(__class__=<class 'psychopy.visual.image.ImageStim'>, anchor=('center', 'center'), autoLog=True, color=array([1., 1., 1.]), colorSpace='rgb', contrast=1.0, depth=-1.0, draggable=False, flipHoriz=False, flipVert=False, image='pngs/42.png', interpolate=True, mask=None, maskParams=None, name='image_4', opacity=1.0, ori=0.0, pos=array([ 0.53, -0.1 ]), size=array([0.4, 0.8]), texRes=128.0, units='height', win=Window(...))
9.4213 	EXP 	window1: mouseVisible = True
9.4251 	EXP 	Created text_9 = TextStim(__class__=<class 'psychopy.visual.text.TextStim'>, alignHoriz=method-wrapper(...), alignText='center', alignVert=method-wrapper(...), anchorHoriz='center', anchorVert='center', antialias=True, autoDraw=False, autoLog=True, bold=False, color=array([1., 1., 1.]), colorSpace='rgb', contrast=1.0, depth=-3.0, draggable=False, flipHoriz=False, flipVert=False, font='Open Sans', fontFiles=[], height=0.04, italic=False, languageStyle='LTR', name='text_9', opacity=1.0, ori=0.0, pos=array([ 0.  , -0.25]), rgb=UNKNOWN, text=str(...), units='height', win=Window(...), wrapWidth=1)
9.4252 	EXP 	window1: mouseVisible = True
9.4296 	EXP 	Created text_10 = TextStim(__class__=<class 'psychopy.visual.text.TextStim'>, alignHoriz=method-wrapper(...), alignText='center', alignVert=method-wrapper(...), anchorHoriz='center', anchorVert='center', antialias=True, autoDraw=False, autoLog=True, bold=False, color=array([1., 1., 1.]), colorSpace='rgb', contrast=1.0, depth=-4.0, draggable=False, flipHoriz=False, flipVert=False, font='Open Sans', fontFiles=[], height=0.04, italic=False, languageStyle='LTR', name='text_10', opacity=1.0, ori=0.0, pos=array([0. , 0.4]), rgb=UNKNOWN, text=str(...), units='height', win=Window(...), wrapWidth=1)
9.4297 	EXP 	window1: mouseVisible = True
9.4358 	EXP 	Created text_11 = TextStim(__class__=<class 'psychopy.visual.text.TextStim'>, alignHoriz=method-wrapper(...), alignText='center', alignVert=method-wrapper(...), anchorHoriz='center', anchorVert='center', antialias=True, autoDraw=False, autoLog=True, bold=False, color=array([1., 1., 1.]), colorSpace='rgb', contrast=1.0, depth=0.0, draggable=False, flipHoriz=False, flipVert=False, font='Open Sans', fontFiles=[], height=0.04, italic=False, languageStyle='LTR', name='text_11', opacity=1.0, ori=0.0, pos=array([0. , 0.4]), rgb=UNKNOWN, text=str(...), units='height', win=Window(...), wrapWidth=1)
9.4361 	EXP 	window1: mouseVisible = True
9.4398 	EXP 	Created text_12 = TextStim(__class__=<class 'psychopy.visual.text.TextStim'>, alignHoriz=method-wrapper(...), alignText='center', alignVert=method-wrapper(...), anchorHoriz='center', anchorVert='center', antialias=True, autoDraw=False, autoLog=True, bold=False, color=array([1., 1., 1.]), colorSpace='rgb', contrast=1.0, depth=-1.0, draggable=False, flipHoriz=False, flipVert=False, font='Open Sans', fontFiles=[], height=0.04, italic=False, languageStyle='LTR', name='text_12', opacity=1.0, ori=0.0, pos=array([-0.5 ,  0.25]), rgb=UNKNOWN, text='hombre', units='height', win=Window(...), wrapWidth=1)
9.4401 	EXP 	window1: mouseVisible = True
9.4447 	EXP 	Created text_13 = TextStim(__class__=<class 'psychopy.visual.text.TextStim'>, alignHoriz=method-wrapper(...), alignText='center', alignVert=method-wrapper(...), anchorHoriz='center', anchorVert='center', antialias=True, autoDraw=False, autoLog=True, bold=False, color=array([1., 1., 1.]), colorSpace='rgb', contrast=1.0, depth=-2.0, draggable=False, flipHoriz=False, flipVert=False, font='Open Sans', fontFiles=[], height=0.04, italic=False, languageStyle='LTR', name='text_13', opacity=1.0, ori=0.0, pos=array([-0.5,  0. ]), rgb=UNKNOWN, text='mujer', units='height', win=Window(...), wrapWidth=1)
9.4449 	EXP 	window1: mouseVisible = True
9.4480 	EXP 	Created text_14 = TextStim(__class__=<class 'psychopy.visual.text.TextStim'>, alignHoriz=method-wrapper(...), alignText='center', alignVert=method-wrapper(...), anchorHoriz='center', anchorVert='center', antialias=True, autoDraw=False, autoLog=True, bold=False, color=array([1., 1., 1.]), colorSpace='rgb', contrast=1.0, depth=-3.0, draggable=False, flipHoriz=False, flipVert=False, font='Open Sans', fontFiles=[], height=0.04, italic=False, languageStyle='LTR', name='text_14', opacity=1.0, ori=0.0, pos=array([-0.5 , -0.25]), rgb=UNKNOWN, text='delincuente', units='height', win=Window(...), wrapWidth=1)
9.4481 	EXP 	window1: mouseVisible = True
9.4496 	EXP 	Created text_15 = TextStim(__class__=<class 'psychopy.visual.text.TextStim'>, alignHoriz=method-wrapper(...), alignText='center', alignVert=method-wrapper(...), anchorHoriz='center', anchorVert='center', antialias=True, autoDraw=False, autoLog=True, bold=False, color=array([1., 1., 1.]), colorSpace='rgb', contrast=1.0, depth=-4.0, draggable=False, flipHoriz=False, flipVert=False, font='Open Sans', fontFiles=[], height=0.04, italic=False, languageStyle='LTR', name='text_15', opacity=1.0, ori=0.0, pos=array([0.5 , 0.25]), rgb=UNKNOWN, text='animal', units='height', win=Window(...), wrapWidth=1)
9.4497 	EXP 	window1: mouseVisible = True
9.4515 	EXP 	Created text_16 = TextStim(__class__=<class 'psychopy.visual.text.TextStim'>, alignHoriz=method-wrapper(...), alignText='center', alignVert=method-wrapper(...), anchorHoriz='center', anchorVert='center', antialias=True, autoDraw=False, autoLog=True, bold=False, color=array([1., 1., 1.]), colorSpace='rgb', contrast=1.0, depth=-5.0, draggable=False, flipHoriz=False, flipVert=False, font='Open Sans', fontFiles=[], height=0.04, italic=False, languageStyle='LTR', name='text_16', opacity=1.0, ori=0.0, pos=array([0.5, 0. ]), rgb=UNKNOWN, text='peatón puede cruzar', units='height', win=Window(...), wrapWidth=1)
9.4518 	EXP 	window1: mouseVisible = True
9.4541 	EXP 	Created text_17 = TextStim(__class__=<class 'psychopy.visual.text.TextStim'>, alignHoriz=method-wrapper(...), alignText='center', alignVert=method-wrapper(...), anchorHoriz='center', anchorVert='center', antialias=True, autoDraw=False, autoLog=True, bold=False, color=array([1., 1., 1.]), colorSpace='rgb', contrast=1.0, depth=-6.0, draggable=False, flipHoriz=False, flipVert=False, font='Open Sans', fontFiles=[], height=0.04, italic=False, languageStyle='LTR', name='text_17', opacity=1.0, ori=0.0, pos=array([ 0.5 , -0.25]), rgb=UNKNOWN, text='peatón no puede cruzar', units='height', win=Window(...), wrapWidth=1)
9.4541 	EXP 	window1: mouseVisible = True
9.4580 	EXP 	Created image_5 = ImageStim(__class__=<class 'psychopy.visual.image.ImageStim'>, anchor=('center', 'center'), autoLog=True, color=array([1., 1., 1.]), colorSpace='rgb', contrast=1.0, depth=-7.0, draggable=False, flipHoriz=False, flipVert=False, image='pngs/hombre.png', interpolate=True, mask=None, maskParams=None, name='image_5', opacity=1.0, ori=0.0, pos=array([-0.65,  0.25]), size=array([0.12, 0.12]), texRes=128.0, units='height', win=Window(...))
9.4581 	EXP 	window1: mouseVisible = True
9.4619 	EXP 	Created text_18 = TextStim(__class__=<class 'psychopy.visual.text.TextStim'>, alignHoriz=method-wrapper(...), alignText='center', alignVert=method-wrapper(...), anchorHoriz='center', anchorVert='center', antialias=True, autoDraw=False, autoLog=True, bold=False, color=array([1., 1., 1.]), colorSpace='rgb', contrast=1.0, depth=-9.0, draggable=False, flipHoriz=False, flipVert=False, font='Open Sans', fontFiles=[], height=0.04, italic=False, languageStyle='LTR', name='text_18', opacity=1.0, ori=0.0, pos=array([ 0. , -0.4]), rgb=UNKNOWN, text='¡Pulsa "space" para empezar!', units='height', win=Window(...), wrapWidth=1)
9.4619 	EXP 	window1: mouseVisible = True
9.4656 	EXP 	Created image_6 = ImageStim(__class__=<class 'psychopy.visual.image.ImageStim'>, anchor=('center', 'center'), autoLog=True, color=array([1., 1., 1.]), colorSpace='rgb', contrast=1.0, depth=-10.0, draggable=False, flipHoriz=False, flipVert=False, image='pngs/mujer.png', interpolate=True, mask=None, maskParams=None, name='image_6', opacity=1.0, ori=0.0, pos=array([-0.7,  0. ]), size=array([0.15, 0.15]), texRes=128.0, units='height', win=Window(...))
9.4657 	EXP 	window1: mouseVisible = True
9.4693 	EXP 	Created image_7 = ImageStim(__class__=<class 'psychopy.visual.image.ImageStim'>, anchor=('center', 'center'), autoLog=True, color=array([1., 1., 1.]), colorSpace='rgb', contrast=1.0, depth=-11.0, draggable=False, flipHoriz=False, flipVert=False, image='pngs/delincuente.png', interpolate=True, mask=None, maskParams=None, name='image_7', opacity=1.0, ori=0.0, pos=array([-0.7 , -0.25]), size=array([0.15, 0.12]), texRes=128.0, units='height', win=Window(...))
9.4694 	EXP 	window1: mouseVisible = True
9.4746 	EXP 	Created image_8 = ImageStim(__class__=<class 'psychopy.visual.image.ImageStim'>, anchor=('center', 'center'), autoLog=True, color=array([1., 1., 1.]), colorSpace='rgb', contrast=1.0, depth=-12.0, draggable=False, flipHoriz=False, flipVert=False, image='pngs/animal.png', interpolate=True, mask=None, maskParams=None, name='image_8', opacity=1.0, ori=0.0, pos=array([0.3 , 0.25]), size=array([0.15, 0.15]), texRes=128.0, units='height', win=Window(...))
9.4747 	EXP 	window1: mouseVisible = True
9.4785 	EXP 	Created image_9 = ImageStim(__class__=<class 'psychopy.visual.image.ImageStim'>, anchor=('center', 'center'), autoLog=True, color=array([1., 1., 1.]), colorSpace='rgb', contrast=1.0, depth=-13.0, draggable=False, flipHoriz=False, flipVert=False, image='pngs/peaton_verde.png', interpolate=True, mask=None, maskParams=None, name='image_9', opacity=1.0, ori=0.0, pos=array([0.2, 0. ]), size=array([0.1 , 0.15]), texRes=128.0, units='height', win=Window(...))
9.4786 	EXP 	window1: mouseVisible = True
9.4821 	EXP 	Created image_10 = ImageStim(__class__=<class 'psychopy.visual.image.ImageStim'>, anchor=('center', 'center'), autoLog=True, color=array([1., 1., 1.]), colorSpace='rgb', contrast=1.0, depth=-14.0, draggable=False, flipHoriz=False, flipVert=False, image='pngs/peaton_rojo.png', interpolate=True, mask=None, maskParams=None, name='image_10', opacity=1.0, ori=0.0, pos=array([ 0.2 , -0.25]), size=array([0.1 , 0.15]), texRes=128.0, units='height', win=Window(...))
9.4822 	EXP 	window1: mouseVisible = True
9.4897 	EXP 	Created image = ImageStim(__class__=<class 'psychopy.visual.image.ImageStim'>, anchor=('center', 'center'), autoLog=True, color=array([1., 1., 1.]), colorSpace='rgb', contrast=1.0, depth=0.0, draggable=False, flipHoriz=False, flipVert=False, image='default.png', interpolate=True, mask=None, maskParams=None, name='image', opacity=1.0, ori=0.0, pos=array([-0.5,  0. ]), size=array([0.6, 1. ]), texRes=128.0, units='height', win=Window(...))
9.4898 	EXP 	window1: mouseVisible = True
9.4972 	EXP 	Created image_2 = ImageStim(__class__=<class 'psychopy.visual.image.ImageStim'>, anchor=('center', 'center'), autoLog=True, color=array([1., 1., 1.]), colorSpace='rgb', contrast=1.0, depth=-1.0, draggable=False, flipHoriz=False, flipVert=False, image='default.png', interpolate=True, mask=None, maskParams=None, name='image_2', opacity=1.0, ori=0.0, pos=array([0.5, 0. ]), size=array([0.6, 1. ]), texRes=128.0, units='height', win=Window(...))
9.4973 	EXP 	window1: mouseVisible = True
9.4980 	EXP 	Created text = TextStim(__class__=<class 'psychopy.visual.text.TextStim'>, alignHoriz=method-wrapper(...), alignText='center', alignVert=method-wrapper(...), anchorHoriz='center', anchorVert='center', antialias=True, autoDraw=False, autoLog=True, bold=False, color=array([1., 1., 1.]), colorSpace='rgb', contrast=1.0, depth=0.0, draggable=False, flipHoriz=False, flipVert=False, font='Open Sans', fontFiles=[], height=0.04, italic=False, languageStyle='LTR', name='text', opacity=1.0, ori=0.0, pos=array([0. , 0.3]), rgb=UNKNOWN, text='', units='height', win=Window(...), wrapWidth=1)
9.4981 	EXP 	window1: mouseVisible = True
9.4987 	EXP 	Created text_2 = TextStim(__class__=<class 'psychopy.visual.text.TextStim'>, alignHoriz=method-wrapper(...), alignText='center', alignVert=method-wrapper(...), anchorHoriz='center', anchorVert='center', antialias=True, autoDraw=False, autoLog=True, bold=False, color=array([1., 1., 1.]), colorSpace='rgb', contrast=1.0, depth=-1.0, draggable=False, flipHoriz=False, flipVert=False, font='Open Sans', fontFiles=[], height=0.04, italic=False, languageStyle='LTR', name='text_2', opacity=1.0, ori=0.0, pos=array([0. , 0.2]), rgb=UNKNOWN, text='', units='height', win=Window(...), wrapWidth=1)
9.4988 	EXP 	window1: mouseVisible = True
9.4994 	EXP 	Created text_3 = TextStim(__class__=<class 'psychopy.visual.text.TextStim'>, alignHoriz=method-wrapper(...), alignText='center', alignVert=method-wrapper(...), anchorHoriz='center', anchorVert='center', antialias=True, autoDraw=False, autoLog=True, bold=False, color=array([1., 1., 1.]), colorSpace='rgb', contrast=1.0, depth=-2.0, draggable=False, flipHoriz=False, flipVert=False, font='Open Sans', fontFiles=[], height=0.04, italic=False, languageStyle='LTR', name='text_3', opacity=1.0, ori=0.0, pos=array([0. , 0.1]), rgb=UNKNOWN, text='', units='height', win=Window(...), wrapWidth=1)
9.4995 	EXP 	window1: mouseVisible = True
9.5001 	EXP 	Created text_4 = TextStim(__class__=<class 'psychopy.visual.text.TextStim'>, alignHoriz=method-wrapper(...), alignText='center', alignVert=method-wrapper(...), anchorHoriz='center', anchorVert='center', antialias=True, autoDraw=False, autoLog=True, bold=False, color=array([1., 1., 1.]), colorSpace='rgb', contrast=1.0, depth=-3.0, draggable=False, flipHoriz=False, flipVert=False, font='Open Sans', fontFiles=[], height=0.04, italic=False, languageStyle='LTR', name='text_4', opacity=1.0, ori=0.0, pos=array([0., 0.]), rgb=UNKNOWN, text='', units='height', win=Window(...), wrapWidth=1)
9.5002 	EXP 	window1: mouseVisible = True
9.5008 	EXP 	Created text_5 = TextStim(__class__=<class 'psychopy.visual.text.TextStim'>, alignHoriz=method-wrapper(...), alignText='center', alignVert=method-wrapper(...), anchorHoriz='center', anchorVert='center', antialias=True, autoDraw=False, autoLog=True, bold=False, color=array([1., 1., 1.]), colorSpace='rgb', contrast=1.0, depth=-4.0, draggable=False, flipHoriz=False, flipVert=False, font='Open Sans', fontFiles=[], height=0.04, italic=False, languageStyle='LTR', name='text_5', opacity=1.0, ori=0.0, pos=array([ 0. , -0.1]), rgb=UNKNOWN, text='', units='height', win=Window(...), wrapWidth=1)
9.5009 	EXP 	window1: mouseVisible = True
9.5015 	EXP 	Created text_6 = TextStim(__class__=<class 'psychopy.visual.text.TextStim'>, alignHoriz=method-wrapper(...), alignText='center', alignVert=method-wrapper(...), anchorHoriz='center', anchorVert='center', antialias=True, autoDraw=False, autoLog=True, bold=False, color=array([1., 1., 1.]), colorSpace='rgb', contrast=1.0, depth=-5.0, draggable=False, flipHoriz=False, flipVert=False, font='Open Sans', fontFiles=[], height=0.04, italic=False, languageStyle='LTR', name='text_6', opacity=1.0, ori=0.0, pos=array([ 0. , -0.2]), rgb=UNKNOWN, text='', units='height', win=Window(...), wrapWidth=1)
9.5015 	EXP 	window1: mouseVisible = True
9.5036 	EXP 	Created text_7 = TextStim(__class__=<class 'psychopy.visual.text.TextStim'>, alignHoriz=method-wrapper(...), alignText='center', alignVert=method-wrapper(...), anchorHoriz='center', anchorVert='center', antialias=True, autoDraw=False, autoLog=True, bold=False, color=array([1., 1., 1.]), colorSpace='rgb', contrast=1.0, depth=-6.0, draggable=False, flipHoriz=False, flipVert=False, font='Open Sans', fontFiles=[], height=0.04, italic=False, languageStyle='LTR', name='text_7', opacity=1.0, ori=0.0, pos=array([ 0. , -0.4]), rgb=UNKNOWN, text='Para salir, pulsa "space"', units='height', win=Window(...), wrapWidth=1)
0.0385 	EXP 	text_19: autoDraw = True
0.0385 	EXP 	image_11: autoDraw = True
5.0181 	EXP 	text_19: autoDraw = False
5.0181 	EXP 	image_11: autoDraw = False
5.0181 	EXP 	text_8: autoDraw = True
8.4903 	DATA 	Keypress: space
8.5002 	EXP 	text_8: autoDraw = False
8.5002 	EXP 	image_3: autoDraw = True
8.5002 	EXP 	image_4: autoDraw = True
8.5002 	EXP 	text_9: autoDraw = True
8.5002 	EXP 	text_10: autoDraw = True
9.6391 	DATA 	Keypress: right
9.6489 	EXP 	image_3: autoDraw = False
9.6489 	EXP 	image_4: autoDraw = False
9.6489 	EXP 	text_9: autoDraw = False
9.6489 	EXP 	text_10: autoDraw = False
9.6489 	EXP 	text_11: autoDraw = True
9.6489 	EXP 	text_12: autoDraw = True
9.6489 	EXP 	text_13: autoDraw = True
9.6489 	EXP 	text_14: autoDraw = True
9.6489 	EXP 	text_15: autoDraw = True
9.6489 	EXP 	text_16: autoDraw = True
9.6489 	EXP 	text_17: autoDraw = True
9.6489 	EXP 	image_5: autoDraw = True
9.6489 	EXP 	text_18: autoDraw = True
9.6489 	EXP 	image_6: autoDraw = True
9.6489 	EXP 	image_7: autoDraw = True
9.6489 	EXP 	image_8: autoDraw = True
9.6489 	EXP 	image_9: autoDraw = True
9.6489 	EXP 	image_10: autoDraw = True
9.9860 	DATA 	Keypress: left
10.3860 	DATA 	Keypress: right
11.4869 	DATA 	Keypress: space
11.5047 	EXP 	Imported trials_coche3.csv as conditions, 40 conditions, 14 params
11.5051 	EXP 	Created sequence: random, trialTypes=40, nReps=1, seed=None
11.5053 	EXP 	New trial (rep=0, index=0): OrderedDict([('imagen1', 'pngs\\49.png'), ('imagen2', 'pngs\\50.png'), ('hm1', 0), ('cp1', -1), ('ai1', 1), ('pa1', 1), ('vr1', 1), ('cl1', 0), ('hm2', 0), ('cp2', 1), ('ai2', -1), ('pa2', -1), ('vr2', -1), ('cl2', 0)])
11.6538 	EXP 	text_11: autoDraw = False
11.6538 	EXP 	text_12: autoDraw = False
11.6538 	EXP 	text_13: autoDraw = False
11.6538 	EXP 	text_14: autoDraw = False
11.6538 	EXP 	text_15: autoDraw = False
11.6538 	EXP 	text_16: autoDraw = False
11.6538 	EXP 	text_17: autoDraw = False
11.6538 	EXP 	image_5: autoDraw = False
11.6538 	EXP 	text_18: autoDraw = False
11.6538 	EXP 	image_6: autoDraw = False
11.6538 	EXP 	image_7: autoDraw = False
11.6538 	EXP 	image_8: autoDraw = False
11.6538 	EXP 	image_9: autoDraw = False
11.6538 	EXP 	image_10: autoDraw = False
11.6538 	EXP 	image: image = 'pngs\\49.png'
11.6538 	EXP 	image_2: image = 'pngs\\50.png'
11.6538 	EXP 	image: autoDraw = True
11.6538 	EXP 	image_2: autoDraw = True
12.5824 	EXP 	New trial (rep=0, index=1): OrderedDict([('imagen1', 'pngs\\9.png'), ('imagen2', 'pngs\\10.png'), ('hm1', 0), ('cp1', -1), ('ai1', 1), ('pa1', 0), ('vr1', 1), ('cl1', 0), ('hm2', 0), ('cp2', 1), ('ai2', -1), ('pa2', 0), ('vr2', -1), ('cl2', 0)])
12.7100 	DATA 	Keypress: right
12.7189 	EXP 	image: autoDraw = False
12.7189 	EXP 	image_2: autoDraw = False
12.7189 	EXP 	image: image = 'pngs\\9.png'
12.7189 	EXP 	image_2: image = 'pngs\\10.png'
12.7189 	EXP 	image: autoDraw = True
12.7189 	EXP 	image_2: autoDraw = True
12.7650 	EXP 	New trial (rep=0, index=2): OrderedDict([('imagen1', 'pngs\\43.png'), ('imagen2', 'pngs\\44.png'), ('hm1', 0), ('cp1', -1), ('ai1', 1), ('pa1', -1), ('vr1', -1), ('cl1', 0), ('hm2', 0), ('cp2', 1), ('ai2', -1), ('pa2', 1), ('vr2', 1), ('cl2', 0)])
12.9021 	DATA 	Keypress: right
12.9197 	EXP 	image: autoDraw = False
12.9197 	EXP 	image_2: autoDraw = False
12.9197 	EXP 	image: image = 'pngs\\43.png'
12.9197 	EXP 	image_2: image = 'pngs\\44.png'
12.9197 	EXP 	image: autoDraw = True
12.9197 	EXP 	image_2: autoDraw = True
12.9478 	EXP 	New trial (rep=0, index=3): OrderedDict([('imagen1', 'pngs\\41.png'), ('imagen2', 'pngs\\42.png'), ('hm1', 0), ('cp1', -1), ('ai1', 1), ('pa1', -1), ('vr1', 1), ('cl1', 0), ('hm2', 0), ('cp2', 1), ('ai2', -1), ('pa2', 1), ('vr2', -1), ('cl2', 0)])
13.0789 	DATA 	Keypress: right
13.0955 	EXP 	image: autoDraw = False
13.0955 	EXP 	image_2: autoDraw = False
13.0955 	EXP 	image: image = 'pngs\\41.png'
13.0955 	EXP 	image_2: image = 'pngs\\42.png'
13.0955 	EXP 	image: autoDraw = True
13.0955 	EXP 	image_2: autoDraw = True
13.1139 	EXP 	New trial (rep=0, index=4): OrderedDict([('imagen1', 'pngs\\79.png'), ('imagen2', 'pngs\\80.png'), ('hm1', 0), ('cp1', 1), ('ai1', 1), ('pa1', 0), ('vr1', 1), ('cl1', -1), ('hm2', 0), ('cp2', -1), ('ai2', -1), ('pa2', 0), ('vr2', -1), ('cl2', 1)])
13.2413 	DATA 	Keypress: right
13.2579 	EXP 	image: autoDraw = False
13.2579 	EXP 	image_2: autoDraw = False
13.2579 	EXP 	image: image = 'pngs\\79.png'
13.2579 	EXP 	image_2: image = 'pngs\\80.png'
13.2579 	EXP 	image: autoDraw = True
13.2579 	EXP 	image_2: autoDraw = True
13.2974 	EXP 	New trial (rep=0, index=5): OrderedDict([('imagen1', 'pngs\\31.png'), ('imagen2', 'pngs\\32.png'), ('hm1', -1), ('cp1', 1), ('ai1', 1), ('pa1', 0), ('vr1', 1), ('cl1', 0), ('hm2', 1), ('cp2', -1), ('ai2', -1), ('pa2', 0), ('vr2', -1), ('cl2', 0)])
13.4266 	DATA 	Keypress: left
13.4267 	DATA 	Keypress: right
13.4341 	EXP 	image: autoDraw = False
13.4341 	EXP 	image_2: autoDraw = False
13.4341 	EXP 	image: image = 'pngs\\31.png'
13.4341 	EXP 	image_2: image = 'pngs\\32.png'
13.4341 	EXP 	image: autoDraw = True
13.4341 	EXP 	image_2: autoDraw = True
13.6642 	EXP 	New trial (rep=0, index=6): OrderedDict([('imagen1', 'pngs\\33.png'), ('imagen2', 'pngs\\34.png'), ('hm1', 0), ('cp1', -1), ('ai1', 1), ('pa1', 0), ('vr1', 1), ('cl1', 0), ('hm2', 0), ('cp2', 1), ('ai2', -1), ('pa2', 0), ('vr2', -1), ('cl2', 0)])
13.7944 	DATA 	Keypress: left
13.8114 	EXP 	image: autoDraw = False
13.8114 	EXP 	image_2: autoDraw = False
13.8114 	EXP 	image: image = 'pngs\\33.png'
13.8114 	EXP 	image_2: image = 'pngs\\34.png'
13.8114 	EXP 	image: autoDraw = True
13.8114 	EXP 	image_2: autoDraw = True
13.8305 	EXP 	New trial (rep=0, index=7): OrderedDict([('imagen1', 'pngs\\15.png'), ('imagen2', 'pngs\\16.png'), ('hm1', 0), ('cp1', 1), ('ai1', 1), ('pa1', 0), ('vr1', 1), ('cl1', 0), ('hm2', 0), ('cp2', -1), ('ai2', -1), ('pa2', 0), ('vr2', -1), ('cl2', 0)])
13.9578 	DATA 	Keypress: left
13.9749 	EXP 	image: autoDraw = False
13.9749 	EXP 	image_2: autoDraw = False
13.9749 	EXP 	image: image = 'pngs\\15.png'
13.9749 	EXP 	image_2: image = 'pngs\\16.png'
13.9749 	EXP 	image: autoDraw = True
13.9749 	EXP 	image_2: autoDraw = True
13.9967 	EXP 	New trial (rep=0, index=8): OrderedDict([('imagen1', 'pngs\\17.png'), ('imagen2', 'pngs\\18.png'), ('hm1', -1), ('cp1', -1), ('ai1', 1), ('pa1', 0), ('vr1', 1), ('cl1', 0), ('hm2', 1), ('cp2', 1), ('ai2', -1), ('pa2', 0), ('vr2', -1), ('cl2', 0)])
14.1253 	DATA 	Keypress: left
14.1418 	EXP 	image: autoDraw = False
14.1418 	EXP 	image_2: autoDraw = False
14.1418 	EXP 	image: image = 'pngs\\17.png'
14.1418 	EXP 	image_2: image = 'pngs\\18.png'
14.1418 	EXP 	image: autoDraw = True
14.1418 	EXP 	image_2: autoDraw = True
14.1635 	EXP 	New trial (rep=0, index=9): OrderedDict([('imagen1', 'pngs\\23.png'), ('imagen2', 'pngs\\24.png'), ('hm1', 1), ('cp1', 1), ('ai1', 1), ('pa1', 0), ('vr1', 1), ('cl1', 0), ('hm2', -1), ('cp2', -1), ('ai2', -1), ('pa2', 0), ('vr2', -1), ('cl2', 0)])
14.2961 	DATA 	Keypress: left
14.3134 	EXP 	image: autoDraw = False
14.3134 	EXP 	image_2: autoDraw = False
14.3134 	EXP 	image: image = 'pngs\\23.png'
14.3134 	EXP 	image_2: image = 'pngs\\24.png'
14.3134 	EXP 	image: autoDraw = True
14.3134 	EXP 	image_2: autoDraw = True
14.3463 	EXP 	New trial (rep=0, index=10): OrderedDict([('imagen1', 'pngs\\53.png'), ('imagen2', 'pngs\\54.png'), ('hm1', 0), ('cp1', 1), ('ai1', 1), ('pa1', -1), ('vr1', -1), ('cl1', 0), ('hm2', 0), ('cp2', -1), ('ai2', -1), ('pa2', 1), ('vr2', 1), ('cl2', 0)])
14.4731 	DATA 	Keypress: right
14.4744 	DATA 	Keypress: left
14.4914 	EXP 	image: autoDraw = False
14.4914 	EXP 	image_2: autoDraw = False
14.4914 	EXP 	image: image = 'pngs\\53.png'
14.4914 	EXP 	image_2: image = 'pngs\\54.png'
14.4914 	EXP 	image: autoDraw = True
14.4914 	EXP 	image_2: autoDraw = True
14.6966 	EXP 	New trial (rep=0, index=11): OrderedDict([('imagen1', 'pngs\\19.png'), ('imagen2', 'pngs\\20.png'), ('hm1', -1), ('cp1', -1), ('ai1', 1), ('pa1', 0), ('vr1', -1), ('cl1', 0), ('hm2', 1), ('cp2', 1), ('ai2', -1), ('pa2', 0), ('vr2', 1), ('cl2', 0)])
14.8251 	DATA 	Keypress: left
14.8252 	DATA 	Keypress: right
14.8424 	EXP 	image: autoDraw = False
14.8424 	EXP 	image_2: autoDraw = False
14.8424 	EXP 	image: image = 'pngs\\19.png'
14.8424 	EXP 	image_2: image = 'pngs\\20.png'
14.8424 	EXP 	image: autoDraw = True
14.8424 	EXP 	image_2: autoDraw = True
14.8459 	DATA 	Keypress: left
14.9964 	EXP 	New trial (rep=0, index=12): OrderedDict([('imagen1', 'pngs\\71.png'), ('imagen2', 'pngs\\72.png'), ('hm1', 0), ('cp1', 1), ('ai1', 1), ('pa1', 0), ('vr1', 1), ('cl1', 1), ('hm2', 0), ('cp2', -1), ('ai2', -1), ('pa2', 0), ('vr2', -1), ('cl2', -1)])
15.1255 	DATA 	Keypress: right
15.1338 	EXP 	image: autoDraw = False
15.1338 	EXP 	image_2: autoDraw = False
15.1338 	EXP 	image: image = 'pngs\\71.png'
15.1338 	EXP 	image_2: image = 'pngs\\72.png'
15.1338 	EXP 	image: autoDraw = True
15.1338 	EXP 	image_2: autoDraw = True
15.1800 	EXP 	New trial (rep=0, index=13): OrderedDict([('imagen1', 'pngs\\59.png'), ('imagen2', 'pngs\\60.png'), ('hm1', 0), ('cp1', -1), ('ai1', 1), ('pa1', 0), ('vr1', -1), ('cl1', 0), ('hm2', 0), ('cp2', 1), ('ai2', -1), ('pa2', 0), ('vr2', 1), ('cl2', 0)])
15.3082 	DATA 	Keypress: right
15.3160 	EXP 	image: autoDraw = False
15.3160 	EXP 	image_2: autoDraw = False
15.3160 	EXP 	image: image = 'pngs\\59.png'
15.3160 	EXP 	image_2: image = 'pngs\\60.png'
15.3160 	EXP 	image: autoDraw = True
15.3160 	EXP 	image_2: autoDraw = True
15.3467 	DATA 	Keypress: right
15.3624 	EXP 	New trial (rep=0, index=14): OrderedDict([('imagen1', 'pngs\\55.png'), ('imagen2', 'pngs\\56.png'), ('hm1', 0), ('cp1', 1), ('ai1', 1), ('pa1', -1), ('vr1', 1), ('cl1', 0), ('hm2', 0), ('cp2', -1), ('ai2', -1), ('pa2', 1), ('vr2', -1), ('cl2', 0)])
15.5012 	EXP 	image: autoDraw = False
15.5012 	EXP 	image_2: autoDraw = False
15.5012 	EXP 	image: image = 'pngs\\55.png'
15.5012 	EXP 	image_2: image = 'pngs\\56.png'
15.5012 	EXP 	image: autoDraw = True
15.5012 	EXP 	image_2: autoDraw = True
15.6795 	EXP 	New trial (rep=0, index=15): OrderedDict([('imagen1', 'pngs\\11.png'), ('imagen2', 'pngs\\12.png'), ('hm1', 0), ('cp1', -1), ('ai1', 1), ('pa1', 0), ('vr1', -1), ('cl1', 0), ('hm2', 0), ('cp2', 1), ('ai2', -1), ('pa2', 0), ('vr2', 1), ('cl2', 0)])
15.8063 	DATA 	Keypress: right
15.8140 	EXP 	image: autoDraw = False
15.8140 	EXP 	image_2: autoDraw = False
15.8140 	EXP 	image: image = 'pngs\\11.png'
15.8140 	EXP 	image_2: image = 'pngs\\12.png'
15.8140 	EXP 	image: autoDraw = True
15.8140 	EXP 	image_2: autoDraw = True
15.8628 	EXP 	New trial (rep=0, index=16): OrderedDict([('imagen1', 'pngs\\45.png'), ('imagen2', 'pngs\\46.png'), ('hm1', 0), ('cp1', 1), ('ai1', 1), ('pa1', 1), ('vr1', -1), ('cl1', 0), ('hm2', 0), ('cp2', -1), ('ai2', -1), ('pa2', -1), ('vr2', 1), ('cl2', 0)])
15.9902 	DATA 	Keypress: right
16.0079 	EXP 	image: autoDraw = False
16.0079 	EXP 	image_2: autoDraw = False
16.0079 	EXP 	image: image = 'pngs\\45.png'
16.0079 	EXP 	image_2: image = 'pngs\\46.png'
16.0079 	EXP 	image: autoDraw = True
16.0079 	EXP 	image_2: autoDraw = True
16.0463 	EXP 	New trial (rep=0, index=17): OrderedDict([('imagen1', 'pngs\\5.png'), ('imagen2', 'pngs\\6.png'), ('hm1', 0), ('cp1', 1), ('ai1', 1), ('pa1', 0), ('vr1', -1), ('cl1', 0), ('hm2', 0), ('cp2', -1), ('ai2', -1), ('pa2', 0), ('vr2', 1), ('cl2', 0)])
16.1732 	DATA 	Keypress: right
16.1813 	EXP 	image: autoDraw = False
16.1813 	EXP 	image_2: autoDraw = False
16.1813 	EXP 	image: image = 'pngs\\5.png'
16.1813 	EXP 	image_2: image = 'pngs\\6.png'
16.1813 	EXP 	image: autoDraw = True
16.1813 	EXP 	image_2: autoDraw = True
16.2288 	EXP 	New trial (rep=0, index=18): OrderedDict([('imagen1', 'pngs\\47.png'), ('imagen2', 'pngs\\48.png'), ('hm1', 0), ('cp1', 1), ('ai1', 1), ('pa1', 1), ('vr1', 1), ('cl1', 0), ('hm2', 0), ('cp2', -1), ('ai2', -1), ('pa2', -1), ('vr2', -1), ('cl2', 0)])
16.3575 	DATA 	Keypress: right
16.3742 	EXP 	image: autoDraw = False
16.3742 	EXP 	image_2: autoDraw = False
16.3742 	EXP 	image: image = 'pngs\\47.png'
16.3742 	EXP 	image_2: image = 'pngs\\48.png'
16.3742 	EXP 	image: autoDraw = True
16.3742 	EXP 	image_2: autoDraw = True
16.4122 	EXP 	New trial (rep=0, index=19): OrderedDict([('imagen1', 'pngs\\27.png'), ('imagen2', 'pngs\\28.png'), ('hm1', 1), ('cp1', -1), ('ai1', 1), ('pa1', 0), ('vr1', -1), ('cl1', 0), ('hm2', -1), ('cp2', 1), ('ai2', -1), ('pa2', 0), ('vr2', 1), ('cl2', 0)])
16.5383 	DATA 	Keypress: right
16.5465 	EXP 	image: autoDraw = False
16.5465 	EXP 	image_2: autoDraw = False
16.5465 	EXP 	image: image = 'pngs\\27.png'
16.5465 	EXP 	image_2: image = 'pngs\\28.png'
16.5465 	EXP 	image: autoDraw = True
16.5465 	EXP 	image_2: autoDraw = True
16.6117 	EXP 	New trial (rep=0, index=20): OrderedDict([('imagen1', 'pngs\\57.png'), ('imagen2', 'pngs\\58.png'), ('hm1', 0), ('cp1', -1), ('ai1', 1), ('pa1', 0), ('vr1', 1), ('cl1', 0), ('hm2', 0), ('cp2', 1), ('ai2', -1), ('pa2', 0), ('vr2', -1), ('cl2', 0)])
16.7393 	DATA 	Keypress: right
16.7561 	EXP 	image: autoDraw = False
16.7561 	EXP 	image_2: autoDraw = False
16.7561 	EXP 	image: image = 'pngs\\57.png'
16.7561 	EXP 	image_2: image = 'pngs\\58.png'
16.7561 	EXP 	image: autoDraw = True
16.7561 	EXP 	image_2: autoDraw = True
16.7794 	EXP 	New trial (rep=0, index=21): OrderedDict([('imagen1', 'pngs\\21.png'), ('imagen2', 'pngs\\22.png'), ('hm1', 1), ('cp1', 1), ('ai1', 1), ('pa1', 0), ('vr1', -1), ('cl1', 0), ('hm2', -1), ('cp2', -1), ('ai2', -1), ('pa2', 0), ('vr2', 1), ('cl2', 0)])
16.9032 	DATA 	Keypress: right
16.9104 	EXP 	image: autoDraw = False
16.9104 	EXP 	image_2: autoDraw = False
16.9104 	EXP 	image: image = 'pngs\\21.png'
16.9104 	EXP 	image_2: image = 'pngs\\22.png'
16.9104 	EXP 	image: autoDraw = True
16.9104 	EXP 	image_2: autoDraw = True
16.9615 	EXP 	New trial (rep=0, index=22): OrderedDict([('imagen1', 'pngs\\37.png'), ('imagen2', 'pngs\\38.png'), ('hm1', 0), ('cp1', 1), ('ai1', 1), ('pa1', 0), ('vr1', -1), ('cl1', 0), ('hm2', 0), ('cp2', -1), ('ai2', -1), ('pa2', 0), ('vr2', 1), ('cl2', 0)])
17.0860 	DATA 	Keypress: right
17.0932 	EXP 	image: autoDraw = False
17.0932 	EXP 	image_2: autoDraw = False
17.0932 	EXP 	image: image = 'pngs\\37.png'
17.0932 	EXP 	image_2: image = 'pngs\\38.png'
17.0932 	EXP 	image: autoDraw = True
17.0932 	EXP 	image_2: autoDraw = True
17.1614 	EXP 	New trial (rep=0, index=23): OrderedDict([('imagen1', 'pngs\\3.png'), ('imagen2', 'pngs\\4.png'), ('hm1', 0), ('cp1', -1), ('ai1', 1), ('pa1', 0), ('vr1', -1), ('cl1', 0), ('hm2', 0), ('cp2', 1), ('ai2', -1), ('pa2', 0), ('vr2', 1), ('cl2', 0)])
17.2866 	DATA 	Keypress: right
17.3025 	EXP 	image: autoDraw = False
17.3025 	EXP 	image_2: autoDraw = False
17.3025 	EXP 	image: image = 'pngs\\3.png'
17.3025 	EXP 	image_2: image = 'pngs\\4.png'
17.3025 	EXP 	image: autoDraw = True
17.3025 	EXP 	image_2: autoDraw = True
17.3612 	EXP 	New trial (rep=0, index=24): OrderedDict([('imagen1', 'pngs\\13.png'), ('imagen2', 'pngs\\14.png'), ('hm1', 0), ('cp1', 1), ('ai1', 1), ('pa1', 0), ('vr1', -1), ('cl1', 0), ('hm2', 0), ('cp2', -1), ('ai2', -1), ('pa2', 0), ('vr2', 1), ('cl2', 0)])
17.4906 	DATA 	Keypress: right
17.5076 	EXP 	image: autoDraw = False
17.5076 	EXP 	image_2: autoDraw = False
17.5076 	EXP 	image: image = 'pngs\\13.png'
17.5076 	EXP 	image_2: image = 'pngs\\14.png'
17.5076 	EXP 	image: autoDraw = True
17.5076 	EXP 	image_2: autoDraw = True
17.5621 	EXP 	New trial (rep=0, index=25): OrderedDict([('imagen1', 'pngs\\65.png'), ('imagen2', 'pngs\\66.png'), ('hm1', 0), ('cp1', -1), ('ai1', 1), ('pa1', 0), ('vr1', 1), ('cl1', -1), ('hm2', 0), ('cp2', 1), ('ai2', -1), ('pa2', 0), ('vr2', -1), ('cl2', 1)])
17.6886 	DATA 	Keypress: right
17.6970 	EXP 	image: autoDraw = False
17.6970 	EXP 	image_2: autoDraw = False
17.6970 	EXP 	image: image = 'pngs\\65.png'
17.6970 	EXP 	image_2: image = 'pngs\\66.png'
17.6970 	EXP 	image: autoDraw = True
17.6970 	EXP 	image_2: autoDraw = True
17.7612 	EXP 	New trial (rep=0, index=26): OrderedDict([('imagen1', 'pngs\\61.png'), ('imagen2', 'pngs\\62.png'), ('hm1', 0), ('cp1', 1), ('ai1', 1), ('pa1', 0), ('vr1', -1), ('cl1', 0), ('hm2', 0), ('cp2', -1), ('ai2', -1), ('pa2', 0), ('vr2', 1), ('cl2', 0)])
17.8864 	DATA 	Keypress: right
17.8937 	EXP 	image: autoDraw = False
17.8937 	EXP 	image_2: autoDraw = False
17.8937 	EXP 	image: image = 'pngs\\61.png'
17.8937 	EXP 	image_2: image = 'pngs\\62.png'
17.8937 	EXP 	image: autoDraw = True
17.8937 	EXP 	image_2: autoDraw = True
17.9445 	EXP 	New trial (rep=0, index=27): OrderedDict([('imagen1', 'pngs\\51.png'), ('imagen2', 'pngs\\52.png'), ('hm1', 0), ('cp1', -1), ('ai1', 1), ('pa1', 1), ('vr1', -1), ('cl1', 0), ('hm2', 0), ('cp2', 1), ('ai2', -1), ('pa2', -1), ('vr2', 1), ('cl2', 0)])
18.0711 	DATA 	Keypress: right
18.0881 	EXP 	image: autoDraw = False
18.0881 	EXP 	image_2: autoDraw = False
18.0881 	EXP 	image: image = 'pngs\\51.png'
18.0881 	EXP 	image_2: image = 'pngs\\52.png'
18.0881 	EXP 	image: autoDraw = True
18.0881 	EXP 	image_2: autoDraw = True
18.1280 	EXP 	New trial (rep=0, index=28): OrderedDict([('imagen1', 'pngs\\39.png'), ('imagen2', 'pngs\\40.png'), ('hm1', 0), ('cp1', 1), ('ai1', 1), ('pa1', 0), ('vr1', 1), ('cl1', 0), ('hm2', 0), ('cp2', -1), ('ai2', -1), ('pa2', 0), ('vr2', -1), ('cl2', 0)])
18.2540 	DATA 	Keypress: right
18.2619 	EXP 	image: autoDraw = False
18.2619 	EXP 	image_2: autoDraw = False
18.2619 	EXP 	image: image = 'pngs\\39.png'
18.2619 	EXP 	image_2: image = 'pngs\\40.png'
18.2619 	EXP 	image: autoDraw = True
18.2619 	EXP 	image_2: autoDraw = True
18.3613 	EXP 	New trial (rep=0, index=29): OrderedDict([('imagen1', 'pngs\\7.png'), ('imagen2', 'pngs\\8.png'), ('hm1', 0), ('cp1', 1), ('ai1', 1), ('pa1', 0), ('vr1', 1), ('cl1', 0), ('hm2', 0), ('cp2', -1), ('ai2', -1), ('pa2', 0), ('vr2', -1), ('cl2', 0)])
18.4874 	DATA 	Keypress: right
18.4876 	DATA 	Keypress: left
18.4956 	EXP 	image: autoDraw = False
18.4956 	EXP 	image_2: autoDraw = False
18.4956 	EXP 	image: image = 'pngs\\7.png'
18.4956 	EXP 	image_2: image = 'pngs\\8.png'
18.4956 	EXP 	image: autoDraw = True
18.4956 	EXP 	image_2: autoDraw = True
18.6112 	EXP 	New trial (rep=0, index=30): OrderedDict([('imagen1', 'pngs\\35.png'), ('imagen2', 'pngs\\36.png'), ('hm1', 0), ('cp1', -1), ('ai1', 1), ('pa1', 0), ('vr1', -1), ('cl1', 0), ('hm2', 0), ('cp2', 1), ('ai2', -1), ('pa2', 0), ('vr2', 1), ('cl2', 0)])
18.7388 	DATA 	Keypress: left
18.7467 	EXP 	image: autoDraw = False
18.7467 	EXP 	image_2: autoDraw = False
18.7467 	EXP 	image: image = 'pngs\\35.png'
18.7467 	EXP 	image_2: image = 'pngs\\36.png'
18.7467 	EXP 	image: autoDraw = True
18.7467 	EXP 	image_2: autoDraw = True
18.7606 	EXP 	New trial (rep=0, index=31): OrderedDict([('imagen1', 'pngs\\67.png'), ('imagen2', 'pngs\\68.png'), ('hm1', 0), ('cp1', -1), ('ai1', 1), ('pa1', 0), ('vr1', -1), ('cl1', -1), ('hm2', 0), ('cp2', 1), ('ai2', -1), ('pa2', 0), ('vr2', 1), ('cl2', 1)])
18.8879 	DATA 	Keypress: left
18.8956 	EXP 	image: autoDraw = False
18.8956 	EXP 	image_2: autoDraw = False
18.8956 	EXP 	image: image = 'pngs\\67.png'
18.8956 	EXP 	image_2: image = 'pngs\\68.png'
18.8956 	EXP 	image: autoDraw = True
18.8956 	EXP 	image_2: autoDraw = True
18.9436 	EXP 	New trial (rep=0, index=32): OrderedDict([('imagen1', 'pngs\\63.png'), ('imagen2', 'pngs\\64.png'), ('hm1', 0), ('cp1', 1), ('ai1', 1), ('pa1', 0), ('vr1', 1), ('cl1', 0), ('hm2', 0), ('cp2', -1), ('ai2', -1), ('pa2', 0), ('vr2', -1), ('cl2', 0)])
19.0693 	DATA 	Keypress: left
19.0768 	EXP 	image: autoDraw = False
19.0768 	EXP 	image_2: autoDraw = False
19.0768 	EXP 	image: image = 'pngs\\63.png'
19.0768 	EXP 	image_2: image = 'pngs\\64.png'
19.0768 	EXP 	image: autoDraw = True
19.0768 	EXP 	image_2: autoDraw = True
19.1101 	EXP 	New trial (rep=0, index=33): OrderedDict([('imagen1', 'pngs\\29.png'), ('imagen2', 'pngs\\30.png'), ('hm1', -1), ('cp1', 1), ('ai1', 1), ('pa1', 0), ('vr1', -1), ('cl1', 0), ('hm2', 1), ('cp2', -1), ('ai2', -1), ('pa2', 0), ('vr2', 1), ('cl2', 0)])
19.2335 	DATA 	Keypress: left
19.2504 	EXP 	image: autoDraw = False
19.2504 	EXP 	image_2: autoDraw = False
19.2504 	EXP 	image: image = 'pngs\\29.png'
19.2504 	EXP 	image_2: image = 'pngs\\30.png'
19.2504 	EXP 	image: autoDraw = True
19.2504 	EXP 	image_2: autoDraw = True
19.3283 	EXP 	New trial (rep=0, index=34): OrderedDict([('imagen1', 'pngs\\73.png'), ('imagen2', 'pngs\\74.png'), ('hm1', 0), ('cp1', -1), ('ai1', 1), ('pa1', 0), ('vr1', 1), ('cl1', 1), ('hm2', 0), ('cp2', 1), ('ai2', -1), ('pa2', 0), ('vr2', -1), ('cl2', -1)])
19.4543 	DATA 	Keypress: left
19.4620 	EXP 	image: autoDraw = False
19.4620 	EXP 	image_2: autoDraw = False
19.4620 	EXP 	image: image = 'pngs\\73.png'
19.4620 	EXP 	image_2: image = 'pngs\\74.png'
19.4620 	EXP 	image: autoDraw = True
19.4620 	EXP 	image_2: autoDraw = True
19.5097 	EXP 	New trial (rep=0, index=35): OrderedDict([('imagen1', 'pngs\\25.png'), ('imagen2', 'pngs\\26.png'), ('hm1', 1), ('cp1', -1), ('ai1', 1), ('pa1', 0), ('vr1', 1), ('cl1', 0), ('hm2', -1), ('cp2', 1), ('ai2', -1), ('pa2', 0), ('vr2', -1), ('cl2', 0)])
19.6332 	DATA 	Keypress: left
19.6407 	EXP 	image: autoDraw = False
19.6407 	EXP 	image_2: autoDraw = False
19.6407 	EXP 	image: image = 'pngs\\25.png'
19.6407 	EXP 	image_2: image = 'pngs\\26.png'
19.6407 	EXP 	image: autoDraw = True
19.6407 	EXP 	image_2: autoDraw = True
19.7097 	EXP 	New trial (rep=0, index=36): OrderedDict([('imagen1', 'pngs\\75.png'), ('imagen2', 'pngs\\76.png'), ('hm1', 0), ('cp1', -1), ('ai1', 1), ('pa1', 0), ('vr1', -1), ('cl1', 1), ('hm2', 0), ('cp2', 1), ('ai2', -1), ('pa2', 0), ('vr2', 1), ('cl2', -1)])
19.8372 	DATA 	Keypress: left
19.8540 	EXP 	image: autoDraw = False
19.8540 	EXP 	image_2: autoDraw = False
19.8540 	EXP 	image: image = 'pngs\\75.png'
19.8540 	EXP 	image_2: image = 'pngs\\76.png'
19.8540 	EXP 	image: autoDraw = True
19.8540 	EXP 	image_2: autoDraw = True
19.8769 	EXP 	New trial (rep=0, index=37): OrderedDict([('imagen1', 'pngs\\1.png'), ('imagen2', 'pngs\\2.png'), ('hm1', 0), ('cp1', -1), ('ai1', 1), ('pa1', 0), ('vr1', 1), ('cl1', 0), ('hm2', 0), ('cp2', 1), ('ai2', -1), ('pa2', 0), ('vr2', -1), ('cl2', 0)])
20.0034 	DATA 	Keypress: left
20.0206 	EXP 	image: autoDraw = False
20.0206 	EXP 	image_2: autoDraw = False
20.0206 	EXP 	image: image = 'pngs\\1.png'
20.0206 	EXP 	image_2: image = 'pngs\\2.png'
20.0206 	EXP 	image: autoDraw = True
20.0206 	EXP 	image_2: autoDraw = True
20.0767 	EXP 	New trial (rep=0, index=38): OrderedDict([('imagen1', 'pngs\\77.png'), ('imagen2', 'pngs\\78.png'), ('hm1', 0), ('cp1', 1), ('ai1', 1), ('pa1', 0), ('vr1', -1), ('cl1', -1), ('hm2', 0), ('cp2', -1), ('ai2', -1), ('pa2', 0), ('vr2', 1), ('cl2', 1)])
20.2028 	DATA 	Keypress: left
20.2105 	EXP 	image: autoDraw = False
20.2105 	EXP 	image_2: autoDraw = False
20.2105 	EXP 	image: image = 'pngs\\77.png'
20.2105 	EXP 	image_2: image = 'pngs\\78.png'
20.2105 	EXP 	image: autoDraw = True
20.2105 	EXP 	image_2: autoDraw = True
20.2933 	EXP 	New trial (rep=0, index=39): OrderedDict([('imagen1', 'pngs\\69.png'), ('imagen2', 'pngs\\70.png'), ('hm1', 0), ('cp1', 1), ('ai1', 1), ('pa1', 0), ('vr1', -1), ('cl1', 1), ('hm2', 0), ('cp2', -1), ('ai2', -1), ('pa2', 0), ('vr2', 1), ('cl2', -1)])
20.4204 	DATA 	Keypress: left
20.4283 	EXP 	image: autoDraw = False
20.4283 	EXP 	image_2: autoDraw = False
20.4283 	EXP 	image: image = 'pngs\\69.png'
20.4283 	EXP 	image_2: image = 'pngs\\70.png'
20.4283 	EXP 	image: autoDraw = True
20.4283 	EXP 	image_2: autoDraw = True
20.5138 	DATA 	Keypress: left
20.5154 	EXP 	image: autoDraw = False
20.5154 	EXP 	image_2: autoDraw = False
20.5154 	EXP 	text: height = 0.04
20.5154 	EXP 	text: height = 0.04
20.5154 	EXP 	text: height = 0.04
20.5154 	EXP 	text: text = 'Salvar hombres antes que mujeres = 25.0%'
20.5154 	EXP 	text_2: height = 0.04
20.5154 	EXP 	text_2: height = 0.04
20.5154 	EXP 	text_2: height = 0.04
20.5154 	EXP 	text_2: text = 'Salvar conductor antes que peatón = 52.5%'
20.5154 	EXP 	text_3: height = 0.04
20.5154 	EXP 	text_3: height = 0.04
20.5154 	EXP 	text_3: height = 0.04
20.5154 	EXP 	text_3: text = 'Dejar que el coche vaya recto = 42.5%'
20.5154 	EXP 	text_4: height = 0.04
20.5154 	EXP 	text_4: height = 0.04
20.5154 	EXP 	text_4: height = 0.04
20.5154 	EXP 	text_4: text = 'Salvar personas antes que animales = 37.5%'
20.5154 	EXP 	text_5: height = 0.04
20.5154 	EXP 	text_5: height = 0.04
20.5154 	EXP 	text_5: height = 0.04
20.5154 	EXP 	text_5: text = 'Salvar a quien respeta la ley = 57.5%'
20.5154 	EXP 	text_6: height = 0.04
20.5154 	EXP 	text_6: height = 0.04
20.5154 	EXP 	text_6: height = 0.04
20.5154 	EXP 	text_6: text = 'Salvar a cívicos antes que ladrones = 50.0%'
20.5154 	EXP 	text: autoDraw = True
20.5154 	EXP 	text_2: autoDraw = True
20.5154 	EXP 	text_3: autoDraw = True
20.5154 	EXP 	text_4: autoDraw = True
20.5154 	EXP 	text_5: autoDraw = True
20.5154 	EXP 	text_6: autoDraw = True
20.5154 	EXP 	text_7: autoDraw = True
20.6783 	DATA 	Keypress: left
21.1267 	DATA 	Keypress: space
21.1417 	EXP 	text: autoDraw = False
21.1417 	EXP 	text_2: autoDraw = False
21.1417 	EXP 	text_3: autoDraw = False
21.1417 	EXP 	text_4: autoDraw = False
21.1417 	EXP 	text_5: autoDraw = False
21.1417 	EXP 	text_6: autoDraw = False
21.1417 	EXP 	text_7: autoDraw = False
21.1419 	EXP 	tarea_coche_autonomo: status = STOPPED
21.1961 	EXP 	window1: mouseVisible = True
