5.1919 	WARNING 	User requested fullscreen with size [1536  864], but screen is actually [1920, 1080]. Using actual size
5.8027 	EXP 	Created window1 = Window(allowGUI=True, allowStencil=False, autoLog=True, backendConf=UNKNOWN, backgroundFit=<method-wrapper '__getattribute__' of attributeSetter object at 0x0000026488708CA0>, backgroundImage=<method-wrapper '__getattribute__' of attributeSetter object at 0x0000026488708C40>, bitsMode=UNKNOWN, blendMode='avg', bpc=(8, 8, 8), color=array([0, 0, 0]), colorSpace='rgb', depthBits=8, fullscr=<method-wrapper '__getattribute__' of attributeSetter object at 0x0000026488708A90>, gamma=None, gammaErrorPolicy='raise', lms=UNKNOWN, monitor=<psychopy.monitors.calibTools.Monitor object at 0x0000026488C4F7C0>, multiSample=False, name='window1', numSamples=2, pos=(1920, 789), screen=0, size=array([1920, 1080]), stencilBits=0, stereo=False, title='PsychoPy', units='height', useFBO=True, useRetina=False, viewOri=0.0, viewPos=None, viewScale=None, waitBlanking=True, winType='pyglet')
5.8029 	EXP 	window1: mouseVisible = True
5.8029 	EXP 	window1: backgroundImage = ''
5.8030 	EXP 	window1: backgroundFit = 'none'
5.8047 	EXP 	window1: Attempting to measure frame rate of screen (0) ...
5.8047 	EXP 	window1: recordFrameIntervals = False
5.9687 	EXP 	window1: recordFrameIntervals = True
6.1522 	EXP 	Screen (0) actual frame rate measured at 59.94Hz
6.1522 	EXP 	window1: recordFrameIntervals = False
6.1523 	EXP 	window1: mouseVisible = False
7.9344 	EXP 	tarea_coche_autonomo: status = STARTED
7.9345 	EXP 	window1: mouseVisible = True
9.4192 	EXP 	Created image_11 = ImageStim(__class__=<class 'psychopy.visual.image.ImageStim'>, anchor=('center', 'center'), autoLog=True, color=array([1., 1., 1.]), colorSpace='rgb', contrast=1.0, depth=0.0, draggable=False, flipHoriz=False, flipVert=False, image='pngs/portada.jpg', interpolate=True, mask=None, maskParams=None, name='image_11', opacity=1.0, ori=0.0, pos=array([0., 0.]), size=array([2., 1.]), texRes=128.0, units='height', win=Window(...))
9.4195 	EXP 	window1: mouseVisible = True
9.5223 	EXP 	Created text_19 = TextStim(__class__=<class 'psychopy.visual.text.TextStim'>, alignHoriz=method-wrapper(...), alignText='center', alignVert=method-wrapper(...), anchorHoriz='center', anchorVert='center', antialias=True, autoDraw=False, autoLog=True, bold=False, color=array([-1., -1., -1.]), colorSpace='rgb', contrast=1.0, depth=-1.0, draggable=False, flipHoriz=False, flipVert=False, font='Open Sans', fontFiles=[], height=0.08, italic=False, languageStyle='LTR', name='text_19', opacity=1.0, ori=0.0, pos=array([-0.2 ,  0.18]), rgb=UNKNOWN, text='Experimento del coche autónomo', units='height', win=Window(...), wrapWidth=1)
9.5224 	EXP 	window1: mouseVisible = True
9.5438 	EXP 	Created text_8 = TextStim(__class__=<class 'psychopy.visual.text.TextStim'>, alignHoriz=method-wrapper(...), alignText='center', alignVert=method-wrapper(...), anchorHoriz='center', anchorVert='center', antialias=True, autoDraw=False, autoLog=True, bold=False, color=array([1., 1., 1.]), colorSpace='rgb', contrast=1.0, depth=0.0, draggable=False, flipHoriz=False, flipVert=False, font='Open Sans', fontFiles=[], height=0.04, italic=False, languageStyle='LTR', name='text_8', opacity=1.0, ori=0.0, pos=array([0., 0.]), rgb=UNKNOWN, text=str(...), units='height', win=Window(...), wrapWidth=1)
9.5439 	EXP 	window1: mouseVisible = True
9.8004 	EXP 	Created image_3 = ImageStim(__class__=<class 'psychopy.visual.image.ImageStim'>, anchor=('center', 'center'), autoLog=True, color=array([1., 1., 1.]), colorSpace='rgb', contrast=1.0, depth=0.0, draggable=False, flipHoriz=False, flipVert=False, image='pngs/41.png', interpolate=True, mask=None, maskParams=None, name='image_3', opacity=1.0, ori=0.0, pos=array([-0.53, -0.1 ]), size=array([0.4, 0.8]), texRes=128.0, units='height', win=Window(...))
9.8004 	EXP 	window1: mouseVisible = True
10.0743 	EXP 	Created image_4 = ImageStim(__class__=<class 'psychopy.visual.image.ImageStim'>, anchor=('center', 'center'), autoLog=True, color=array([1., 1., 1.]), colorSpace='rgb', contrast=1.0, depth=-1.0, draggable=False, flipHoriz=False, flipVert=False, image='pngs/42.png', interpolate=True, mask=None, maskParams=None, name='image_4', opacity=1.0, ori=0.0, pos=array([ 0.53, -0.1 ]), size=array([0.4, 0.8]), texRes=128.0, units='height', win=Window(...))
10.0744 	EXP 	window1: mouseVisible = True
10.0782 	EXP 	Created text_9 = TextStim(__class__=<class 'psychopy.visual.text.TextStim'>, alignHoriz=method-wrapper(...), alignText='center', alignVert=method-wrapper(...), anchorHoriz='center', anchorVert='center', antialias=True, autoDraw=False, autoLog=True, bold=False, color=array([1., 1., 1.]), colorSpace='rgb', contrast=1.0, depth=-3.0, draggable=False, flipHoriz=False, flipVert=False, font='Open Sans', fontFiles=[], height=0.04, italic=False, languageStyle='LTR', name='text_9', opacity=1.0, ori=0.0, pos=array([ 0.  , -0.25]), rgb=UNKNOWN, text=str(...), units='height', win=Window(...), wrapWidth=1)
10.0784 	EXP 	window1: mouseVisible = True
10.0824 	EXP 	Created text_10 = TextStim(__class__=<class 'psychopy.visual.text.TextStim'>, alignHoriz=method-wrapper(...), alignText='center', alignVert=method-wrapper(...), anchorHoriz='center', anchorVert='center', antialias=True, autoDraw=False, autoLog=True, bold=False, color=array([1., 1., 1.]), colorSpace='rgb', contrast=1.0, depth=-4.0, draggable=False, flipHoriz=False, flipVert=False, font='Open Sans', fontFiles=[], height=0.04, italic=False, languageStyle='LTR', name='text_10', opacity=1.0, ori=0.0, pos=array([0. , 0.4]), rgb=UNKNOWN, text=str(...), units='height', win=Window(...), wrapWidth=1)
10.0825 	EXP 	window1: mouseVisible = True
10.0970 	EXP 	Created text_11 = TextStim(__class__=<class 'psychopy.visual.text.TextStim'>, alignHoriz=method-wrapper(...), alignText='center', alignVert=method-wrapper(...), anchorHoriz='center', anchorVert='center', antialias=True, autoDraw=False, autoLog=True, bold=False, color=array([1., 1., 1.]), colorSpace='rgb', contrast=1.0, depth=0.0, draggable=False, flipHoriz=False, flipVert=False, font='Open Sans', fontFiles=[], height=0.04, italic=False, languageStyle='LTR', name='text_11', opacity=1.0, ori=0.0, pos=array([0. , 0.4]), rgb=UNKNOWN, text=str(...), units='height', win=Window(...), wrapWidth=1)
10.0978 	EXP 	window1: mouseVisible = True
10.1010 	EXP 	Created text_12 = TextStim(__class__=<class 'psychopy.visual.text.TextStim'>, alignHoriz=method-wrapper(...), alignText='center', alignVert=method-wrapper(...), anchorHoriz='center', anchorVert='center', antialias=True, autoDraw=False, autoLog=True, bold=False, color=array([1., 1., 1.]), colorSpace='rgb', contrast=1.0, depth=-1.0, draggable=False, flipHoriz=False, flipVert=False, font='Open Sans', fontFiles=[], height=0.04, italic=False, languageStyle='LTR', name='text_12', opacity=1.0, ori=0.0, pos=array([-0.5 ,  0.25]), rgb=UNKNOWN, text='hombre', units='height', win=Window(...), wrapWidth=1)
10.1011 	EXP 	window1: mouseVisible = True
10.1028 	EXP 	Created text_13 = TextStim(__class__=<class 'psychopy.visual.text.TextStim'>, alignHoriz=method-wrapper(...), alignText='center', alignVert=method-wrapper(...), anchorHoriz='center', anchorVert='center', antialias=True, autoDraw=False, autoLog=True, bold=False, color=array([1., 1., 1.]), colorSpace='rgb', contrast=1.0, depth=-2.0, draggable=False, flipHoriz=False, flipVert=False, font='Open Sans', fontFiles=[], height=0.04, italic=False, languageStyle='LTR', name='text_13', opacity=1.0, ori=0.0, pos=array([-0.5,  0. ]), rgb=UNKNOWN, text='mujer', units='height', win=Window(...), wrapWidth=1)
10.1029 	EXP 	window1: mouseVisible = True
10.1046 	EXP 	Created text_14 = TextStim(__class__=<class 'psychopy.visual.text.TextStim'>, alignHoriz=method-wrapper(...), alignText='center', alignVert=method-wrapper(...), anchorHoriz='center', anchorVert='center', antialias=True, autoDraw=False, autoLog=True, bold=False, color=array([1., 1., 1.]), colorSpace='rgb', contrast=1.0, depth=-3.0, draggable=False, flipHoriz=False, flipVert=False, font='Open Sans', fontFiles=[], height=0.04, italic=False, languageStyle='LTR', name='text_14', opacity=1.0, ori=0.0, pos=array([-0.5 , -0.25]), rgb=UNKNOWN, text='delincuente', units='height', win=Window(...), wrapWidth=1)
10.1047 	EXP 	window1: mouseVisible = True
10.1062 	EXP 	Created text_15 = TextStim(__class__=<class 'psychopy.visual.text.TextStim'>, alignHoriz=method-wrapper(...), alignText='center', alignVert=method-wrapper(...), anchorHoriz='center', anchorVert='center', antialias=True, autoDraw=False, autoLog=True, bold=False, color=array([1., 1., 1.]), colorSpace='rgb', contrast=1.0, depth=-4.0, draggable=False, flipHoriz=False, flipVert=False, font='Open Sans', fontFiles=[], height=0.04, italic=False, languageStyle='LTR', name='text_15', opacity=1.0, ori=0.0, pos=array([0.5 , 0.25]), rgb=UNKNOWN, text='animal', units='height', win=Window(...), wrapWidth=1)
10.1063 	EXP 	window1: mouseVisible = True
10.1082 	EXP 	Created text_16 = TextStim(__class__=<class 'psychopy.visual.text.TextStim'>, alignHoriz=method-wrapper(...), alignText='center', alignVert=method-wrapper(...), anchorHoriz='center', anchorVert='center', antialias=True, autoDraw=False, autoLog=True, bold=False, color=array([1., 1., 1.]), colorSpace='rgb', contrast=1.0, depth=-5.0, draggable=False, flipHoriz=False, flipVert=False, font='Open Sans', fontFiles=[], height=0.04, italic=False, languageStyle='LTR', name='text_16', opacity=1.0, ori=0.0, pos=array([0.5, 0. ]), rgb=UNKNOWN, text='peatón puede cruzar', units='height', win=Window(...), wrapWidth=1)
10.1083 	EXP 	window1: mouseVisible = True
10.1104 	EXP 	Created text_17 = TextStim(__class__=<class 'psychopy.visual.text.TextStim'>, alignHoriz=method-wrapper(...), alignText='center', alignVert=method-wrapper(...), anchorHoriz='center', anchorVert='center', antialias=True, autoDraw=False, autoLog=True, bold=False, color=array([1., 1., 1.]), colorSpace='rgb', contrast=1.0, depth=-6.0, draggable=False, flipHoriz=False, flipVert=False, font='Open Sans', fontFiles=[], height=0.04, italic=False, languageStyle='LTR', name='text_17', opacity=1.0, ori=0.0, pos=array([ 0.5 , -0.25]), rgb=UNKNOWN, text='peatón no puede cruzar', units='height', win=Window(...), wrapWidth=1)
10.1105 	EXP 	window1: mouseVisible = True
10.1143 	EXP 	Created image_5 = ImageStim(__class__=<class 'psychopy.visual.image.ImageStim'>, anchor=('center', 'center'), autoLog=True, color=array([1., 1., 1.]), colorSpace='rgb', contrast=1.0, depth=-7.0, draggable=False, flipHoriz=False, flipVert=False, image='pngs/hombre.png', interpolate=True, mask=None, maskParams=None, name='image_5', opacity=1.0, ori=0.0, pos=array([-0.65,  0.25]), size=array([0.12, 0.12]), texRes=128.0, units='height', win=Window(...))
10.1145 	EXP 	window1: mouseVisible = True
10.1183 	EXP 	Created text_18 = TextStim(__class__=<class 'psychopy.visual.text.TextStim'>, alignHoriz=method-wrapper(...), alignText='center', alignVert=method-wrapper(...), anchorHoriz='center', anchorVert='center', antialias=True, autoDraw=False, autoLog=True, bold=False, color=array([1., 1., 1.]), colorSpace='rgb', contrast=1.0, depth=-9.0, draggable=False, flipHoriz=False, flipVert=False, font='Open Sans', fontFiles=[], height=0.04, italic=False, languageStyle='LTR', name='text_18', opacity=1.0, ori=0.0, pos=array([ 0. , -0.4]), rgb=UNKNOWN, text='¡Pulsa "space" para empezar!', units='height', win=Window(...), wrapWidth=1)
10.1184 	EXP 	window1: mouseVisible = True
10.1221 	EXP 	Created image_6 = ImageStim(__class__=<class 'psychopy.visual.image.ImageStim'>, anchor=('center', 'center'), autoLog=True, color=array([1., 1., 1.]), colorSpace='rgb', contrast=1.0, depth=-10.0, draggable=False, flipHoriz=False, flipVert=False, image='pngs/mujer.png', interpolate=True, mask=None, maskParams=None, name='image_6', opacity=1.0, ori=0.0, pos=array([-0.7,  0. ]), size=array([0.15, 0.15]), texRes=128.0, units='height', win=Window(...))
10.1222 	EXP 	window1: mouseVisible = True
10.1259 	EXP 	Created image_7 = ImageStim(__class__=<class 'psychopy.visual.image.ImageStim'>, anchor=('center', 'center'), autoLog=True, color=array([1., 1., 1.]), colorSpace='rgb', contrast=1.0, depth=-11.0, draggable=False, flipHoriz=False, flipVert=False, image='pngs/delincuente.png', interpolate=True, mask=None, maskParams=None, name='image_7', opacity=1.0, ori=0.0, pos=array([-0.7 , -0.25]), size=array([0.15, 0.12]), texRes=128.0, units='height', win=Window(...))
10.1260 	EXP 	window1: mouseVisible = True
10.1312 	EXP 	Created image_8 = ImageStim(__class__=<class 'psychopy.visual.image.ImageStim'>, anchor=('center', 'center'), autoLog=True, color=array([1., 1., 1.]), colorSpace='rgb', contrast=1.0, depth=-12.0, draggable=False, flipHoriz=False, flipVert=False, image='pngs/animal.png', interpolate=True, mask=None, maskParams=None, name='image_8', opacity=1.0, ori=0.0, pos=array([0.3 , 0.25]), size=array([0.15, 0.15]), texRes=128.0, units='height', win=Window(...))
10.1313 	EXP 	window1: mouseVisible = True
10.1356 	EXP 	Created image_9 = ImageStim(__class__=<class 'psychopy.visual.image.ImageStim'>, anchor=('center', 'center'), autoLog=True, color=array([1., 1., 1.]), colorSpace='rgb', contrast=1.0, depth=-13.0, draggable=False, flipHoriz=False, flipVert=False, image='pngs/peaton_verde.png', interpolate=True, mask=None, maskParams=None, name='image_9', opacity=1.0, ori=0.0, pos=array([0.2, 0. ]), size=array([0.1 , 0.15]), texRes=128.0, units='height', win=Window(...))
10.1357 	EXP 	window1: mouseVisible = True
10.1395 	EXP 	Created image_10 = ImageStim(__class__=<class 'psychopy.visual.image.ImageStim'>, anchor=('center', 'center'), autoLog=True, color=array([1., 1., 1.]), colorSpace='rgb', contrast=1.0, depth=-14.0, draggable=False, flipHoriz=False, flipVert=False, image='pngs/peaton_rojo.png', interpolate=True, mask=None, maskParams=None, name='image_10', opacity=1.0, ori=0.0, pos=array([ 0.2 , -0.25]), size=array([0.1 , 0.15]), texRes=128.0, units='height', win=Window(...))
10.1396 	EXP 	window1: mouseVisible = True
10.1477 	EXP 	Created image = ImageStim(__class__=<class 'psychopy.visual.image.ImageStim'>, anchor=('center', 'center'), autoLog=True, color=array([1., 1., 1.]), colorSpace='rgb', contrast=1.0, depth=0.0, draggable=False, flipHoriz=False, flipVert=False, image='default.png', interpolate=True, mask=None, maskParams=None, name='image', opacity=1.0, ori=0.0, pos=array([-0.5,  0. ]), size=array([0.6, 1. ]), texRes=128.0, units='height', win=Window(...))
10.1478 	EXP 	window1: mouseVisible = True
10.1555 	EXP 	Created image_2 = ImageStim(__class__=<class 'psychopy.visual.image.ImageStim'>, anchor=('center', 'center'), autoLog=True, color=array([1., 1., 1.]), colorSpace='rgb', contrast=1.0, depth=-1.0, draggable=False, flipHoriz=False, flipVert=False, image='default.png', interpolate=True, mask=None, maskParams=None, name='image_2', opacity=1.0, ori=0.0, pos=array([0.5, 0. ]), size=array([0.6, 1. ]), texRes=128.0, units='height', win=Window(...))
10.1556 	EXP 	window1: mouseVisible = True
10.1564 	EXP 	Created text = TextStim(__class__=<class 'psychopy.visual.text.TextStim'>, alignHoriz=method-wrapper(...), alignText='center', alignVert=method-wrapper(...), anchorHoriz='center', anchorVert='center', antialias=True, autoDraw=False, autoLog=True, bold=False, color=array([1., 1., 1.]), colorSpace='rgb', contrast=1.0, depth=0.0, draggable=False, flipHoriz=False, flipVert=False, font='Open Sans', fontFiles=[], height=0.04, italic=False, languageStyle='LTR', name='text', opacity=1.0, ori=0.0, pos=array([0. , 0.3]), rgb=UNKNOWN, text='', units='height', win=Window(...), wrapWidth=1)
10.1564 	EXP 	window1: mouseVisible = True
10.1571 	EXP 	Created text_2 = TextStim(__class__=<class 'psychopy.visual.text.TextStim'>, alignHoriz=method-wrapper(...), alignText='center', alignVert=method-wrapper(...), anchorHoriz='center', anchorVert='center', antialias=True, autoDraw=False, autoLog=True, bold=False, color=array([1., 1., 1.]), colorSpace='rgb', contrast=1.0, depth=-1.0, draggable=False, flipHoriz=False, flipVert=False, font='Open Sans', fontFiles=[], height=0.04, italic=False, languageStyle='LTR', name='text_2', opacity=1.0, ori=0.0, pos=array([0. , 0.2]), rgb=UNKNOWN, text='', units='height', win=Window(...), wrapWidth=1)
10.1572 	EXP 	window1: mouseVisible = True
10.1578 	EXP 	Created text_3 = TextStim(__class__=<class 'psychopy.visual.text.TextStim'>, alignHoriz=method-wrapper(...), alignText='center', alignVert=method-wrapper(...), anchorHoriz='center', anchorVert='center', antialias=True, autoDraw=False, autoLog=True, bold=False, color=array([1., 1., 1.]), colorSpace='rgb', contrast=1.0, depth=-2.0, draggable=False, flipHoriz=False, flipVert=False, font='Open Sans', fontFiles=[], height=0.04, italic=False, languageStyle='LTR', name='text_3', opacity=1.0, ori=0.0, pos=array([0. , 0.1]), rgb=UNKNOWN, text='', units='height', win=Window(...), wrapWidth=1)
10.1579 	EXP 	window1: mouseVisible = True
10.1586 	EXP 	Created text_4 = TextStim(__class__=<class 'psychopy.visual.text.TextStim'>, alignHoriz=method-wrapper(...), alignText='center', alignVert=method-wrapper(...), anchorHoriz='center', anchorVert='center', antialias=True, autoDraw=False, autoLog=True, bold=False, color=array([1., 1., 1.]), colorSpace='rgb', contrast=1.0, depth=-3.0, draggable=False, flipHoriz=False, flipVert=False, font='Open Sans', fontFiles=[], height=0.04, italic=False, languageStyle='LTR', name='text_4', opacity=1.0, ori=0.0, pos=array([0., 0.]), rgb=UNKNOWN, text='', units='height', win=Window(...), wrapWidth=1)
10.1586 	EXP 	window1: mouseVisible = True
10.1593 	EXP 	Created text_5 = TextStim(__class__=<class 'psychopy.visual.text.TextStim'>, alignHoriz=method-wrapper(...), alignText='center', alignVert=method-wrapper(...), anchorHoriz='center', anchorVert='center', antialias=True, autoDraw=False, autoLog=True, bold=False, color=array([1., 1., 1.]), colorSpace='rgb', contrast=1.0, depth=-4.0, draggable=False, flipHoriz=False, flipVert=False, font='Open Sans', fontFiles=[], height=0.04, italic=False, languageStyle='LTR', name='text_5', opacity=1.0, ori=0.0, pos=array([ 0. , -0.1]), rgb=UNKNOWN, text='', units='height', win=Window(...), wrapWidth=1)
10.1593 	EXP 	window1: mouseVisible = True
10.1600 	EXP 	Created text_6 = TextStim(__class__=<class 'psychopy.visual.text.TextStim'>, alignHoriz=method-wrapper(...), alignText='center', alignVert=method-wrapper(...), anchorHoriz='center', anchorVert='center', antialias=True, autoDraw=False, autoLog=True, bold=False, color=array([1., 1., 1.]), colorSpace='rgb', contrast=1.0, depth=-5.0, draggable=False, flipHoriz=False, flipVert=False, font='Open Sans', fontFiles=[], height=0.04, italic=False, languageStyle='LTR', name='text_6', opacity=1.0, ori=0.0, pos=array([ 0. , -0.2]), rgb=UNKNOWN, text='', units='height', win=Window(...), wrapWidth=1)
10.1600 	EXP 	window1: mouseVisible = True
10.1628 	EXP 	Created text_7 = TextStim(__class__=<class 'psychopy.visual.text.TextStim'>, alignHoriz=method-wrapper(...), alignText='center', alignVert=method-wrapper(...), anchorHoriz='center', anchorVert='center', antialias=True, autoDraw=False, autoLog=True, bold=False, color=array([1., 1., 1.]), colorSpace='rgb', contrast=1.0, depth=-6.0, draggable=False, flipHoriz=False, flipVert=False, font='Open Sans', fontFiles=[], height=0.04, italic=False, languageStyle='LTR', name='text_7', opacity=1.0, ori=0.0, pos=array([ 0. , -0.4]), rgb=UNKNOWN, text='Para salir, pulsa "space"', units='height', win=Window(...), wrapWidth=1)
0.0392 	EXP 	image_11: autoDraw = True
0.0392 	EXP 	text_19: autoDraw = True
5.0165 	EXP 	image_11: autoDraw = False
5.0165 	EXP 	text_19: autoDraw = False
5.0165 	EXP 	text_8: autoDraw = True
6.2057 	DATA 	Keypress: space
6.2160 	EXP 	text_8: autoDraw = False
6.2160 	EXP 	image_3: autoDraw = True
6.2160 	EXP 	image_4: autoDraw = True
6.2160 	EXP 	text_9: autoDraw = True
6.2160 	EXP 	text_10: autoDraw = True
7.0007 	DATA 	Keypress: rctrl
7.3558 	DATA 	Keypress: left
7.3649 	EXP 	image_3: autoDraw = False
7.3649 	EXP 	image_4: autoDraw = False
7.3649 	EXP 	text_9: autoDraw = False
7.3649 	EXP 	text_10: autoDraw = False
7.3649 	EXP 	text_11: autoDraw = True
7.3649 	EXP 	text_12: autoDraw = True
7.3649 	EXP 	text_13: autoDraw = True
7.3649 	EXP 	text_14: autoDraw = True
7.3649 	EXP 	text_15: autoDraw = True
7.3649 	EXP 	text_16: autoDraw = True
7.3649 	EXP 	text_17: autoDraw = True
7.3649 	EXP 	image_5: autoDraw = True
7.3649 	EXP 	text_18: autoDraw = True
7.3649 	EXP 	image_6: autoDraw = True
7.3649 	EXP 	image_7: autoDraw = True
7.3649 	EXP 	image_8: autoDraw = True
7.3649 	EXP 	image_9: autoDraw = True
7.3649 	EXP 	image_10: autoDraw = True
8.5702 	EXP 	Imported trials_coche3.csv as conditions, 40 conditions, 14 params
8.5706 	EXP 	Created sequence: random, trialTypes=40, nReps=1, seed=None
8.5708 	EXP 	New trial (rep=0, index=0): OrderedDict([('imagen1', 'pngs\\43.png'), ('imagen2', 'pngs\\44.png'), ('hm1', 0), ('cp1', -1), ('ai1', 1), ('pa1', -1), ('vr1', -1), ('cl1', 0), ('hm2', 0), ('cp2', 1), ('ai2', -1), ('pa2', 1), ('vr2', 1), ('cl2', 0)])
8.7053 	DATA 	Keypress: space
8.7165 	EXP 	text_11: autoDraw = False
8.7165 	EXP 	text_12: autoDraw = False
8.7165 	EXP 	text_13: autoDraw = False
8.7165 	EXP 	text_14: autoDraw = False
8.7165 	EXP 	text_15: autoDraw = False
8.7165 	EXP 	text_16: autoDraw = False
8.7165 	EXP 	text_17: autoDraw = False
8.7165 	EXP 	image_5: autoDraw = False
8.7165 	EXP 	text_18: autoDraw = False
8.7165 	EXP 	image_6: autoDraw = False
8.7165 	EXP 	image_7: autoDraw = False
8.7165 	EXP 	image_8: autoDraw = False
8.7165 	EXP 	image_9: autoDraw = False
8.7165 	EXP 	image_10: autoDraw = False
8.7165 	EXP 	image: image = 'pngs\\43.png'
8.7165 	EXP 	image_2: image = 'pngs\\44.png'
8.7165 	EXP 	image: autoDraw = True
8.7165 	EXP 	image_2: autoDraw = True
9.5819 	EXP 	New trial (rep=0, index=1): OrderedDict([('imagen1', 'pngs\\59.png'), ('imagen2', 'pngs\\60.png'), ('hm1', 0), ('cp1', -1), ('ai1', 1), ('pa1', 0), ('vr1', -1), ('cl1', 0), ('hm2', 0), ('cp2', 1), ('ai2', -1), ('pa2', 0), ('vr2', 1), ('cl2', 0)])
9.7134 	DATA 	Keypress: right
9.7228 	EXP 	image: autoDraw = False
9.7228 	EXP 	image_2: autoDraw = False
9.7228 	EXP 	image: image = 'pngs\\59.png'
9.7228 	EXP 	image_2: image = 'pngs\\60.png'
9.7228 	EXP 	image: autoDraw = True
9.7228 	EXP 	image_2: autoDraw = True
9.8141 	EXP 	New trial (rep=0, index=2): OrderedDict([('imagen1', 'pngs\\13.png'), ('imagen2', 'pngs\\14.png'), ('hm1', 0), ('cp1', 1), ('ai1', 1), ('pa1', 0), ('vr1', -1), ('cl1', 0), ('hm2', 0), ('cp2', -1), ('ai2', -1), ('pa2', 0), ('vr2', 1), ('cl2', 0)])
9.9565 	DATA 	Keypress: right
9.9741 	EXP 	image: autoDraw = False
9.9741 	EXP 	image_2: autoDraw = False
9.9741 	EXP 	image: image = 'pngs\\13.png'
9.9741 	EXP 	image_2: image = 'pngs\\14.png'
9.9741 	EXP 	image: autoDraw = True
9.9741 	EXP 	image_2: autoDraw = True
10.0147 	EXP 	New trial (rep=0, index=3): OrderedDict([('imagen1', 'pngs\\19.png'), ('imagen2', 'pngs\\20.png'), ('hm1', -1), ('cp1', -1), ('ai1', 1), ('pa1', 0), ('vr1', -1), ('cl1', 0), ('hm2', 1), ('cp2', 1), ('ai2', -1), ('pa2', 0), ('vr2', 1), ('cl2', 0)])
10.1456 	DATA 	Keypress: right
10.1620 	EXP 	image: autoDraw = False
10.1620 	EXP 	image_2: autoDraw = False
10.1620 	EXP 	image: image = 'pngs\\19.png'
10.1620 	EXP 	image_2: image = 'pngs\\20.png'
10.1620 	EXP 	image: autoDraw = True
10.1620 	EXP 	image_2: autoDraw = True
10.2477 	EXP 	New trial (rep=0, index=4): OrderedDict([('imagen1', 'pngs\\39.png'), ('imagen2', 'pngs\\40.png'), ('hm1', 0), ('cp1', 1), ('ai1', 1), ('pa1', 0), ('vr1', 1), ('cl1', 0), ('hm2', 0), ('cp2', -1), ('ai2', -1), ('pa2', 0), ('vr2', -1), ('cl2', 0)])
10.3751 	DATA 	Keypress: left
10.3830 	EXP 	image: autoDraw = False
10.3830 	EXP 	image_2: autoDraw = False
10.3830 	EXP 	image: image = 'pngs\\39.png'
10.3830 	EXP 	image_2: image = 'pngs\\40.png'
10.3830 	EXP 	image: autoDraw = True
10.3830 	EXP 	image_2: autoDraw = True
10.4974 	EXP 	New trial (rep=0, index=5): OrderedDict([('imagen1', 'pngs\\67.png'), ('imagen2', 'pngs\\68.png'), ('hm1', 0), ('cp1', -1), ('ai1', 1), ('pa1', 0), ('vr1', -1), ('cl1', -1), ('hm2', 0), ('cp2', 1), ('ai2', -1), ('pa2', 0), ('vr2', 1), ('cl2', 1)])
10.6287 	DATA 	Keypress: left
10.6368 	EXP 	image: autoDraw = False
10.6368 	EXP 	image_2: autoDraw = False
10.6368 	EXP 	image: image = 'pngs\\67.png'
10.6368 	EXP 	image_2: image = 'pngs\\68.png'
10.6368 	EXP 	image: autoDraw = True
10.6368 	EXP 	image_2: autoDraw = True
10.6975 	EXP 	New trial (rep=0, index=6): OrderedDict([('imagen1', 'pngs\\3.png'), ('imagen2', 'pngs\\4.png'), ('hm1', 0), ('cp1', -1), ('ai1', 1), ('pa1', 0), ('vr1', -1), ('cl1', 0), ('hm2', 0), ('cp2', 1), ('ai2', -1), ('pa2', 0), ('vr2', 1), ('cl2', 0)])
10.8286 	DATA 	Keypress: right
10.8364 	EXP 	image: autoDraw = False
10.8364 	EXP 	image_2: autoDraw = False
10.8364 	EXP 	image: image = 'pngs\\3.png'
10.8364 	EXP 	image_2: image = 'pngs\\4.png'
10.8364 	EXP 	image: autoDraw = True
10.8364 	EXP 	image_2: autoDraw = True
10.8386 	DATA 	Keypress: left
10.9308 	EXP 	New trial (rep=0, index=7): OrderedDict([('imagen1', 'pngs\\45.png'), ('imagen2', 'pngs\\46.png'), ('hm1', 0), ('cp1', 1), ('ai1', 1), ('pa1', 1), ('vr1', -1), ('cl1', 0), ('hm2', 0), ('cp2', -1), ('ai2', -1), ('pa2', -1), ('vr2', 1), ('cl2', 0)])
11.0611 	DATA 	Keypress: right
11.0613 	DATA 	Keypress: left
11.0791 	EXP 	image: autoDraw = False
11.0791 	EXP 	image_2: autoDraw = False
11.0791 	EXP 	image: image = 'pngs\\45.png'
11.0791 	EXP 	image_2: image = 'pngs\\46.png'
11.0791 	EXP 	image: autoDraw = True
11.0791 	EXP 	image_2: autoDraw = True
11.1640 	EXP 	New trial (rep=0, index=8): OrderedDict([('imagen1', 'pngs\\21.png'), ('imagen2', 'pngs\\22.png'), ('hm1', 1), ('cp1', 1), ('ai1', 1), ('pa1', 0), ('vr1', -1), ('cl1', 0), ('hm2', -1), ('cp2', -1), ('ai2', -1), ('pa2', 0), ('vr2', 1), ('cl2', 0)])
11.2950 	DATA 	Keypress: right
11.2961 	DATA 	Keypress: left
11.3039 	EXP 	image: autoDraw = False
11.3039 	EXP 	image_2: autoDraw = False
11.3039 	EXP 	image: image = 'pngs\\21.png'
11.3039 	EXP 	image_2: image = 'pngs\\22.png'
11.3039 	EXP 	image: autoDraw = True
11.3039 	EXP 	image_2: autoDraw = True
11.3633 	EXP 	New trial (rep=0, index=9): OrderedDict([('imagen1', 'pngs\\37.png'), ('imagen2', 'pngs\\38.png'), ('hm1', 0), ('cp1', 1), ('ai1', 1), ('pa1', 0), ('vr1', -1), ('cl1', 0), ('hm2', 0), ('cp2', -1), ('ai2', -1), ('pa2', 0), ('vr2', 1), ('cl2', 0)])
11.4932 	DATA 	Keypress: right
11.5007 	EXP 	image: autoDraw = False
11.5007 	EXP 	image_2: autoDraw = False
11.5007 	EXP 	image: image = 'pngs\\37.png'
11.5007 	EXP 	image_2: image = 'pngs\\38.png'
11.5007 	EXP 	image: autoDraw = True
11.5007 	EXP 	image_2: autoDraw = True
11.5634 	EXP 	New trial (rep=0, index=10): OrderedDict([('imagen1', 'pngs\\35.png'), ('imagen2', 'pngs\\36.png'), ('hm1', 0), ('cp1', -1), ('ai1', 1), ('pa1', 0), ('vr1', -1), ('cl1', 0), ('hm2', 0), ('cp2', 1), ('ai2', -1), ('pa2', 0), ('vr2', 1), ('cl2', 0)])
11.6938 	DATA 	Keypress: right
11.7123 	EXP 	image: autoDraw = False
11.7123 	EXP 	image_2: autoDraw = False
11.7123 	EXP 	image: image = 'pngs\\35.png'
11.7123 	EXP 	image_2: image = 'pngs\\36.png'
11.7123 	EXP 	image: autoDraw = True
11.7123 	EXP 	image_2: autoDraw = True
11.7486 	EXP 	New trial (rep=0, index=11): OrderedDict([('imagen1', 'pngs\\33.png'), ('imagen2', 'pngs\\34.png'), ('hm1', 0), ('cp1', -1), ('ai1', 1), ('pa1', 0), ('vr1', 1), ('cl1', 0), ('hm2', 0), ('cp2', 1), ('ai2', -1), ('pa2', 0), ('vr2', -1), ('cl2', 0)])
11.8818 	DATA 	Keypress: right
11.8819 	DATA 	Keypress: left
11.8994 	EXP 	image: autoDraw = False
11.8994 	EXP 	image_2: autoDraw = False
11.8994 	EXP 	image: image = 'pngs\\33.png'
11.8994 	EXP 	image_2: image = 'pngs\\34.png'
11.8994 	EXP 	image: autoDraw = True
11.8994 	EXP 	image_2: autoDraw = True
11.9461 	EXP 	New trial (rep=0, index=12): OrderedDict([('imagen1', 'pngs\\7.png'), ('imagen2', 'pngs\\8.png'), ('hm1', 0), ('cp1', 1), ('ai1', 1), ('pa1', 0), ('vr1', 1), ('cl1', 0), ('hm2', 0), ('cp2', -1), ('ai2', -1), ('pa2', 0), ('vr2', -1), ('cl2', 0)])
12.0744 	DATA 	Keypress: left
12.0917 	EXP 	image: autoDraw = False
12.0917 	EXP 	image_2: autoDraw = False
12.0917 	EXP 	image: image = 'pngs\\7.png'
12.0917 	EXP 	image_2: image = 'pngs\\8.png'
12.0917 	EXP 	image: autoDraw = True
12.0917 	EXP 	image_2: autoDraw = True
12.1131 	DATA 	Keypress: right
12.1297 	EXP 	New trial (rep=0, index=13): OrderedDict([('imagen1', 'pngs\\71.png'), ('imagen2', 'pngs\\72.png'), ('hm1', 0), ('cp1', 1), ('ai1', 1), ('pa1', 0), ('vr1', 1), ('cl1', 1), ('hm2', 0), ('cp2', -1), ('ai2', -1), ('pa2', 0), ('vr2', -1), ('cl2', -1)])
12.2617 	DATA 	Keypress: left
12.2697 	EXP 	image: autoDraw = False
12.2697 	EXP 	image_2: autoDraw = False
12.2697 	EXP 	image: image = 'pngs\\71.png'
12.2697 	EXP 	image_2: image = 'pngs\\72.png'
12.2697 	EXP 	image: autoDraw = True
12.2697 	EXP 	image_2: autoDraw = True
12.3463 	EXP 	New trial (rep=0, index=14): OrderedDict([('imagen1', 'pngs\\61.png'), ('imagen2', 'pngs\\62.png'), ('hm1', 0), ('cp1', 1), ('ai1', 1), ('pa1', 0), ('vr1', -1), ('cl1', 0), ('hm2', 0), ('cp2', -1), ('ai2', -1), ('pa2', 0), ('vr2', 1), ('cl2', 0)])
12.4769 	DATA 	Keypress: right
12.4944 	EXP 	image: autoDraw = False
12.4944 	EXP 	image_2: autoDraw = False
12.4944 	EXP 	image: image = 'pngs\\61.png'
12.4944 	EXP 	image_2: image = 'pngs\\62.png'
12.4944 	EXP 	image: autoDraw = True
12.4944 	EXP 	image_2: autoDraw = True
12.5293 	EXP 	New trial (rep=0, index=15): OrderedDict([('imagen1', 'pngs\\69.png'), ('imagen2', 'pngs\\70.png'), ('hm1', 0), ('cp1', 1), ('ai1', 1), ('pa1', 0), ('vr1', -1), ('cl1', 1), ('hm2', 0), ('cp2', -1), ('ai2', -1), ('pa2', 0), ('vr2', 1), ('cl2', -1)])
12.6598 	DATA 	Keypress: left
12.6599 	DATA 	Keypress: right
12.6678 	EXP 	image: autoDraw = False
12.6678 	EXP 	image_2: autoDraw = False
12.6678 	EXP 	image: image = 'pngs\\69.png'
12.6678 	EXP 	image_2: image = 'pngs\\70.png'
12.6678 	EXP 	image: autoDraw = True
12.6678 	EXP 	image_2: autoDraw = True
12.7632 	EXP 	New trial (rep=0, index=16): OrderedDict([('imagen1', 'pngs\\5.png'), ('imagen2', 'pngs\\6.png'), ('hm1', 0), ('cp1', 1), ('ai1', 1), ('pa1', 0), ('vr1', -1), ('cl1', 0), ('hm2', 0), ('cp2', -1), ('ai2', -1), ('pa2', 0), ('vr2', 1), ('cl2', 0)])
12.8939 	DATA 	Keypress: left
12.8941 	DATA 	Keypress: right
12.9023 	EXP 	image: autoDraw = False
12.9023 	EXP 	image_2: autoDraw = False
12.9023 	EXP 	image: image = 'pngs\\5.png'
12.9023 	EXP 	image_2: image = 'pngs\\6.png'
12.9023 	EXP 	image: autoDraw = True
12.9023 	EXP 	image_2: autoDraw = True
12.9959 	EXP 	New trial (rep=0, index=17): OrderedDict([('imagen1', 'pngs\\79.png'), ('imagen2', 'pngs\\80.png'), ('hm1', 0), ('cp1', 1), ('ai1', 1), ('pa1', 0), ('vr1', 1), ('cl1', -1), ('hm2', 0), ('cp2', -1), ('ai2', -1), ('pa2', 0), ('vr2', -1), ('cl2', 1)])
13.1241 	DATA 	Keypress: left
13.1417 	EXP 	image: autoDraw = False
13.1417 	EXP 	image_2: autoDraw = False
13.1417 	EXP 	image: image = 'pngs\\79.png'
13.1417 	EXP 	image_2: image = 'pngs\\80.png'
13.1417 	EXP 	image: autoDraw = True
13.1417 	EXP 	image_2: autoDraw = True
13.4295 	EXP 	New trial (rep=0, index=18): OrderedDict([('imagen1', 'pngs\\53.png'), ('imagen2', 'pngs\\54.png'), ('hm1', 0), ('cp1', 1), ('ai1', 1), ('pa1', -1), ('vr1', -1), ('cl1', 0), ('hm2', 0), ('cp2', -1), ('ai2', -1), ('pa2', 1), ('vr2', 1), ('cl2', 0)])
13.5583 	DATA 	Keypress: left
13.5756 	EXP 	image: autoDraw = False
13.5756 	EXP 	image_2: autoDraw = False
13.5756 	EXP 	image: image = 'pngs\\53.png'
13.5756 	EXP 	image_2: image = 'pngs\\54.png'
13.5756 	EXP 	image: autoDraw = True
13.5756 	EXP 	image_2: autoDraw = True
13.7623 	EXP 	New trial (rep=0, index=19): OrderedDict([('imagen1', 'pngs\\15.png'), ('imagen2', 'pngs\\16.png'), ('hm1', 0), ('cp1', 1), ('ai1', 1), ('pa1', 0), ('vr1', 1), ('cl1', 0), ('hm2', 0), ('cp2', -1), ('ai2', -1), ('pa2', 0), ('vr2', -1), ('cl2', 0)])
13.8889 	DATA 	Keypress: left
13.9073 	EXP 	image: autoDraw = False
13.9073 	EXP 	image_2: autoDraw = False
13.9073 	EXP 	image: image = 'pngs\\15.png'
13.9073 	EXP 	image_2: image = 'pngs\\16.png'
13.9073 	EXP 	image: autoDraw = True
13.9073 	EXP 	image_2: autoDraw = True
14.0621 	EXP 	New trial (rep=0, index=20): OrderedDict([('imagen1', 'pngs\\11.png'), ('imagen2', 'pngs\\12.png'), ('hm1', 0), ('cp1', -1), ('ai1', 1), ('pa1', 0), ('vr1', -1), ('cl1', 0), ('hm2', 0), ('cp2', 1), ('ai2', -1), ('pa2', 0), ('vr2', 1), ('cl2', 0)])
14.1920 	DATA 	Keypress: left
14.2008 	EXP 	image: autoDraw = False
14.2008 	EXP 	image_2: autoDraw = False
14.2008 	EXP 	image: image = 'pngs\\11.png'
14.2008 	EXP 	image_2: image = 'pngs\\12.png'
14.2008 	EXP 	image: autoDraw = True
14.2008 	EXP 	image_2: autoDraw = True
14.2953 	EXP 	New trial (rep=0, index=21): OrderedDict([('imagen1', 'pngs\\65.png'), ('imagen2', 'pngs\\66.png'), ('hm1', 0), ('cp1', -1), ('ai1', 1), ('pa1', 0), ('vr1', 1), ('cl1', -1), ('hm2', 0), ('cp2', 1), ('ai2', -1), ('pa2', 0), ('vr2', -1), ('cl2', 1)])
14.4236 	DATA 	Keypress: right
14.4419 	EXP 	image: autoDraw = False
14.4419 	EXP 	image_2: autoDraw = False
14.4419 	EXP 	image: image = 'pngs\\65.png'
14.4419 	EXP 	image_2: image = 'pngs\\66.png'
14.4419 	EXP 	image: autoDraw = True
14.4419 	EXP 	image_2: autoDraw = True
14.4788 	EXP 	New trial (rep=0, index=22): OrderedDict([('imagen1', 'pngs\\73.png'), ('imagen2', 'pngs\\74.png'), ('hm1', 0), ('cp1', -1), ('ai1', 1), ('pa1', 0), ('vr1', 1), ('cl1', 1), ('hm2', 0), ('cp2', 1), ('ai2', -1), ('pa2', 0), ('vr2', -1), ('cl2', -1)])
14.6058 	DATA 	Keypress: right
14.6147 	EXP 	image: autoDraw = False
14.6147 	EXP 	image_2: autoDraw = False
14.6147 	EXP 	image: image = 'pngs\\73.png'
14.6147 	EXP 	image_2: image = 'pngs\\74.png'
14.6147 	EXP 	image: autoDraw = True
14.6147 	EXP 	image_2: autoDraw = True
14.6172 	EXP 	New trial (rep=0, index=23): OrderedDict([('imagen1', 'pngs\\51.png'), ('imagen2', 'pngs\\52.png'), ('hm1', 0), ('cp1', -1), ('ai1', 1), ('pa1', 1), ('vr1', -1), ('cl1', 0), ('hm2', 0), ('cp2', 1), ('ai2', -1), ('pa2', -1), ('vr2', 1), ('cl2', 0)])
14.7533 	DATA 	Keypress: right
14.7719 	EXP 	image: autoDraw = False
14.7719 	EXP 	image_2: autoDraw = False
14.7719 	EXP 	image: image = 'pngs\\51.png'
14.7719 	EXP 	image_2: image = 'pngs\\52.png'
14.7719 	EXP 	image: autoDraw = True
14.7719 	EXP 	image_2: autoDraw = True
14.7740 	DATA 	Keypress: right
15.0121 	EXP 	New trial (rep=0, index=24): OrderedDict([('imagen1', 'pngs\\77.png'), ('imagen2', 'pngs\\78.png'), ('hm1', 0), ('cp1', 1), ('ai1', 1), ('pa1', 0), ('vr1', -1), ('cl1', -1), ('hm2', 0), ('cp2', -1), ('ai2', -1), ('pa2', 0), ('vr2', 1), ('cl2', 1)])
15.1450 	DATA 	Keypress: right
15.1635 	EXP 	image: autoDraw = False
15.1635 	EXP 	image_2: autoDraw = False
15.1635 	EXP 	image: image = 'pngs\\77.png'
15.1635 	EXP 	image_2: image = 'pngs\\78.png'
15.1635 	EXP 	image: autoDraw = True
15.1635 	EXP 	image_2: autoDraw = True
15.2115 	EXP 	New trial (rep=0, index=25): OrderedDict([('imagen1', 'pngs\\63.png'), ('imagen2', 'pngs\\64.png'), ('hm1', 0), ('cp1', 1), ('ai1', 1), ('pa1', 0), ('vr1', 1), ('cl1', 0), ('hm2', 0), ('cp2', -1), ('ai2', -1), ('pa2', 0), ('vr2', -1), ('cl2', 0)])
15.3443 	DATA 	Keypress: right
15.3626 	EXP 	image: autoDraw = False
15.3626 	EXP 	image_2: autoDraw = False
15.3626 	EXP 	image: image = 'pngs\\63.png'
15.3626 	EXP 	image_2: image = 'pngs\\64.png'
15.3626 	EXP 	image: autoDraw = True
15.3626 	EXP 	image_2: autoDraw = True
15.4456 	EXP 	New trial (rep=0, index=26): OrderedDict([('imagen1', 'pngs\\1.png'), ('imagen2', 'pngs\\2.png'), ('hm1', 0), ('cp1', -1), ('ai1', 1), ('pa1', 0), ('vr1', 1), ('cl1', 0), ('hm2', 0), ('cp2', 1), ('ai2', -1), ('pa2', 0), ('vr2', -1), ('cl2', 0)])
15.5794 	DATA 	Keypress: left
15.5977 	EXP 	image: autoDraw = False
15.5977 	EXP 	image_2: autoDraw = False
15.5977 	EXP 	image: image = 'pngs\\1.png'
15.5977 	EXP 	image_2: image = 'pngs\\2.png'
15.5977 	EXP 	image: autoDraw = True
15.5977 	EXP 	image_2: autoDraw = True
15.6447 	EXP 	New trial (rep=0, index=27): OrderedDict([('imagen1', 'pngs\\47.png'), ('imagen2', 'pngs\\48.png'), ('hm1', 0), ('cp1', 1), ('ai1', 1), ('pa1', 1), ('vr1', 1), ('cl1', 0), ('hm2', 0), ('cp2', -1), ('ai2', -1), ('pa2', -1), ('vr2', -1), ('cl2', 0)])
15.7764 	DATA 	Keypress: left
15.7950 	EXP 	image: autoDraw = False
15.7950 	EXP 	image_2: autoDraw = False
15.7950 	EXP 	image: image = 'pngs\\47.png'
15.7950 	EXP 	image_2: image = 'pngs\\48.png'
15.7950 	EXP 	image: autoDraw = True
15.7950 	EXP 	image_2: autoDraw = True
15.8445 	EXP 	New trial (rep=0, index=28): OrderedDict([('imagen1', 'pngs\\49.png'), ('imagen2', 'pngs\\50.png'), ('hm1', 0), ('cp1', -1), ('ai1', 1), ('pa1', 1), ('vr1', 1), ('cl1', 0), ('hm2', 0), ('cp2', 1), ('ai2', -1), ('pa2', -1), ('vr2', -1), ('cl2', 0)])
15.9742 	DATA 	Keypress: left
15.9926 	EXP 	image: autoDraw = False
15.9926 	EXP 	image_2: autoDraw = False
15.9926 	EXP 	image: image = 'pngs\\49.png'
15.9926 	EXP 	image_2: image = 'pngs\\50.png'
15.9926 	EXP 	image: autoDraw = True
15.9926 	EXP 	image_2: autoDraw = True
16.0771 	EXP 	New trial (rep=0, index=29): OrderedDict([('imagen1', 'pngs\\23.png'), ('imagen2', 'pngs\\24.png'), ('hm1', 1), ('cp1', 1), ('ai1', 1), ('pa1', 0), ('vr1', 1), ('cl1', 0), ('hm2', -1), ('cp2', -1), ('ai2', -1), ('pa2', 0), ('vr2', -1), ('cl2', 0)])
16.2056 	DATA 	Keypress: left
16.2232 	EXP 	image: autoDraw = False
16.2232 	EXP 	image_2: autoDraw = False
16.2232 	EXP 	image: image = 'pngs\\23.png'
16.2232 	EXP 	image_2: image = 'pngs\\24.png'
16.2232 	EXP 	image: autoDraw = True
16.2232 	EXP 	image_2: autoDraw = True
16.3103 	EXP 	New trial (rep=0, index=30): OrderedDict([('imagen1', 'pngs\\9.png'), ('imagen2', 'pngs\\10.png'), ('hm1', 0), ('cp1', -1), ('ai1', 1), ('pa1', 0), ('vr1', 1), ('cl1', 0), ('hm2', 0), ('cp2', 1), ('ai2', -1), ('pa2', 0), ('vr2', -1), ('cl2', 0)])
16.4385 	DATA 	Keypress: left
16.4563 	EXP 	image: autoDraw = False
16.4563 	EXP 	image_2: autoDraw = False
16.4563 	EXP 	image: image = 'pngs\\9.png'
16.4563 	EXP 	image_2: image = 'pngs\\10.png'
16.4563 	EXP 	image: autoDraw = True
16.4563 	EXP 	image_2: autoDraw = True
16.5764 	EXP 	New trial (rep=0, index=31): OrderedDict([('imagen1', 'pngs\\27.png'), ('imagen2', 'pngs\\28.png'), ('hm1', 1), ('cp1', -1), ('ai1', 1), ('pa1', 0), ('vr1', -1), ('cl1', 0), ('hm2', -1), ('cp2', 1), ('ai2', -1), ('pa2', 0), ('vr2', 1), ('cl2', 0)])
16.7045 	DATA 	Keypress: left
16.7230 	EXP 	image: autoDraw = False
16.7230 	EXP 	image_2: autoDraw = False
16.7230 	EXP 	image: image = 'pngs\\27.png'
16.7230 	EXP 	image_2: image = 'pngs\\28.png'
16.7230 	EXP 	image: autoDraw = True
16.7230 	EXP 	image_2: autoDraw = True
16.8105 	EXP 	New trial (rep=0, index=32): OrderedDict([('imagen1', 'pngs\\57.png'), ('imagen2', 'pngs\\58.png'), ('hm1', 0), ('cp1', -1), ('ai1', 1), ('pa1', 0), ('vr1', 1), ('cl1', 0), ('hm2', 0), ('cp2', 1), ('ai2', -1), ('pa2', 0), ('vr2', -1), ('cl2', 0)])
16.9388 	DATA 	Keypress: left
16.9564 	EXP 	image: autoDraw = False
16.9564 	EXP 	image_2: autoDraw = False
16.9564 	EXP 	image: image = 'pngs\\57.png'
16.9564 	EXP 	image_2: image = 'pngs\\58.png'
16.9564 	EXP 	image: autoDraw = True
16.9564 	EXP 	image_2: autoDraw = True
17.1100 	EXP 	New trial (rep=0, index=33): OrderedDict([('imagen1', 'pngs\\75.png'), ('imagen2', 'pngs\\76.png'), ('hm1', 0), ('cp1', -1), ('ai1', 1), ('pa1', 0), ('vr1', -1), ('cl1', 1), ('hm2', 0), ('cp2', 1), ('ai2', -1), ('pa2', 0), ('vr2', 1), ('cl2', -1)])
17.2389 	DATA 	Keypress: left
17.2565 	EXP 	image: autoDraw = False
17.2565 	EXP 	image_2: autoDraw = False
17.2565 	EXP 	image: image = 'pngs\\75.png'
17.2565 	EXP 	image_2: image = 'pngs\\76.png'
17.2565 	EXP 	image: autoDraw = True
17.2565 	EXP 	image_2: autoDraw = True
17.3601 	EXP 	New trial (rep=0, index=34): OrderedDict([('imagen1', 'pngs\\41.png'), ('imagen2', 'pngs\\42.png'), ('hm1', 0), ('cp1', -1), ('ai1', 1), ('pa1', -1), ('vr1', 1), ('cl1', 0), ('hm2', 0), ('cp2', 1), ('ai2', -1), ('pa2', 1), ('vr2', -1), ('cl2', 0)])
17.4899 	DATA 	Keypress: left
17.5073 	EXP 	image: autoDraw = False
17.5073 	EXP 	image_2: autoDraw = False
17.5073 	EXP 	image: image = 'pngs\\41.png'
17.5073 	EXP 	image_2: image = 'pngs\\42.png'
17.5073 	EXP 	image: autoDraw = True
17.5073 	EXP 	image_2: autoDraw = True
17.6422 	EXP 	New trial (rep=0, index=35): OrderedDict([('imagen1', 'pngs\\31.png'), ('imagen2', 'pngs\\32.png'), ('hm1', -1), ('cp1', 1), ('ai1', 1), ('pa1', 0), ('vr1', 1), ('cl1', 0), ('hm2', 1), ('cp2', -1), ('ai2', -1), ('pa2', 0), ('vr2', -1), ('cl2', 0)])
17.7702 	DATA 	Keypress: left
17.7880 	EXP 	image: autoDraw = False
17.7880 	EXP 	image_2: autoDraw = False
17.7880 	EXP 	image: image = 'pngs\\31.png'
17.7880 	EXP 	image_2: image = 'pngs\\32.png'
17.7880 	EXP 	image: autoDraw = True
17.7880 	EXP 	image_2: autoDraw = True
17.9799 	EXP 	New trial (rep=0, index=36): OrderedDict([('imagen1', 'pngs\\17.png'), ('imagen2', 'pngs\\18.png'), ('hm1', -1), ('cp1', -1), ('ai1', 1), ('pa1', 0), ('vr1', 1), ('cl1', 0), ('hm2', 1), ('cp2', 1), ('ai2', -1), ('pa2', 0), ('vr2', -1), ('cl2', 0)])
18.1315 	DATA 	Keypress: right
18.1495 	EXP 	image: autoDraw = False
18.1495 	EXP 	image_2: autoDraw = False
18.1495 	EXP 	image: image = 'pngs\\17.png'
18.1495 	EXP 	image_2: image = 'pngs\\18.png'
18.1495 	EXP 	image: autoDraw = True
18.1495 	EXP 	image_2: autoDraw = True
18.1757 	EXP 	New trial (rep=0, index=37): OrderedDict([('imagen1', 'pngs\\55.png'), ('imagen2', 'pngs\\56.png'), ('hm1', 0), ('cp1', 1), ('ai1', 1), ('pa1', -1), ('vr1', 1), ('cl1', 0), ('hm2', 0), ('cp2', -1), ('ai2', -1), ('pa2', 1), ('vr2', -1), ('cl2', 0)])
18.3090 	DATA 	Keypress: right
18.3267 	EXP 	image: autoDraw = False
18.3267 	EXP 	image_2: autoDraw = False
18.3267 	EXP 	image: image = 'pngs\\55.png'
18.3267 	EXP 	image_2: image = 'pngs\\56.png'
18.3267 	EXP 	image: autoDraw = True
18.3267 	EXP 	image_2: autoDraw = True
18.4097 	EXP 	New trial (rep=0, index=38): OrderedDict([('imagen1', 'pngs\\25.png'), ('imagen2', 'pngs\\26.png'), ('hm1', 1), ('cp1', -1), ('ai1', 1), ('pa1', 0), ('vr1', 1), ('cl1', 0), ('hm2', -1), ('cp2', 1), ('ai2', -1), ('pa2', 0), ('vr2', -1), ('cl2', 0)])
18.5429 	DATA 	Keypress: right
18.5609 	EXP 	image: autoDraw = False
18.5609 	EXP 	image_2: autoDraw = False
18.5609 	EXP 	image: image = 'pngs\\25.png'
18.5609 	EXP 	image_2: image = 'pngs\\26.png'
18.5609 	EXP 	image: autoDraw = True
18.5609 	EXP 	image_2: autoDraw = True
18.6255 	EXP 	New trial (rep=0, index=39): OrderedDict([('imagen1', 'pngs\\29.png'), ('imagen2', 'pngs\\30.png'), ('hm1', -1), ('cp1', 1), ('ai1', 1), ('pa1', 0), ('vr1', -1), ('cl1', 0), ('hm2', 1), ('cp2', -1), ('ai2', -1), ('pa2', 0), ('vr2', 1), ('cl2', 0)])
18.7643 	DATA 	Keypress: right
18.7727 	EXP 	image: autoDraw = False
18.7727 	EXP 	image_2: autoDraw = False
18.7727 	EXP 	image: image = 'pngs\\29.png'
18.7727 	EXP 	image_2: image = 'pngs\\30.png'
18.7727 	EXP 	image: autoDraw = True
18.7727 	EXP 	image_2: autoDraw = True
18.8253 	DATA 	Keypress: right
18.8671 	EXP 	image: autoDraw = False
18.8671 	EXP 	image_2: autoDraw = False
18.8671 	EXP 	text: height = 0.04
18.8671 	EXP 	text: height = 0.04
18.8671 	EXP 	text: height = 0.04
18.8671 	EXP 	text: text = 'Salvar hombres antes que mujeres = 62.5%'
18.8671 	EXP 	text_2: height = 0.04
18.8671 	EXP 	text_2: height = 0.04
18.8671 	EXP 	text_2: height = 0.04
18.8671 	EXP 	text_2: text = 'Salvar conductor antes que peatón = 52.5%'
18.8671 	EXP 	text_3: height = 0.04
18.8671 	EXP 	text_3: height = 0.04
18.8671 	EXP 	text_3: height = 0.04
18.8671 	EXP 	text_3: text = 'Dejar que el coche vaya recto = 47.5%'
18.8671 	EXP 	text_4: height = 0.04
18.8671 	EXP 	text_4: height = 0.04
18.8671 	EXP 	text_4: height = 0.04
18.8671 	EXP 	text_4: text = 'Salvar personas antes que animales = 50.0%'
18.8671 	EXP 	text_5: height = 0.04
18.8671 	EXP 	text_5: height = 0.04
18.8671 	EXP 	text_5: height = 0.04
18.8671 	EXP 	text_5: text = 'Salvar a quien respeta la ley = 62.5%'
18.8671 	EXP 	text_6: height = 0.04
18.8671 	EXP 	text_6: height = 0.04
18.8671 	EXP 	text_6: height = 0.04
18.8671 	EXP 	text_6: text = 'Salvar a cívicos antes que ladrones = 62.5%'
18.8671 	EXP 	text: autoDraw = True
18.8671 	EXP 	text_2: autoDraw = True
18.8671 	EXP 	text_3: autoDraw = True
18.8671 	EXP 	text_4: autoDraw = True
18.8671 	EXP 	text_5: autoDraw = True
18.8671 	EXP 	text_6: autoDraw = True
18.8671 	EXP 	text_7: autoDraw = True
19.0280 	DATA 	Keypress: right
20.3080 	DATA 	Keypress: space
20.3235 	EXP 	text: autoDraw = False
20.3235 	EXP 	text_2: autoDraw = False
20.3235 	EXP 	text_3: autoDraw = False
20.3235 	EXP 	text_4: autoDraw = False
20.3235 	EXP 	text_5: autoDraw = False
20.3235 	EXP 	text_6: autoDraw = False
20.3235 	EXP 	text_7: autoDraw = False
20.3236 	EXP 	tarea_coche_autonomo: status = STOPPED
20.3831 	EXP 	window1: mouseVisible = True
