5.3013 	WARNING 	User requested fullscreen with size [1536  864], but screen is actually [1920, 1080]. Using actual size
6.1033 	EXP 	Created window1 = Window(allowGUI=True, allowStencil=False, autoLog=True, backendConf=UNKNOWN, backgroundFit=<method-wrapper '__getattribute__' of attributeSetter object at 0x000001E52A40CCA0>, backgroundImage=<method-wrapper '__getattribute__' of attributeSetter object at 0x000001E52A40CC40>, bitsMode=UNKNOWN, blendMode='avg', bpc=(8, 8, 8), color=array([0, 0, 0]), colorSpace='rgb', depthBits=8, fullscr=<method-wrapper '__getattribute__' of attributeSetter object at 0x000001E52A40CA90>, gamma=None, gammaErrorPolicy='raise', lms=UNKNOWN, monitor=<psychopy.monitors.calibTools.Monitor object at 0x000001E52A851790>, multiSample=False, name='window1', numSamples=2, pos=(1920, 789), screen=0, size=array([1920, 1080]), stencilBits=0, stereo=False, title='PsychoPy', units='height', useFBO=True, useRetina=False, viewOri=0.0, viewPos=None, viewScale=None, waitBlanking=True, winType='pyglet')
6.1034 	EXP 	window1: mouseVisible = True
6.1034 	EXP 	window1: backgroundImage = ''
6.1034 	EXP 	window1: backgroundFit = 'none'
6.1051 	EXP 	window1: Attempting to measure frame rate of screen (0) ...
6.1051 	EXP 	window1: recordFrameIntervals = False
6.2693 	EXP 	window1: recordFrameIntervals = True
6.4529 	EXP 	Screen (0) actual frame rate measured at 59.97Hz
6.4530 	EXP 	window1: recordFrameIntervals = False
6.4532 	EXP 	window1: mouseVisible = False
8.2345 	EXP 	untitled: status = STARTED
8.2349 	EXP 	window1: mouseVisible = True
9.4034 	EXP 	Created image_11 = ImageStim(__class__=<class 'psychopy.visual.image.ImageStim'>, anchor=('center', 'center'), autoLog=True, color=array([1., 1., 1.]), colorSpace='rgb', contrast=1.0, depth=0.0, draggable=False, flipHoriz=False, flipVert=False, image='pngs/pexels-riciardus-228094.jpg', interpolate=True, mask=None, maskParams=None, name='image_11', opacity=0.6, ori=0.0, pos=array([0., 0.]), size=array([2., 1.]), texRes=128.0, units='height', win=Window(...))
9.4037 	EXP 	window1: mouseVisible = True
9.5048 	EXP 	Created text_19 = TextStim(__class__=<class 'psychopy.visual.text.TextStim'>, alignHoriz=method-wrapper(...), alignText='center', alignVert=method-wrapper(...), anchorHoriz='center', anchorVert='center', antialias=True, autoDraw=False, autoLog=True, bold=False, color=array([-1., -1., -1.]), colorSpace='rgb', contrast=1.0, depth=-1.0, draggable=False, flipHoriz=False, flipVert=False, font='Open Sans', fontFiles=[], height=0.08, italic=False, languageStyle='LTR', name='text_19', opacity=1.0, ori=0.0, pos=array([-0.2 ,  0.18]), rgb=UNKNOWN, text='Experimento del coche autónomo', units='height', win=Window(...), wrapWidth=1)
9.5049 	EXP 	window1: mouseVisible = True
9.5255 	EXP 	Created text_8 = TextStim(__class__=<class 'psychopy.visual.text.TextStim'>, alignHoriz=method-wrapper(...), alignText='center', alignVert=method-wrapper(...), anchorHoriz='center', anchorVert='center', antialias=True, autoDraw=False, autoLog=True, bold=False, color=array([1., 1., 1.]), colorSpace='rgb', contrast=1.0, depth=0.0, draggable=False, flipHoriz=False, flipVert=False, font='Open Sans', fontFiles=[], height=0.04, italic=False, languageStyle='LTR', name='text_8', opacity=1.0, ori=0.0, pos=array([0., 0.]), rgb=UNKNOWN, text=str(...), units='height', win=Window(...), wrapWidth=1)
9.5256 	EXP 	window1: mouseVisible = True
9.7784 	EXP 	Created image_3 = ImageStim(__class__=<class 'psychopy.visual.image.ImageStim'>, anchor=('center', 'center'), autoLog=True, color=array([1., 1., 1.]), colorSpace='rgb', contrast=1.0, depth=0.0, draggable=False, flipHoriz=False, flipVert=False, image='pngs/41.png', interpolate=True, mask=None, maskParams=None, name='image_3', opacity=1.0, ori=0.0, pos=array([-0.53, -0.1 ]), size=array([0.4, 0.8]), texRes=128.0, units='height', win=Window(...))
9.7785 	EXP 	window1: mouseVisible = True
10.0397 	EXP 	Created image_4 = ImageStim(__class__=<class 'psychopy.visual.image.ImageStim'>, anchor=('center', 'center'), autoLog=True, color=array([1., 1., 1.]), colorSpace='rgb', contrast=1.0, depth=-1.0, draggable=False, flipHoriz=False, flipVert=False, image='pngs/42.png', interpolate=True, mask=None, maskParams=None, name='image_4', opacity=1.0, ori=0.0, pos=array([ 0.53, -0.1 ]), size=array([0.4, 0.8]), texRes=128.0, units='height', win=Window(...))
10.0398 	EXP 	window1: mouseVisible = True
10.0433 	EXP 	Created text_9 = TextStim(__class__=<class 'psychopy.visual.text.TextStim'>, alignHoriz=method-wrapper(...), alignText='center', alignVert=method-wrapper(...), anchorHoriz='center', anchorVert='center', antialias=True, autoDraw=False, autoLog=True, bold=False, color=array([1., 1., 1.]), colorSpace='rgb', contrast=1.0, depth=-3.0, draggable=False, flipHoriz=False, flipVert=False, font='Open Sans', fontFiles=[], height=0.04, italic=False, languageStyle='LTR', name='text_9', opacity=1.0, ori=0.0, pos=array([ 0.  , -0.25]), rgb=UNKNOWN, text=str(...), units='height', win=Window(...), wrapWidth=1)
10.0434 	EXP 	window1: mouseVisible = True
10.0472 	EXP 	Created text_10 = TextStim(__class__=<class 'psychopy.visual.text.TextStim'>, alignHoriz=method-wrapper(...), alignText='center', alignVert=method-wrapper(...), anchorHoriz='center', anchorVert='center', antialias=True, autoDraw=False, autoLog=True, bold=False, color=array([1., 1., 1.]), colorSpace='rgb', contrast=1.0, depth=-4.0, draggable=False, flipHoriz=False, flipVert=False, font='Open Sans', fontFiles=[], height=0.04, italic=False, languageStyle='LTR', name='text_10', opacity=1.0, ori=0.0, pos=array([0. , 0.4]), rgb=UNKNOWN, text=str(...), units='height', win=Window(...), wrapWidth=1)
10.0472 	EXP 	window1: mouseVisible = True
10.0546 	EXP 	Created text_11 = TextStim(__class__=<class 'psychopy.visual.text.TextStim'>, alignHoriz=method-wrapper(...), alignText='center', alignVert=method-wrapper(...), anchorHoriz='center', anchorVert='center', antialias=True, autoDraw=False, autoLog=True, bold=False, color=array([1., 1., 1.]), colorSpace='rgb', contrast=1.0, depth=0.0, draggable=False, flipHoriz=False, flipVert=False, font='Open Sans', fontFiles=[], height=0.04, italic=False, languageStyle='LTR', name='text_11', opacity=1.0, ori=0.0, pos=array([0. , 0.4]), rgb=UNKNOWN, text=str(...), units='height', win=Window(...), wrapWidth=1)
10.0549 	EXP 	window1: mouseVisible = True
10.0596 	EXP 	Created text_12 = TextStim(__class__=<class 'psychopy.visual.text.TextStim'>, alignHoriz=method-wrapper(...), alignText='center', alignVert=method-wrapper(...), anchorHoriz='center', anchorVert='center', antialias=True, autoDraw=False, autoLog=True, bold=False, color=array([1., 1., 1.]), colorSpace='rgb', contrast=1.0, depth=-1.0, draggable=False, flipHoriz=False, flipVert=False, font='Open Sans', fontFiles=[], height=0.04, italic=False, languageStyle='LTR', name='text_12', opacity=1.0, ori=0.0, pos=array([-0.5 ,  0.25]), rgb=UNKNOWN, text='hombre', units='height', win=Window(...), wrapWidth=1)
10.0600 	EXP 	window1: mouseVisible = True
10.0640 	EXP 	Created text_13 = TextStim(__class__=<class 'psychopy.visual.text.TextStim'>, alignHoriz=method-wrapper(...), alignText='center', alignVert=method-wrapper(...), anchorHoriz='center', anchorVert='center', antialias=True, autoDraw=False, autoLog=True, bold=False, color=array([1., 1., 1.]), colorSpace='rgb', contrast=1.0, depth=-2.0, draggable=False, flipHoriz=False, flipVert=False, font='Open Sans', fontFiles=[], height=0.04, italic=False, languageStyle='LTR', name='text_13', opacity=1.0, ori=0.0, pos=array([-0.5,  0. ]), rgb=UNKNOWN, text='mujer', units='height', win=Window(...), wrapWidth=1)
10.0641 	EXP 	window1: mouseVisible = True
10.0658 	EXP 	Created text_14 = TextStim(__class__=<class 'psychopy.visual.text.TextStim'>, alignHoriz=method-wrapper(...), alignText='center', alignVert=method-wrapper(...), anchorHoriz='center', anchorVert='center', antialias=True, autoDraw=False, autoLog=True, bold=False, color=array([1., 1., 1.]), colorSpace='rgb', contrast=1.0, depth=-3.0, draggable=False, flipHoriz=False, flipVert=False, font='Open Sans', fontFiles=[], height=0.04, italic=False, languageStyle='LTR', name='text_14', opacity=1.0, ori=0.0, pos=array([-0.5 , -0.25]), rgb=UNKNOWN, text='delincuente', units='height', win=Window(...), wrapWidth=1)
10.0659 	EXP 	window1: mouseVisible = True
10.0673 	EXP 	Created text_15 = TextStim(__class__=<class 'psychopy.visual.text.TextStim'>, alignHoriz=method-wrapper(...), alignText='center', alignVert=method-wrapper(...), anchorHoriz='center', anchorVert='center', antialias=True, autoDraw=False, autoLog=True, bold=False, color=array([1., 1., 1.]), colorSpace='rgb', contrast=1.0, depth=-4.0, draggable=False, flipHoriz=False, flipVert=False, font='Open Sans', fontFiles=[], height=0.04, italic=False, languageStyle='LTR', name='text_15', opacity=1.0, ori=0.0, pos=array([0.5 , 0.25]), rgb=UNKNOWN, text='animal', units='height', win=Window(...), wrapWidth=1)
10.0673 	EXP 	window1: mouseVisible = True
10.0692 	EXP 	Created text_16 = TextStim(__class__=<class 'psychopy.visual.text.TextStim'>, alignHoriz=method-wrapper(...), alignText='center', alignVert=method-wrapper(...), anchorHoriz='center', anchorVert='center', antialias=True, autoDraw=False, autoLog=True, bold=False, color=array([1., 1., 1.]), colorSpace='rgb', contrast=1.0, depth=-5.0, draggable=False, flipHoriz=False, flipVert=False, font='Open Sans', fontFiles=[], height=0.04, italic=False, languageStyle='LTR', name='text_16', opacity=1.0, ori=0.0, pos=array([0.5, 0. ]), rgb=UNKNOWN, text='peatón puede cruzar', units='height', win=Window(...), wrapWidth=1)
10.0692 	EXP 	window1: mouseVisible = True
10.0710 	EXP 	Created text_17 = TextStim(__class__=<class 'psychopy.visual.text.TextStim'>, alignHoriz=method-wrapper(...), alignText='center', alignVert=method-wrapper(...), anchorHoriz='center', anchorVert='center', antialias=True, autoDraw=False, autoLog=True, bold=False, color=array([1., 1., 1.]), colorSpace='rgb', contrast=1.0, depth=-6.0, draggable=False, flipHoriz=False, flipVert=False, font='Open Sans', fontFiles=[], height=0.04, italic=False, languageStyle='LTR', name='text_17', opacity=1.0, ori=0.0, pos=array([ 0.5 , -0.25]), rgb=UNKNOWN, text='peatón no puede cruzar', units='height', win=Window(...), wrapWidth=1)
10.0711 	EXP 	window1: mouseVisible = True
10.0745 	EXP 	Created image_5 = ImageStim(__class__=<class 'psychopy.visual.image.ImageStim'>, anchor=('center', 'center'), autoLog=True, color=array([1., 1., 1.]), colorSpace='rgb', contrast=1.0, depth=-7.0, draggable=False, flipHoriz=False, flipVert=False, image='pngs/hombre.png', interpolate=True, mask=None, maskParams=None, name='image_5', opacity=1.0, ori=0.0, pos=array([-0.65,  0.25]), size=array([0.12, 0.12]), texRes=128.0, units='height', win=Window(...))
10.0746 	EXP 	window1: mouseVisible = True
10.0781 	EXP 	Created text_18 = TextStim(__class__=<class 'psychopy.visual.text.TextStim'>, alignHoriz=method-wrapper(...), alignText='center', alignVert=method-wrapper(...), anchorHoriz='center', anchorVert='center', antialias=True, autoDraw=False, autoLog=True, bold=False, color=array([1., 1., 1.]), colorSpace='rgb', contrast=1.0, depth=-9.0, draggable=False, flipHoriz=False, flipVert=False, font='Open Sans', fontFiles=[], height=0.04, italic=False, languageStyle='LTR', name='text_18', opacity=1.0, ori=0.0, pos=array([ 0. , -0.4]), rgb=UNKNOWN, text='¡Pulsa "space" para empezar!', units='height', win=Window(...), wrapWidth=1)
10.0782 	EXP 	window1: mouseVisible = True
10.0817 	EXP 	Created image_6 = ImageStim(__class__=<class 'psychopy.visual.image.ImageStim'>, anchor=('center', 'center'), autoLog=True, color=array([1., 1., 1.]), colorSpace='rgb', contrast=1.0, depth=-10.0, draggable=False, flipHoriz=False, flipVert=False, image='pngs/mujer.png', interpolate=True, mask=None, maskParams=None, name='image_6', opacity=1.0, ori=0.0, pos=array([-0.7,  0. ]), size=array([0.15, 0.15]), texRes=128.0, units='height', win=Window(...))
10.0818 	EXP 	window1: mouseVisible = True
10.0853 	EXP 	Created image_7 = ImageStim(__class__=<class 'psychopy.visual.image.ImageStim'>, anchor=('center', 'center'), autoLog=True, color=array([1., 1., 1.]), colorSpace='rgb', contrast=1.0, depth=-11.0, draggable=False, flipHoriz=False, flipVert=False, image='pngs/delincuente.png', interpolate=True, mask=None, maskParams=None, name='image_7', opacity=1.0, ori=0.0, pos=array([-0.7 , -0.25]), size=array([0.15, 0.12]), texRes=128.0, units='height', win=Window(...))
10.0854 	EXP 	window1: mouseVisible = True
10.0904 	EXP 	Created image_8 = ImageStim(__class__=<class 'psychopy.visual.image.ImageStim'>, anchor=('center', 'center'), autoLog=True, color=array([1., 1., 1.]), colorSpace='rgb', contrast=1.0, depth=-12.0, draggable=False, flipHoriz=False, flipVert=False, image='pngs/animal.png', interpolate=True, mask=None, maskParams=None, name='image_8', opacity=1.0, ori=0.0, pos=array([0.3 , 0.25]), size=array([0.15, 0.15]), texRes=128.0, units='height', win=Window(...))
10.0905 	EXP 	window1: mouseVisible = True
10.0942 	EXP 	Created image_9 = ImageStim(__class__=<class 'psychopy.visual.image.ImageStim'>, anchor=('center', 'center'), autoLog=True, color=array([1., 1., 1.]), colorSpace='rgb', contrast=1.0, depth=-13.0, draggable=False, flipHoriz=False, flipVert=False, image='pngs/peaton_verde.png', interpolate=True, mask=None, maskParams=None, name='image_9', opacity=1.0, ori=0.0, pos=array([0.2, 0. ]), size=array([0.1 , 0.15]), texRes=128.0, units='height', win=Window(...))
10.0943 	EXP 	window1: mouseVisible = True
10.0981 	EXP 	Created image_10 = ImageStim(__class__=<class 'psychopy.visual.image.ImageStim'>, anchor=('center', 'center'), autoLog=True, color=array([1., 1., 1.]), colorSpace='rgb', contrast=1.0, depth=-14.0, draggable=False, flipHoriz=False, flipVert=False, image='pngs/peaton_rojo.png', interpolate=True, mask=None, maskParams=None, name='image_10', opacity=1.0, ori=0.0, pos=array([ 0.2 , -0.25]), size=array([0.1 , 0.15]), texRes=128.0, units='height', win=Window(...))
10.0982 	EXP 	window1: mouseVisible = True
10.1054 	EXP 	Created image = ImageStim(__class__=<class 'psychopy.visual.image.ImageStim'>, anchor=('center', 'center'), autoLog=True, color=array([1., 1., 1.]), colorSpace='rgb', contrast=1.0, depth=0.0, draggable=False, flipHoriz=False, flipVert=False, image='default.png', interpolate=True, mask=None, maskParams=None, name='image', opacity=1.0, ori=0.0, pos=array([-0.5,  0. ]), size=array([0.6, 1. ]), texRes=128.0, units='height', win=Window(...))
10.1055 	EXP 	window1: mouseVisible = True
10.1128 	EXP 	Created image_2 = ImageStim(__class__=<class 'psychopy.visual.image.ImageStim'>, anchor=('center', 'center'), autoLog=True, color=array([1., 1., 1.]), colorSpace='rgb', contrast=1.0, depth=-1.0, draggable=False, flipHoriz=False, flipVert=False, image='default.png', interpolate=True, mask=None, maskParams=None, name='image_2', opacity=1.0, ori=0.0, pos=array([0.5, 0. ]), size=array([0.6, 1. ]), texRes=128.0, units='height', win=Window(...))
10.1130 	EXP 	window1: mouseVisible = True
10.1137 	EXP 	Created text = TextStim(__class__=<class 'psychopy.visual.text.TextStim'>, alignHoriz=method-wrapper(...), alignText='center', alignVert=method-wrapper(...), anchorHoriz='center', anchorVert='center', antialias=True, autoDraw=False, autoLog=True, bold=False, color=array([1., 1., 1.]), colorSpace='rgb', contrast=1.0, depth=0.0, draggable=False, flipHoriz=False, flipVert=False, font='Open Sans', fontFiles=[], height=0.04, italic=False, languageStyle='LTR', name='text', opacity=1.0, ori=0.0, pos=array([0. , 0.3]), rgb=UNKNOWN, text='', units='height', win=Window(...), wrapWidth=1)
10.1138 	EXP 	window1: mouseVisible = True
10.1144 	EXP 	Created text_2 = TextStim(__class__=<class 'psychopy.visual.text.TextStim'>, alignHoriz=method-wrapper(...), alignText='center', alignVert=method-wrapper(...), anchorHoriz='center', anchorVert='center', antialias=True, autoDraw=False, autoLog=True, bold=False, color=array([1., 1., 1.]), colorSpace='rgb', contrast=1.0, depth=-1.0, draggable=False, flipHoriz=False, flipVert=False, font='Open Sans', fontFiles=[], height=0.04, italic=False, languageStyle='LTR', name='text_2', opacity=1.0, ori=0.0, pos=array([0. , 0.2]), rgb=UNKNOWN, text='', units='height', win=Window(...), wrapWidth=1)
10.1145 	EXP 	window1: mouseVisible = True
10.1151 	EXP 	Created text_3 = TextStim(__class__=<class 'psychopy.visual.text.TextStim'>, alignHoriz=method-wrapper(...), alignText='center', alignVert=method-wrapper(...), anchorHoriz='center', anchorVert='center', antialias=True, autoDraw=False, autoLog=True, bold=False, color=array([1., 1., 1.]), colorSpace='rgb', contrast=1.0, depth=-2.0, draggable=False, flipHoriz=False, flipVert=False, font='Open Sans', fontFiles=[], height=0.04, italic=False, languageStyle='LTR', name='text_3', opacity=1.0, ori=0.0, pos=array([0. , 0.1]), rgb=UNKNOWN, text='', units='height', win=Window(...), wrapWidth=1)
10.1151 	EXP 	window1: mouseVisible = True
10.1157 	EXP 	Created text_4 = TextStim(__class__=<class 'psychopy.visual.text.TextStim'>, alignHoriz=method-wrapper(...), alignText='center', alignVert=method-wrapper(...), anchorHoriz='center', anchorVert='center', antialias=True, autoDraw=False, autoLog=True, bold=False, color=array([1., 1., 1.]), colorSpace='rgb', contrast=1.0, depth=-3.0, draggable=False, flipHoriz=False, flipVert=False, font='Open Sans', fontFiles=[], height=0.04, italic=False, languageStyle='LTR', name='text_4', opacity=1.0, ori=0.0, pos=array([0., 0.]), rgb=UNKNOWN, text='', units='height', win=Window(...), wrapWidth=1)
10.1158 	EXP 	window1: mouseVisible = True
10.1164 	EXP 	Created text_5 = TextStim(__class__=<class 'psychopy.visual.text.TextStim'>, alignHoriz=method-wrapper(...), alignText='center', alignVert=method-wrapper(...), anchorHoriz='center', anchorVert='center', antialias=True, autoDraw=False, autoLog=True, bold=False, color=array([1., 1., 1.]), colorSpace='rgb', contrast=1.0, depth=-4.0, draggable=False, flipHoriz=False, flipVert=False, font='Open Sans', fontFiles=[], height=0.04, italic=False, languageStyle='LTR', name='text_5', opacity=1.0, ori=0.0, pos=array([ 0. , -0.1]), rgb=UNKNOWN, text='', units='height', win=Window(...), wrapWidth=1)
10.1165 	EXP 	window1: mouseVisible = True
10.1170 	EXP 	Created text_6 = TextStim(__class__=<class 'psychopy.visual.text.TextStim'>, alignHoriz=method-wrapper(...), alignText='center', alignVert=method-wrapper(...), anchorHoriz='center', anchorVert='center', antialias=True, autoDraw=False, autoLog=True, bold=False, color=array([1., 1., 1.]), colorSpace='rgb', contrast=1.0, depth=-5.0, draggable=False, flipHoriz=False, flipVert=False, font='Open Sans', fontFiles=[], height=0.04, italic=False, languageStyle='LTR', name='text_6', opacity=1.0, ori=0.0, pos=array([ 0. , -0.2]), rgb=UNKNOWN, text='', units='height', win=Window(...), wrapWidth=1)
10.1171 	EXP 	window1: mouseVisible = True
10.1192 	EXP 	Created text_7 = TextStim(__class__=<class 'psychopy.visual.text.TextStim'>, alignHoriz=method-wrapper(...), alignText='center', alignVert=method-wrapper(...), anchorHoriz='center', anchorVert='center', antialias=True, autoDraw=False, autoLog=True, bold=False, color=array([1., 1., 1.]), colorSpace='rgb', contrast=1.0, depth=-6.0, draggable=False, flipHoriz=False, flipVert=False, font='Open Sans', fontFiles=[], height=0.04, italic=False, languageStyle='LTR', name='text_7', opacity=1.0, ori=0.0, pos=array([ 0. , -0.4]), rgb=UNKNOWN, text='Para salir, pulsa "space"', units='height', win=Window(...), wrapWidth=1)
0.0348 	EXP 	image_11: autoDraw = True
0.0348 	EXP 	text_19: autoDraw = True
0.7320 	DATA 	Mouse: Left button down, pos=(1394,472)
0.8478 	DATA 	Mouse:  Left button up, pos=(1394,472)
1.3315 	DATA 	Keypress: space
5.0265 	EXP 	image_11: autoDraw = False
5.0265 	EXP 	text_19: autoDraw = False
5.0265 	EXP 	text_8: autoDraw = True
5.6629 	DATA 	Keypress: space
5.6935 	EXP 	text_8: autoDraw = False
5.6935 	EXP 	image_3: autoDraw = True
5.6935 	EXP 	image_4: autoDraw = True
5.6935 	EXP 	text_9: autoDraw = True
5.6935 	EXP 	text_10: autoDraw = True
6.7677 	DATA 	Keypress: right
6.7758 	EXP 	image_3: autoDraw = False
6.7758 	EXP 	image_4: autoDraw = False
6.7758 	EXP 	text_9: autoDraw = False
6.7758 	EXP 	text_10: autoDraw = False
6.7758 	EXP 	text_11: autoDraw = True
6.7758 	EXP 	text_12: autoDraw = True
6.7758 	EXP 	text_13: autoDraw = True
6.7758 	EXP 	text_14: autoDraw = True
6.7758 	EXP 	text_15: autoDraw = True
6.7758 	EXP 	text_16: autoDraw = True
6.7758 	EXP 	text_17: autoDraw = True
6.7758 	EXP 	image_5: autoDraw = True
6.7758 	EXP 	text_18: autoDraw = True
6.7758 	EXP 	image_6: autoDraw = True
6.7758 	EXP 	image_7: autoDraw = True
6.7758 	EXP 	image_8: autoDraw = True
6.7758 	EXP 	image_9: autoDraw = True
6.7758 	EXP 	image_10: autoDraw = True
8.3638 	EXP 	Imported trials_coche3.csv as conditions, 40 conditions, 14 params
8.3641 	EXP 	Created sequence: random, trialTypes=40, nReps=1, seed=None
8.3643 	EXP 	New trial (rep=0, index=0): OrderedDict([('imagen1', 'pngs\\59.png'), ('imagen2', 'pngs\\60.png'), ('hm1', 0), ('cp1', -1), ('ai1', 1), ('pa1', 0), ('vr1', -1), ('cl1', 0), ('hm2', 0), ('cp2', 1), ('ai2', -1), ('pa2', 0), ('vr2', 1), ('cl2', 0)])
8.4966 	DATA 	Keypress: space
8.5086 	EXP 	text_11: autoDraw = False
8.5086 	EXP 	text_12: autoDraw = False
8.5086 	EXP 	text_13: autoDraw = False
8.5086 	EXP 	text_14: autoDraw = False
8.5086 	EXP 	text_15: autoDraw = False
8.5086 	EXP 	text_16: autoDraw = False
8.5086 	EXP 	text_17: autoDraw = False
8.5086 	EXP 	image_5: autoDraw = False
8.5086 	EXP 	text_18: autoDraw = False
8.5086 	EXP 	image_6: autoDraw = False
8.5086 	EXP 	image_7: autoDraw = False
8.5086 	EXP 	image_8: autoDraw = False
8.5086 	EXP 	image_9: autoDraw = False
8.5086 	EXP 	image_10: autoDraw = False
8.5086 	EXP 	image: image = 'pngs\\59.png'
8.5086 	EXP 	image_2: image = 'pngs\\60.png'
8.5086 	EXP 	image: autoDraw = True
8.5086 	EXP 	image_2: autoDraw = True
9.3089 	EXP 	New trial (rep=0, index=1): OrderedDict([('imagen1', 'pngs\\75.png'), ('imagen2', 'pngs\\76.png'), ('hm1', 0), ('cp1', -1), ('ai1', 1), ('pa1', 0), ('vr1', -1), ('cl1', 1), ('hm2', 0), ('cp2', 1), ('ai2', -1), ('pa2', 0), ('vr2', 1), ('cl2', -1)])
9.4373 	DATA 	Keypress: right
9.4448 	EXP 	image: autoDraw = False
9.4448 	EXP 	image_2: autoDraw = False
9.4448 	EXP 	image: image = 'pngs\\75.png'
9.4448 	EXP 	image_2: image = 'pngs\\76.png'
9.4448 	EXP 	image: autoDraw = True
9.4448 	EXP 	image_2: autoDraw = True
9.4743 	EXP 	New trial (rep=0, index=2): OrderedDict([('imagen1', 'pngs\\27.png'), ('imagen2', 'pngs\\28.png'), ('hm1', 1), ('cp1', -1), ('ai1', 1), ('pa1', 0), ('vr1', -1), ('cl1', 0), ('hm2', -1), ('cp2', 1), ('ai2', -1), ('pa2', 0), ('vr2', 1), ('cl2', 0)])
9.6007 	DATA 	Keypress: left
9.6082 	EXP 	image: autoDraw = False
9.6082 	EXP 	image_2: autoDraw = False
9.6082 	EXP 	image: image = 'pngs\\27.png'
9.6082 	EXP 	image_2: image = 'pngs\\28.png'
9.6082 	EXP 	image: autoDraw = True
9.6082 	EXP 	image_2: autoDraw = True
9.6582 	EXP 	New trial (rep=0, index=3): OrderedDict([('imagen1', 'pngs\\23.png'), ('imagen2', 'pngs\\24.png'), ('hm1', 1), ('cp1', 1), ('ai1', 1), ('pa1', 0), ('vr1', 1), ('cl1', 0), ('hm2', -1), ('cp2', -1), ('ai2', -1), ('pa2', 0), ('vr2', -1), ('cl2', 0)])
9.7845 	DATA 	Keypress: left
9.7921 	EXP 	image: autoDraw = False
9.7921 	EXP 	image_2: autoDraw = False
9.7921 	EXP 	image: image = 'pngs\\23.png'
9.7921 	EXP 	image_2: image = 'pngs\\24.png'
9.7921 	EXP 	image: autoDraw = True
9.7921 	EXP 	image_2: autoDraw = True
9.8242 	EXP 	New trial (rep=0, index=4): OrderedDict([('imagen1', 'pngs\\5.png'), ('imagen2', 'pngs\\6.png'), ('hm1', 0), ('cp1', 1), ('ai1', 1), ('pa1', 0), ('vr1', -1), ('cl1', 0), ('hm2', 0), ('cp2', -1), ('ai2', -1), ('pa2', 0), ('vr2', 1), ('cl2', 0)])
9.9639 	DATA 	Keypress: left
9.9820 	EXP 	image: autoDraw = False
9.9820 	EXP 	image_2: autoDraw = False
9.9820 	EXP 	image: image = 'pngs\\5.png'
9.9820 	EXP 	image_2: image = 'pngs\\6.png'
9.9820 	EXP 	image: autoDraw = True
9.9820 	EXP 	image_2: autoDraw = True
9.9839 	DATA 	Keypress: left
10.1082 	EXP 	New trial (rep=0, index=5): OrderedDict([('imagen1', 'pngs\\1.png'), ('imagen2', 'pngs\\2.png'), ('hm1', 0), ('cp1', -1), ('ai1', 1), ('pa1', 0), ('vr1', 1), ('cl1', 0), ('hm2', 0), ('cp2', 1), ('ai2', -1), ('pa2', 0), ('vr2', -1), ('cl2', 0)])
10.2347 	DATA 	Keypress: right
10.2426 	EXP 	image: autoDraw = False
10.2426 	EXP 	image_2: autoDraw = False
10.2426 	EXP 	image: image = 'pngs\\1.png'
10.2426 	EXP 	image_2: image = 'pngs\\2.png'
10.2426 	EXP 	image: autoDraw = True
10.2426 	EXP 	image_2: autoDraw = True
10.2745 	EXP 	New trial (rep=0, index=6): OrderedDict([('imagen1', 'pngs\\31.png'), ('imagen2', 'pngs\\32.png'), ('hm1', -1), ('cp1', 1), ('ai1', 1), ('pa1', 0), ('vr1', 1), ('cl1', 0), ('hm2', 1), ('cp2', -1), ('ai2', -1), ('pa2', 0), ('vr2', -1), ('cl2', 0)])
10.4029 	DATA 	Keypress: right
10.4200 	EXP 	image: autoDraw = False
10.4200 	EXP 	image_2: autoDraw = False
10.4200 	EXP 	image: image = 'pngs\\31.png'
10.4200 	EXP 	image_2: image = 'pngs\\32.png'
10.4200 	EXP 	image: autoDraw = True
10.4200 	EXP 	image_2: autoDraw = True
10.4911 	EXP 	New trial (rep=0, index=7): OrderedDict([('imagen1', 'pngs\\17.png'), ('imagen2', 'pngs\\18.png'), ('hm1', -1), ('cp1', -1), ('ai1', 1), ('pa1', 0), ('vr1', 1), ('cl1', 0), ('hm2', 1), ('cp2', 1), ('ai2', -1), ('pa2', 0), ('vr2', -1), ('cl2', 0)])
10.6182 	DATA 	Keypress: left
10.6343 	EXP 	image: autoDraw = False
10.6343 	EXP 	image_2: autoDraw = False
10.6343 	EXP 	image: image = 'pngs\\17.png'
10.6343 	EXP 	image_2: image = 'pngs\\18.png'
10.6343 	EXP 	image: autoDraw = True
10.6343 	EXP 	image_2: autoDraw = True
10.6573 	EXP 	New trial (rep=0, index=8): OrderedDict([('imagen1', 'pngs\\49.png'), ('imagen2', 'pngs\\50.png'), ('hm1', 0), ('cp1', -1), ('ai1', 1), ('pa1', 1), ('vr1', 1), ('cl1', 0), ('hm2', 0), ('cp2', 1), ('ai2', -1), ('pa2', -1), ('vr2', -1), ('cl2', 0)])
10.7838 	DATA 	Keypress: left
10.7917 	EXP 	image: autoDraw = False
10.7917 	EXP 	image_2: autoDraw = False
10.7917 	EXP 	image: image = 'pngs\\49.png'
10.7917 	EXP 	image_2: image = 'pngs\\50.png'
10.7917 	EXP 	image: autoDraw = True
10.7917 	EXP 	image_2: autoDraw = True
10.8075 	EXP 	New trial (rep=0, index=9): OrderedDict([('imagen1', 'pngs\\25.png'), ('imagen2', 'pngs\\26.png'), ('hm1', 1), ('cp1', -1), ('ai1', 1), ('pa1', 0), ('vr1', 1), ('cl1', 0), ('hm2', -1), ('cp2', 1), ('ai2', -1), ('pa2', 0), ('vr2', -1), ('cl2', 0)])
10.9344 	DATA 	Keypress: left
10.9421 	EXP 	image: autoDraw = False
10.9421 	EXP 	image_2: autoDraw = False
10.9421 	EXP 	image: image = 'pngs\\25.png'
10.9421 	EXP 	image_2: image = 'pngs\\26.png'
10.9421 	EXP 	image: autoDraw = True
10.9421 	EXP 	image_2: autoDraw = True
10.9744 	EXP 	New trial (rep=0, index=10): OrderedDict([('imagen1', 'pngs\\13.png'), ('imagen2', 'pngs\\14.png'), ('hm1', 0), ('cp1', 1), ('ai1', 1), ('pa1', 0), ('vr1', -1), ('cl1', 0), ('hm2', 0), ('cp2', -1), ('ai2', -1), ('pa2', 0), ('vr2', 1), ('cl2', 0)])
11.1002 	DATA 	Keypress: right
11.1091 	EXP 	image: autoDraw = False
11.1091 	EXP 	image_2: autoDraw = False
11.1091 	EXP 	image: image = 'pngs\\13.png'
11.1091 	EXP 	image_2: image = 'pngs\\14.png'
11.1091 	EXP 	image: autoDraw = True
11.1091 	EXP 	image_2: autoDraw = True
11.1572 	EXP 	New trial (rep=0, index=11): OrderedDict([('imagen1', 'pngs\\55.png'), ('imagen2', 'pngs\\56.png'), ('hm1', 0), ('cp1', 1), ('ai1', 1), ('pa1', -1), ('vr1', 1), ('cl1', 0), ('hm2', 0), ('cp2', -1), ('ai2', -1), ('pa2', 1), ('vr2', -1), ('cl2', 0)])
11.2832 	DATA 	Keypress: right
11.3005 	EXP 	image: autoDraw = False
11.3005 	EXP 	image_2: autoDraw = False
11.3005 	EXP 	image: image = 'pngs\\55.png'
11.3005 	EXP 	image_2: image = 'pngs\\56.png'
11.3005 	EXP 	image: autoDraw = True
11.3005 	EXP 	image_2: autoDraw = True
11.3029 	DATA 	Keypress: left
11.4570 	EXP 	New trial (rep=0, index=12): OrderedDict([('imagen1', 'pngs\\65.png'), ('imagen2', 'pngs\\66.png'), ('hm1', 0), ('cp1', -1), ('ai1', 1), ('pa1', 0), ('vr1', 1), ('cl1', -1), ('hm2', 0), ('cp2', 1), ('ai2', -1), ('pa2', 0), ('vr2', -1), ('cl2', 1)])
11.5849 	DATA 	Keypress: left
11.6014 	EXP 	image: autoDraw = False
11.6014 	EXP 	image_2: autoDraw = False
11.6014 	EXP 	image: image = 'pngs\\65.png'
11.6014 	EXP 	image_2: image = 'pngs\\66.png'
11.6014 	EXP 	image: autoDraw = True
11.6014 	EXP 	image_2: autoDraw = True
11.6098 	EXP 	New trial (rep=0, index=13): OrderedDict([('imagen1', 'pngs\\69.png'), ('imagen2', 'pngs\\70.png'), ('hm1', 0), ('cp1', 1), ('ai1', 1), ('pa1', 0), ('vr1', -1), ('cl1', 1), ('hm2', 0), ('cp2', -1), ('ai2', -1), ('pa2', 0), ('vr2', 1), ('cl2', -1)])
11.7360 	DATA 	Keypress: left
11.7440 	EXP 	image: autoDraw = False
11.7440 	EXP 	image_2: autoDraw = False
11.7440 	EXP 	image: image = 'pngs\\69.png'
11.7440 	EXP 	image_2: image = 'pngs\\70.png'
11.7440 	EXP 	image: autoDraw = True
11.7440 	EXP 	image_2: autoDraw = True
11.7739 	EXP 	New trial (rep=0, index=14): OrderedDict([('imagen1', 'pngs\\41.png'), ('imagen2', 'pngs\\42.png'), ('hm1', 0), ('cp1', -1), ('ai1', 1), ('pa1', -1), ('vr1', 1), ('cl1', 0), ('hm2', 0), ('cp2', 1), ('ai2', -1), ('pa2', 1), ('vr2', -1), ('cl2', 0)])
11.9018 	DATA 	Keypress: left
11.9094 	EXP 	image: autoDraw = False
11.9094 	EXP 	image_2: autoDraw = False
11.9094 	EXP 	image: image = 'pngs\\41.png'
11.9094 	EXP 	image_2: image = 'pngs\\42.png'
11.9094 	EXP 	image: autoDraw = True
11.9094 	EXP 	image_2: autoDraw = True
11.9401 	EXP 	New trial (rep=0, index=15): OrderedDict([('imagen1', 'pngs\\53.png'), ('imagen2', 'pngs\\54.png'), ('hm1', 0), ('cp1', 1), ('ai1', 1), ('pa1', -1), ('vr1', -1), ('cl1', 0), ('hm2', 0), ('cp2', -1), ('ai2', -1), ('pa2', 1), ('vr2', 1), ('cl2', 0)])
12.0654 	DATA 	Keypress: left
12.0726 	EXP 	image: autoDraw = False
12.0726 	EXP 	image_2: autoDraw = False
12.0726 	EXP 	image: image = 'pngs\\53.png'
12.0726 	EXP 	image_2: image = 'pngs\\54.png'
12.0726 	EXP 	image: autoDraw = True
12.0726 	EXP 	image_2: autoDraw = True
12.1233 	EXP 	New trial (rep=0, index=16): OrderedDict([('imagen1', 'pngs\\71.png'), ('imagen2', 'pngs\\72.png'), ('hm1', 0), ('cp1', 1), ('ai1', 1), ('pa1', 0), ('vr1', 1), ('cl1', 1), ('hm2', 0), ('cp2', -1), ('ai2', -1), ('pa2', 0), ('vr2', -1), ('cl2', -1)])
12.2482 	DATA 	Keypress: right
12.2646 	EXP 	image: autoDraw = False
12.2646 	EXP 	image_2: autoDraw = False
12.2646 	EXP 	image: image = 'pngs\\71.png'
12.2646 	EXP 	image_2: image = 'pngs\\72.png'
12.2646 	EXP 	image: autoDraw = True
12.2646 	EXP 	image_2: autoDraw = True
12.2669 	DATA 	Keypress: right
12.4396 	EXP 	New trial (rep=0, index=17): OrderedDict([('imagen1', 'pngs\\79.png'), ('imagen2', 'pngs\\80.png'), ('hm1', 0), ('cp1', 1), ('ai1', 1), ('pa1', 0), ('vr1', 1), ('cl1', -1), ('hm2', 0), ('cp2', -1), ('ai2', -1), ('pa2', 0), ('vr2', -1), ('cl2', 1)])
12.5663 	DATA 	Keypress: right
12.5741 	EXP 	image: autoDraw = False
12.5741 	EXP 	image_2: autoDraw = False
12.5741 	EXP 	image: image = 'pngs\\79.png'
12.5741 	EXP 	image_2: image = 'pngs\\80.png'
12.5741 	EXP 	image: autoDraw = True
12.5741 	EXP 	image_2: autoDraw = True
12.6061 	EXP 	New trial (rep=0, index=18): OrderedDict([('imagen1', 'pngs\\77.png'), ('imagen2', 'pngs\\78.png'), ('hm1', 0), ('cp1', 1), ('ai1', 1), ('pa1', 0), ('vr1', -1), ('cl1', -1), ('hm2', 0), ('cp2', -1), ('ai2', -1), ('pa2', 0), ('vr2', 1), ('cl2', 1)])
12.7330 	DATA 	Keypress: right
12.7492 	EXP 	image: autoDraw = False
12.7492 	EXP 	image_2: autoDraw = False
12.7492 	EXP 	image: image = 'pngs\\77.png'
12.7492 	EXP 	image_2: image = 'pngs\\78.png'
12.7492 	EXP 	image: autoDraw = True
12.7492 	EXP 	image_2: autoDraw = True
12.7897 	EXP 	New trial (rep=0, index=19): OrderedDict([('imagen1', 'pngs\\15.png'), ('imagen2', 'pngs\\16.png'), ('hm1', 0), ('cp1', 1), ('ai1', 1), ('pa1', 0), ('vr1', 1), ('cl1', 0), ('hm2', 0), ('cp2', -1), ('ai2', -1), ('pa2', 0), ('vr2', -1), ('cl2', 0)])
12.9144 	DATA 	Keypress: right
12.9316 	EXP 	image: autoDraw = False
12.9316 	EXP 	image_2: autoDraw = False
12.9316 	EXP 	image: image = 'pngs\\15.png'
12.9316 	EXP 	image_2: image = 'pngs\\16.png'
12.9316 	EXP 	image: autoDraw = True
12.9316 	EXP 	image_2: autoDraw = True
12.9344 	DATA 	Keypress: right
13.1397 	EXP 	New trial (rep=0, index=20): OrderedDict([('imagen1', 'pngs\\73.png'), ('imagen2', 'pngs\\74.png'), ('hm1', 0), ('cp1', -1), ('ai1', 1), ('pa1', 0), ('vr1', 1), ('cl1', 1), ('hm2', 0), ('cp2', 1), ('ai2', -1), ('pa2', 0), ('vr2', -1), ('cl2', -1)])
13.2657 	DATA 	Keypress: right
13.2823 	EXP 	image: autoDraw = False
13.2823 	EXP 	image_2: autoDraw = False
13.2823 	EXP 	image: image = 'pngs\\73.png'
13.2823 	EXP 	image_2: image = 'pngs\\74.png'
13.2823 	EXP 	image: autoDraw = True
13.2823 	EXP 	image_2: autoDraw = True
13.3226 	EXP 	New trial (rep=0, index=21): OrderedDict([('imagen1', 'pngs\\11.png'), ('imagen2', 'pngs\\12.png'), ('hm1', 0), ('cp1', -1), ('ai1', 1), ('pa1', 0), ('vr1', -1), ('cl1', 0), ('hm2', 0), ('cp2', 1), ('ai2', -1), ('pa2', 0), ('vr2', 1), ('cl2', 0)])
13.4498 	DATA 	Keypress: right
13.4664 	EXP 	image: autoDraw = False
13.4664 	EXP 	image_2: autoDraw = False
13.4664 	EXP 	image: image = 'pngs\\11.png'
13.4664 	EXP 	image_2: image = 'pngs\\12.png'
13.4664 	EXP 	image: autoDraw = True
13.4664 	EXP 	image_2: autoDraw = True
13.6058 	EXP 	New trial (rep=0, index=22): OrderedDict([('imagen1', 'pngs\\9.png'), ('imagen2', 'pngs\\10.png'), ('hm1', 0), ('cp1', -1), ('ai1', 1), ('pa1', 0), ('vr1', 1), ('cl1', 0), ('hm2', 0), ('cp2', 1), ('ai2', -1), ('pa2', 0), ('vr2', -1), ('cl2', 0)])
13.7310 	DATA 	Keypress: left
13.7475 	EXP 	image: autoDraw = False
13.7475 	EXP 	image_2: autoDraw = False
13.7475 	EXP 	image: image = 'pngs\\9.png'
13.7475 	EXP 	image_2: image = 'pngs\\10.png'
13.7475 	EXP 	image: autoDraw = True
13.7475 	EXP 	image_2: autoDraw = True
13.9385 	EXP 	New trial (rep=0, index=23): OrderedDict([('imagen1', 'pngs\\47.png'), ('imagen2', 'pngs\\48.png'), ('hm1', 0), ('cp1', 1), ('ai1', 1), ('pa1', 1), ('vr1', 1), ('cl1', 0), ('hm2', 0), ('cp2', -1), ('ai2', -1), ('pa2', -1), ('vr2', -1), ('cl2', 0)])
14.0648 	DATA 	Keypress: left
14.0816 	EXP 	image: autoDraw = False
14.0816 	EXP 	image_2: autoDraw = False
14.0816 	EXP 	image: image = 'pngs\\47.png'
14.0816 	EXP 	image_2: image = 'pngs\\48.png'
14.0816 	EXP 	image: autoDraw = True
14.0816 	EXP 	image_2: autoDraw = True
14.2385 	EXP 	New trial (rep=0, index=24): OrderedDict([('imagen1', 'pngs\\57.png'), ('imagen2', 'pngs\\58.png'), ('hm1', 0), ('cp1', -1), ('ai1', 1), ('pa1', 0), ('vr1', 1), ('cl1', 0), ('hm2', 0), ('cp2', 1), ('ai2', -1), ('pa2', 0), ('vr2', -1), ('cl2', 0)])
14.3638 	DATA 	Keypress: left
14.3804 	EXP 	image: autoDraw = False
14.3804 	EXP 	image_2: autoDraw = False
14.3804 	EXP 	image: image = 'pngs\\57.png'
14.3804 	EXP 	image_2: image = 'pngs\\58.png'
14.3804 	EXP 	image: autoDraw = True
14.3804 	EXP 	image_2: autoDraw = True
14.4389 	DATA 	Keypress: left
14.4550 	EXP 	New trial (rep=0, index=25): OrderedDict([('imagen1', 'pngs\\3.png'), ('imagen2', 'pngs\\4.png'), ('hm1', 0), ('cp1', -1), ('ai1', 1), ('pa1', 0), ('vr1', -1), ('cl1', 0), ('hm2', 0), ('cp2', 1), ('ai2', -1), ('pa2', 0), ('vr2', 1), ('cl2', 0)])
14.5976 	EXP 	image: autoDraw = False
14.5976 	EXP 	image_2: autoDraw = False
14.5976 	EXP 	image: image = 'pngs\\3.png'
14.5976 	EXP 	image_2: image = 'pngs\\4.png'
14.5976 	EXP 	image: autoDraw = True
14.5976 	EXP 	image_2: autoDraw = True
14.6219 	EXP 	New trial (rep=0, index=26): OrderedDict([('imagen1', 'pngs\\63.png'), ('imagen2', 'pngs\\64.png'), ('hm1', 0), ('cp1', 1), ('ai1', 1), ('pa1', 0), ('vr1', 1), ('cl1', 0), ('hm2', 0), ('cp2', -1), ('ai2', -1), ('pa2', 0), ('vr2', -1), ('cl2', 0)])
14.7474 	DATA 	Keypress: left
14.7544 	EXP 	image: autoDraw = False
14.7544 	EXP 	image_2: autoDraw = False
14.7544 	EXP 	image: image = 'pngs\\63.png'
14.7544 	EXP 	image_2: image = 'pngs\\64.png'
14.7544 	EXP 	image: autoDraw = True
14.7544 	EXP 	image_2: autoDraw = True
14.7876 	EXP 	New trial (rep=0, index=27): OrderedDict([('imagen1', 'pngs\\61.png'), ('imagen2', 'pngs\\62.png'), ('hm1', 0), ('cp1', 1), ('ai1', 1), ('pa1', 0), ('vr1', -1), ('cl1', 0), ('hm2', 0), ('cp2', -1), ('ai2', -1), ('pa2', 0), ('vr2', 1), ('cl2', 0)])
14.9137 	DATA 	Keypress: left
14.9298 	EXP 	image: autoDraw = False
14.9298 	EXP 	image_2: autoDraw = False
14.9298 	EXP 	image: image = 'pngs\\61.png'
14.9298 	EXP 	image_2: image = 'pngs\\62.png'
14.9298 	EXP 	image: autoDraw = True
14.9298 	EXP 	image_2: autoDraw = True
15.0050 	EXP 	New trial (rep=0, index=28): OrderedDict([('imagen1', 'pngs\\21.png'), ('imagen2', 'pngs\\22.png'), ('hm1', 1), ('cp1', 1), ('ai1', 1), ('pa1', 0), ('vr1', -1), ('cl1', 0), ('hm2', -1), ('cp2', -1), ('ai2', -1), ('pa2', 0), ('vr2', 1), ('cl2', 0)])
15.1321 	DATA 	Keypress: left
15.1394 	EXP 	image: autoDraw = False
15.1394 	EXP 	image_2: autoDraw = False
15.1394 	EXP 	image: image = 'pngs\\21.png'
15.1394 	EXP 	image_2: image = 'pngs\\22.png'
15.1394 	EXP 	image: autoDraw = True
15.1394 	EXP 	image_2: autoDraw = True
15.2386 	EXP 	New trial (rep=0, index=29): OrderedDict([('imagen1', 'pngs\\67.png'), ('imagen2', 'pngs\\68.png'), ('hm1', 0), ('cp1', -1), ('ai1', 1), ('pa1', 0), ('vr1', -1), ('cl1', -1), ('hm2', 0), ('cp2', 1), ('ai2', -1), ('pa2', 0), ('vr2', 1), ('cl2', 1)])
15.3659 	DATA 	Keypress: left
15.3821 	EXP 	image: autoDraw = False
15.3821 	EXP 	image_2: autoDraw = False
15.3821 	EXP 	image: image = 'pngs\\67.png'
15.3821 	EXP 	image_2: image = 'pngs\\68.png'
15.3821 	EXP 	image: autoDraw = True
15.3821 	EXP 	image_2: autoDraw = True
15.5048 	EXP 	New trial (rep=0, index=30): OrderedDict([('imagen1', 'pngs\\39.png'), ('imagen2', 'pngs\\40.png'), ('hm1', 0), ('cp1', 1), ('ai1', 1), ('pa1', 0), ('vr1', 1), ('cl1', 0), ('hm2', 0), ('cp2', -1), ('ai2', -1), ('pa2', 0), ('vr2', -1), ('cl2', 0)])
15.6298 	DATA 	Keypress: left
15.6371 	EXP 	image: autoDraw = False
15.6371 	EXP 	image_2: autoDraw = False
15.6371 	EXP 	image: image = 'pngs\\39.png'
15.6371 	EXP 	image_2: image = 'pngs\\40.png'
15.6371 	EXP 	image: autoDraw = True
15.6371 	EXP 	image_2: autoDraw = True
15.6719 	DATA 	Keypress: left
15.6873 	EXP 	New trial (rep=0, index=31): OrderedDict([('imagen1', 'pngs\\7.png'), ('imagen2', 'pngs\\8.png'), ('hm1', 0), ('cp1', 1), ('ai1', 1), ('pa1', 0), ('vr1', 1), ('cl1', 0), ('hm2', 0), ('cp2', -1), ('ai2', -1), ('pa2', 0), ('vr2', -1), ('cl2', 0)])
15.8220 	EXP 	image: autoDraw = False
15.8220 	EXP 	image_2: autoDraw = False
15.8220 	EXP 	image: image = 'pngs\\7.png'
15.8220 	EXP 	image_2: image = 'pngs\\8.png'
15.8220 	EXP 	image: autoDraw = True
15.8220 	EXP 	image_2: autoDraw = True
15.8555 	DATA 	Keypress: left
15.8708 	EXP 	New trial (rep=0, index=32): OrderedDict([('imagen1', 'pngs\\45.png'), ('imagen2', 'pngs\\46.png'), ('hm1', 0), ('cp1', 1), ('ai1', 1), ('pa1', 1), ('vr1', -1), ('cl1', 0), ('hm2', 0), ('cp2', -1), ('ai2', -1), ('pa2', -1), ('vr2', 1), ('cl2', 0)])
16.0130 	EXP 	image: autoDraw = False
16.0130 	EXP 	image_2: autoDraw = False
16.0130 	EXP 	image: image = 'pngs\\45.png'
16.0130 	EXP 	image_2: image = 'pngs\\46.png'
16.0130 	EXP 	image: autoDraw = True
16.0130 	EXP 	image_2: autoDraw = True
16.0376 	EXP 	New trial (rep=0, index=33): OrderedDict([('imagen1', 'pngs\\37.png'), ('imagen2', 'pngs\\38.png'), ('hm1', 0), ('cp1', 1), ('ai1', 1), ('pa1', 0), ('vr1', -1), ('cl1', 0), ('hm2', 0), ('cp2', -1), ('ai2', -1), ('pa2', 0), ('vr2', 1), ('cl2', 0)])
16.1636 	DATA 	Keypress: left
16.1710 	EXP 	image: autoDraw = False
16.1710 	EXP 	image_2: autoDraw = False
16.1710 	EXP 	image: image = 'pngs\\37.png'
16.1710 	EXP 	image_2: image = 'pngs\\38.png'
16.1710 	EXP 	image: autoDraw = True
16.1710 	EXP 	image_2: autoDraw = True
16.2040 	EXP 	New trial (rep=0, index=34): OrderedDict([('imagen1', 'pngs\\35.png'), ('imagen2', 'pngs\\36.png'), ('hm1', 0), ('cp1', -1), ('ai1', 1), ('pa1', 0), ('vr1', -1), ('cl1', 0), ('hm2', 0), ('cp2', 1), ('ai2', -1), ('pa2', 0), ('vr2', 1), ('cl2', 0)])
16.3295 	DATA 	Keypress: left
16.3460 	EXP 	image: autoDraw = False
16.3460 	EXP 	image_2: autoDraw = False
16.3460 	EXP 	image: image = 'pngs\\35.png'
16.3460 	EXP 	image_2: image = 'pngs\\36.png'
16.3460 	EXP 	image: autoDraw = True
16.3460 	EXP 	image_2: autoDraw = True
16.3872 	EXP 	New trial (rep=0, index=35): OrderedDict([('imagen1', 'pngs\\33.png'), ('imagen2', 'pngs\\34.png'), ('hm1', 0), ('cp1', -1), ('ai1', 1), ('pa1', 0), ('vr1', 1), ('cl1', 0), ('hm2', 0), ('cp2', 1), ('ai2', -1), ('pa2', 0), ('vr2', -1), ('cl2', 0)])
16.5150 	DATA 	Keypress: left
16.5317 	EXP 	image: autoDraw = False
16.5317 	EXP 	image_2: autoDraw = False
16.5317 	EXP 	image: image = 'pngs\\33.png'
16.5317 	EXP 	image_2: image = 'pngs\\34.png'
16.5317 	EXP 	image: autoDraw = True
16.5317 	EXP 	image_2: autoDraw = True
16.5536 	EXP 	New trial (rep=0, index=36): OrderedDict([('imagen1', 'pngs\\29.png'), ('imagen2', 'pngs\\30.png'), ('hm1', -1), ('cp1', 1), ('ai1', 1), ('pa1', 0), ('vr1', -1), ('cl1', 0), ('hm2', 1), ('cp2', -1), ('ai2', -1), ('pa2', 0), ('vr2', 1), ('cl2', 0)])
16.6811 	DATA 	Keypress: left
16.6883 	EXP 	image: autoDraw = False
16.6883 	EXP 	image_2: autoDraw = False
16.6883 	EXP 	image: image = 'pngs\\29.png'
16.6883 	EXP 	image_2: image = 'pngs\\30.png'
16.6883 	EXP 	image: autoDraw = True
16.6883 	EXP 	image_2: autoDraw = True
16.7202 	EXP 	New trial (rep=0, index=37): OrderedDict([('imagen1', 'pngs\\51.png'), ('imagen2', 'pngs\\52.png'), ('hm1', 0), ('cp1', -1), ('ai1', 1), ('pa1', 1), ('vr1', -1), ('cl1', 0), ('hm2', 0), ('cp2', 1), ('ai2', -1), ('pa2', -1), ('vr2', 1), ('cl2', 0)])
16.8476 	DATA 	Keypress: left
16.8639 	EXP 	image: autoDraw = False
16.8639 	EXP 	image_2: autoDraw = False
16.8639 	EXP 	image: image = 'pngs\\51.png'
16.8639 	EXP 	image_2: image = 'pngs\\52.png'
16.8639 	EXP 	image: autoDraw = True
16.8639 	EXP 	image_2: autoDraw = True
16.8873 	DATA 	Keypress: left
16.9035 	EXP 	New trial (rep=0, index=38): OrderedDict([('imagen1', 'pngs\\19.png'), ('imagen2', 'pngs\\20.png'), ('hm1', -1), ('cp1', -1), ('ai1', 1), ('pa1', 0), ('vr1', -1), ('cl1', 0), ('hm2', 1), ('cp2', 1), ('ai2', -1), ('pa2', 0), ('vr2', 1), ('cl2', 0)])
17.0363 	EXP 	image: autoDraw = False
17.0363 	EXP 	image_2: autoDraw = False
17.0363 	EXP 	image: image = 'pngs\\19.png'
17.0363 	EXP 	image_2: image = 'pngs\\20.png'
17.0363 	EXP 	image: autoDraw = True
17.0363 	EXP 	image_2: autoDraw = True
17.0700 	EXP 	New trial (rep=0, index=39): OrderedDict([('imagen1', 'pngs\\43.png'), ('imagen2', 'pngs\\44.png'), ('hm1', 0), ('cp1', -1), ('ai1', 1), ('pa1', -1), ('vr1', -1), ('cl1', 0), ('hm2', 0), ('cp2', 1), ('ai2', -1), ('pa2', 1), ('vr2', 1), ('cl2', 0)])
17.1940 	DATA 	Keypress: left
17.2013 	EXP 	image: autoDraw = False
17.2013 	EXP 	image_2: autoDraw = False
17.2013 	EXP 	image: image = 'pngs\\43.png'
17.2013 	EXP 	image_2: image = 'pngs\\44.png'
17.2013 	EXP 	image: autoDraw = True
17.2013 	EXP 	image_2: autoDraw = True
17.2592 	DATA 	Keypress: left
17.2608 	EXP 	image: autoDraw = False
17.2608 	EXP 	image_2: autoDraw = False
17.2608 	EXP 	text: height = 0.04
17.2608 	EXP 	text: height = 0.04
17.2608 	EXP 	text: height = 0.04
17.2608 	EXP 	text: text = 'Salvar hombres antes que mujeres = 37.5%'
17.2608 	EXP 	text_2: height = 0.04
17.2608 	EXP 	text_2: height = 0.04
17.2608 	EXP 	text_2: height = 0.04
17.2608 	EXP 	text_2: text = 'Salvar conductor antes que peatón = 42.5%'
17.2608 	EXP 	text_3: height = 0.04
17.2608 	EXP 	text_3: height = 0.04
17.2608 	EXP 	text_3: height = 0.04
17.2608 	EXP 	text_3: text = 'Dejar que el coche vaya recto = 72.5%'
17.2608 	EXP 	text_4: height = 0.04
17.2608 	EXP 	text_4: height = 0.04
17.2608 	EXP 	text_4: height = 0.04
17.2608 	EXP 	text_4: text = 'Salvar personas antes que animales = 62.5%'
17.2608 	EXP 	text_5: height = 0.04
17.2608 	EXP 	text_5: height = 0.04
17.2608 	EXP 	text_5: height = 0.04
17.2608 	EXP 	text_5: text = 'Salvar a quien respeta la ley = 47.5%'
17.2608 	EXP 	text_6: height = 0.04
17.2608 	EXP 	text_6: height = 0.04
17.2608 	EXP 	text_6: height = 0.04
17.2608 	EXP 	text_6: text = 'Salvar a cívicos antes que ladrones = 50.0%'
17.2608 	EXP 	text: autoDraw = True
17.2608 	EXP 	text_2: autoDraw = True
17.2608 	EXP 	text_3: autoDraw = True
17.2608 	EXP 	text_4: autoDraw = True
17.2608 	EXP 	text_5: autoDraw = True
17.2608 	EXP 	text_6: autoDraw = True
17.2608 	EXP 	text_7: autoDraw = True
17.4223 	DATA 	Keypress: left
18.6364 	DATA 	Keypress: space
18.6518 	EXP 	text: autoDraw = False
18.6518 	EXP 	text_2: autoDraw = False
18.6518 	EXP 	text_3: autoDraw = False
18.6518 	EXP 	text_4: autoDraw = False
18.6518 	EXP 	text_5: autoDraw = False
18.6518 	EXP 	text_6: autoDraw = False
18.6518 	EXP 	text_7: autoDraw = False
18.6519 	EXP 	untitled: status = STOPPED
18.7073 	EXP 	window1: mouseVisible = True
