5.8494 	WARNING 	User requested fullscreen with size [1536  864], but screen is actually [1920, 1080]. Using actual size
6.6552 	EXP 	Created window1 = Window(allowGUI=True, allowStencil=False, autoLog=True, backendConf=UNKNOWN, backgroundFit=<method-wrapper '__getattribute__' of attributeSetter object at 0x0000015CD61CCCA0>, backgroundImage=<method-wrapper '__getattribute__' of attributeSetter object at 0x0000015CD61CCC40>, bitsMode=UNKNOWN, blendMode='avg', bpc=(8, 8, 8), color=array([0, 0, 0]), colorSpace='rgb', depthBits=8, fullscr=<method-wrapper '__getattribute__' of attributeSetter object at 0x0000015CD61CC790>, gamma=None, gammaErrorPolicy='raise', lms=UNKNOWN, monitor=<psychopy.monitors.calibTools.Monitor object at 0x0000015CD65E07F0>, multiSample=False, name='window1', numSamples=2, pos=(1920, 789), screen=0, size=array([1920, 1080]), stencilBits=0, stereo=False, title='PsychoPy', units='height', useFBO=True, useRetina=False, viewOri=0.0, viewPos=None, viewScale=None, waitBlanking=True, winType='pyglet')
6.6554 	EXP 	window1: mouseVisible = True
6.6554 	EXP 	window1: backgroundImage = ''
6.6554 	EXP 	window1: backgroundFit = 'none'
6.6577 	EXP 	window1: Attempting to measure frame rate of screen (0) ...
6.6577 	EXP 	window1: recordFrameIntervals = False
6.8203 	EXP 	window1: recordFrameIntervals = True
7.0040 	EXP 	Screen (0) actual frame rate measured at 59.66Hz
7.0041 	EXP 	window1: recordFrameIntervals = False
7.0047 	EXP 	window1: mouseVisible = False
9.2512 	EXP 	untitled: status = STARTED
9.2514 	EXP 	window1: mouseVisible = True
10.4741 	EXP 	Created image_11 = ImageStim(__class__=<class 'psychopy.visual.image.ImageStim'>, anchor=('center', 'center'), autoLog=True, color=array([1., 1., 1.]), colorSpace='rgb', contrast=1.0, depth=0.0, draggable=False, flipHoriz=False, flipVert=False, image='pngs/pexels-riciardus-228094.jpg', interpolate=True, mask=None, maskParams=None, name='image_11', opacity=0.6, ori=0.0, pos=array([0., 0.]), size=array([2., 1.]), texRes=128.0, units='height', win=Window(...))
10.4744 	EXP 	window1: mouseVisible = True
10.6764 	EXP 	Created text_19 = TextStim(__class__=<class 'psychopy.visual.text.TextStim'>, alignHoriz=method-wrapper(...), alignText='center', alignVert=method-wrapper(...), anchorHoriz='center', anchorVert='center', antialias=True, autoDraw=False, autoLog=True, bold=False, color=array([-1., -1., -1.]), colorSpace='rgb', contrast=1.0, depth=-1.0, draggable=False, flipHoriz=False, flipVert=False, font='Open Sans', fontFiles=[], height=0.08, italic=False, languageStyle='LTR', name='text_19', opacity=1.0, ori=0.0, pos=array([-0.2 ,  0.18]), rgb=UNKNOWN, text='Experimento del coche autónomo', units='height', win=Window(...), wrapWidth=1)
10.6765 	EXP 	window1: mouseVisible = True
10.7079 	EXP 	Created text_8 = TextStim(__class__=<class 'psychopy.visual.text.TextStim'>, alignHoriz=method-wrapper(...), alignText='center', alignVert=method-wrapper(...), anchorHoriz='center', anchorVert='center', antialias=True, autoDraw=False, autoLog=True, bold=False, color=array([1., 1., 1.]), colorSpace='rgb', contrast=1.0, depth=0.0, draggable=False, flipHoriz=False, flipVert=False, font='Open Sans', fontFiles=[], height=0.04, italic=False, languageStyle='LTR', name='text_8', opacity=1.0, ori=0.0, pos=array([0., 0.]), rgb=UNKNOWN, text=str(...), units='height', win=Window(...), wrapWidth=1)
10.7080 	EXP 	window1: mouseVisible = True
10.9713 	EXP 	Created image_3 = ImageStim(__class__=<class 'psychopy.visual.image.ImageStim'>, anchor=('center', 'center'), autoLog=True, color=array([1., 1., 1.]), colorSpace='rgb', contrast=1.0, depth=0.0, draggable=False, flipHoriz=False, flipVert=False, image='pngs/41.png', interpolate=True, mask=None, maskParams=None, name='image_3', opacity=1.0, ori=0.0, pos=array([-0.53, -0.1 ]), size=array([0.4, 0.8]), texRes=128.0, units='height', win=Window(...))
10.9713 	EXP 	window1: mouseVisible = True
11.2423 	EXP 	Created image_4 = ImageStim(__class__=<class 'psychopy.visual.image.ImageStim'>, anchor=('center', 'center'), autoLog=True, color=array([1., 1., 1.]), colorSpace='rgb', contrast=1.0, depth=-1.0, draggable=False, flipHoriz=False, flipVert=False, image='pngs/42.png', interpolate=True, mask=None, maskParams=None, name='image_4', opacity=1.0, ori=0.0, pos=array([ 0.53, -0.1 ]), size=array([0.4, 0.8]), texRes=128.0, units='height', win=Window(...))
11.2424 	EXP 	window1: mouseVisible = True
11.2459 	EXP 	Created text_9 = TextStim(__class__=<class 'psychopy.visual.text.TextStim'>, alignHoriz=method-wrapper(...), alignText='center', alignVert=method-wrapper(...), anchorHoriz='center', anchorVert='center', antialias=True, autoDraw=False, autoLog=True, bold=False, color=array([1., 1., 1.]), colorSpace='rgb', contrast=1.0, depth=-3.0, draggable=False, flipHoriz=False, flipVert=False, font='Open Sans', fontFiles=[], height=0.04, italic=False, languageStyle='LTR', name='text_9', opacity=1.0, ori=0.0, pos=array([ 0.  , -0.25]), rgb=UNKNOWN, text=str(...), units='height', win=Window(...), wrapWidth=1)
11.2460 	EXP 	window1: mouseVisible = True
11.2497 	EXP 	Created text_10 = TextStim(__class__=<class 'psychopy.visual.text.TextStim'>, alignHoriz=method-wrapper(...), alignText='center', alignVert=method-wrapper(...), anchorHoriz='center', anchorVert='center', antialias=True, autoDraw=False, autoLog=True, bold=False, color=array([1., 1., 1.]), colorSpace='rgb', contrast=1.0, depth=-4.0, draggable=False, flipHoriz=False, flipVert=False, font='Open Sans', fontFiles=[], height=0.04, italic=False, languageStyle='LTR', name='text_10', opacity=1.0, ori=0.0, pos=array([0. , 0.4]), rgb=UNKNOWN, text=str(...), units='height', win=Window(...), wrapWidth=1)
11.2498 	EXP 	window1: mouseVisible = True
11.2619 	EXP 	Created text_11 = TextStim(__class__=<class 'psychopy.visual.text.TextStim'>, alignHoriz=method-wrapper(...), alignText='center', alignVert=method-wrapper(...), anchorHoriz='center', anchorVert='center', antialias=True, autoDraw=False, autoLog=True, bold=False, color=array([1., 1., 1.]), colorSpace='rgb', contrast=1.0, depth=0.0, draggable=False, flipHoriz=False, flipVert=False, font='Open Sans', fontFiles=[], height=0.04, italic=False, languageStyle='LTR', name='text_11', opacity=1.0, ori=0.0, pos=array([0. , 0.4]), rgb=UNKNOWN, text=str(...), units='height', win=Window(...), wrapWidth=1)
11.2625 	EXP 	window1: mouseVisible = True
11.2663 	EXP 	Created text_12 = TextStim(__class__=<class 'psychopy.visual.text.TextStim'>, alignHoriz=method-wrapper(...), alignText='center', alignVert=method-wrapper(...), anchorHoriz='center', anchorVert='center', antialias=True, autoDraw=False, autoLog=True, bold=False, color=array([1., 1., 1.]), colorSpace='rgb', contrast=1.0, depth=-1.0, draggable=False, flipHoriz=False, flipVert=False, font='Open Sans', fontFiles=[], height=0.04, italic=False, languageStyle='LTR', name='text_12', opacity=1.0, ori=0.0, pos=array([-0.5 ,  0.25]), rgb=UNKNOWN, text='hombre', units='height', win=Window(...), wrapWidth=1)
11.2664 	EXP 	window1: mouseVisible = True
11.2682 	EXP 	Created text_13 = TextStim(__class__=<class 'psychopy.visual.text.TextStim'>, alignHoriz=method-wrapper(...), alignText='center', alignVert=method-wrapper(...), anchorHoriz='center', anchorVert='center', antialias=True, autoDraw=False, autoLog=True, bold=False, color=array([1., 1., 1.]), colorSpace='rgb', contrast=1.0, depth=-2.0, draggable=False, flipHoriz=False, flipVert=False, font='Open Sans', fontFiles=[], height=0.04, italic=False, languageStyle='LTR', name='text_13', opacity=1.0, ori=0.0, pos=array([-0.5,  0. ]), rgb=UNKNOWN, text='mujer', units='height', win=Window(...), wrapWidth=1)
11.2683 	EXP 	window1: mouseVisible = True
11.2701 	EXP 	Created text_14 = TextStim(__class__=<class 'psychopy.visual.text.TextStim'>, alignHoriz=method-wrapper(...), alignText='center', alignVert=method-wrapper(...), anchorHoriz='center', anchorVert='center', antialias=True, autoDraw=False, autoLog=True, bold=False, color=array([1., 1., 1.]), colorSpace='rgb', contrast=1.0, depth=-3.0, draggable=False, flipHoriz=False, flipVert=False, font='Open Sans', fontFiles=[], height=0.04, italic=False, languageStyle='LTR', name='text_14', opacity=1.0, ori=0.0, pos=array([-0.5 , -0.25]), rgb=UNKNOWN, text='delincuente', units='height', win=Window(...), wrapWidth=1)
11.2701 	EXP 	window1: mouseVisible = True
11.2717 	EXP 	Created text_15 = TextStim(__class__=<class 'psychopy.visual.text.TextStim'>, alignHoriz=method-wrapper(...), alignText='center', alignVert=method-wrapper(...), anchorHoriz='center', anchorVert='center', antialias=True, autoDraw=False, autoLog=True, bold=False, color=array([1., 1., 1.]), colorSpace='rgb', contrast=1.0, depth=-4.0, draggable=False, flipHoriz=False, flipVert=False, font='Open Sans', fontFiles=[], height=0.04, italic=False, languageStyle='LTR', name='text_15', opacity=1.0, ori=0.0, pos=array([0.5 , 0.25]), rgb=UNKNOWN, text='animal', units='height', win=Window(...), wrapWidth=1)
11.2718 	EXP 	window1: mouseVisible = True
11.2737 	EXP 	Created text_16 = TextStim(__class__=<class 'psychopy.visual.text.TextStim'>, alignHoriz=method-wrapper(...), alignText='center', alignVert=method-wrapper(...), anchorHoriz='center', anchorVert='center', antialias=True, autoDraw=False, autoLog=True, bold=False, color=array([1., 1., 1.]), colorSpace='rgb', contrast=1.0, depth=-5.0, draggable=False, flipHoriz=False, flipVert=False, font='Open Sans', fontFiles=[], height=0.04, italic=False, languageStyle='LTR', name='text_16', opacity=1.0, ori=0.0, pos=array([0.5, 0. ]), rgb=UNKNOWN, text='peatón puede cruzar', units='height', win=Window(...), wrapWidth=1)
11.2738 	EXP 	window1: mouseVisible = True
11.2761 	EXP 	Created text_17 = TextStim(__class__=<class 'psychopy.visual.text.TextStim'>, alignHoriz=method-wrapper(...), alignText='center', alignVert=method-wrapper(...), anchorHoriz='center', anchorVert='center', antialias=True, autoDraw=False, autoLog=True, bold=False, color=array([1., 1., 1.]), colorSpace='rgb', contrast=1.0, depth=-6.0, draggable=False, flipHoriz=False, flipVert=False, font='Open Sans', fontFiles=[], height=0.04, italic=False, languageStyle='LTR', name='text_17', opacity=1.0, ori=0.0, pos=array([ 0.5 , -0.25]), rgb=UNKNOWN, text='peatón no puede cruzar', units='height', win=Window(...), wrapWidth=1)
11.2762 	EXP 	window1: mouseVisible = True
11.2885 	EXP 	Created image_5 = ImageStim(__class__=<class 'psychopy.visual.image.ImageStim'>, anchor=('center', 'center'), autoLog=True, color=array([1., 1., 1.]), colorSpace='rgb', contrast=1.0, depth=-7.0, draggable=False, flipHoriz=False, flipVert=False, image='pngs/hombre.png', interpolate=True, mask=None, maskParams=None, name='image_5', opacity=1.0, ori=0.0, pos=array([-0.65,  0.25]), size=array([0.12, 0.12]), texRes=128.0, units='height', win=Window(...))
11.2886 	EXP 	window1: mouseVisible = True
11.2943 	EXP 	Created text_18 = TextStim(__class__=<class 'psychopy.visual.text.TextStim'>, alignHoriz=method-wrapper(...), alignText='center', alignVert=method-wrapper(...), anchorHoriz='center', anchorVert='center', antialias=True, autoDraw=False, autoLog=True, bold=False, color=array([1., 1., 1.]), colorSpace='rgb', contrast=1.0, depth=-9.0, draggable=False, flipHoriz=False, flipVert=False, font='Open Sans', fontFiles=[], height=0.04, italic=False, languageStyle='LTR', name='text_18', opacity=1.0, ori=0.0, pos=array([ 0. , -0.4]), rgb=UNKNOWN, text='¡Pulsa "space" para empezar!', units='height', win=Window(...), wrapWidth=1)
11.2944 	EXP 	window1: mouseVisible = True
11.3046 	EXP 	Created image_6 = ImageStim(__class__=<class 'psychopy.visual.image.ImageStim'>, anchor=('center', 'center'), autoLog=True, color=array([1., 1., 1.]), colorSpace='rgb', contrast=1.0, depth=-10.0, draggable=False, flipHoriz=False, flipVert=False, image='pngs/mujer.png', interpolate=True, mask=None, maskParams=None, name='image_6', opacity=1.0, ori=0.0, pos=array([-0.7,  0. ]), size=array([0.15, 0.15]), texRes=128.0, units='height', win=Window(...))
11.3047 	EXP 	window1: mouseVisible = True
11.3148 	EXP 	Created image_7 = ImageStim(__class__=<class 'psychopy.visual.image.ImageStim'>, anchor=('center', 'center'), autoLog=True, color=array([1., 1., 1.]), colorSpace='rgb', contrast=1.0, depth=-11.0, draggable=False, flipHoriz=False, flipVert=False, image='pngs/delincuente.png', interpolate=True, mask=None, maskParams=None, name='image_7', opacity=1.0, ori=0.0, pos=array([-0.7 , -0.25]), size=array([0.15, 0.12]), texRes=128.0, units='height', win=Window(...))
11.3149 	EXP 	window1: mouseVisible = True
11.3261 	EXP 	Created image_8 = ImageStim(__class__=<class 'psychopy.visual.image.ImageStim'>, anchor=('center', 'center'), autoLog=True, color=array([1., 1., 1.]), colorSpace='rgb', contrast=1.0, depth=-12.0, draggable=False, flipHoriz=False, flipVert=False, image='pngs/animal.png', interpolate=True, mask=None, maskParams=None, name='image_8', opacity=1.0, ori=0.0, pos=array([0.3 , 0.25]), size=array([0.15, 0.15]), texRes=128.0, units='height', win=Window(...))
11.3262 	EXP 	window1: mouseVisible = True
11.3361 	EXP 	Created image_9 = ImageStim(__class__=<class 'psychopy.visual.image.ImageStim'>, anchor=('center', 'center'), autoLog=True, color=array([1., 1., 1.]), colorSpace='rgb', contrast=1.0, depth=-13.0, draggable=False, flipHoriz=False, flipVert=False, image='pngs/peaton_verde.png', interpolate=True, mask=None, maskParams=None, name='image_9', opacity=1.0, ori=0.0, pos=array([0.2, 0. ]), size=array([0.1 , 0.15]), texRes=128.0, units='height', win=Window(...))
11.3362 	EXP 	window1: mouseVisible = True
11.3459 	EXP 	Created image_10 = ImageStim(__class__=<class 'psychopy.visual.image.ImageStim'>, anchor=('center', 'center'), autoLog=True, color=array([1., 1., 1.]), colorSpace='rgb', contrast=1.0, depth=-14.0, draggable=False, flipHoriz=False, flipVert=False, image='pngs/peaton_rojo.png', interpolate=True, mask=None, maskParams=None, name='image_10', opacity=1.0, ori=0.0, pos=array([ 0.2 , -0.25]), size=array([0.1 , 0.15]), texRes=128.0, units='height', win=Window(...))
11.3460 	EXP 	window1: mouseVisible = True
11.3553 	EXP 	Created image = ImageStim(__class__=<class 'psychopy.visual.image.ImageStim'>, anchor=('center', 'center'), autoLog=True, color=array([1., 1., 1.]), colorSpace='rgb', contrast=1.0, depth=0.0, draggable=False, flipHoriz=False, flipVert=False, image='default.png', interpolate=True, mask=None, maskParams=None, name='image', opacity=1.0, ori=0.0, pos=array([-0.5,  0. ]), size=array([0.6, 1. ]), texRes=128.0, units='height', win=Window(...))
11.3554 	EXP 	window1: mouseVisible = True
11.3628 	EXP 	Created image_2 = ImageStim(__class__=<class 'psychopy.visual.image.ImageStim'>, anchor=('center', 'center'), autoLog=True, color=array([1., 1., 1.]), colorSpace='rgb', contrast=1.0, depth=-1.0, draggable=False, flipHoriz=False, flipVert=False, image='default.png', interpolate=True, mask=None, maskParams=None, name='image_2', opacity=1.0, ori=0.0, pos=array([0.5, 0. ]), size=array([0.6, 1. ]), texRes=128.0, units='height', win=Window(...))
11.3629 	EXP 	window1: mouseVisible = True
11.3636 	EXP 	Created text = TextStim(__class__=<class 'psychopy.visual.text.TextStim'>, alignHoriz=method-wrapper(...), alignText='center', alignVert=method-wrapper(...), anchorHoriz='center', anchorVert='center', antialias=True, autoDraw=False, autoLog=True, bold=False, color=array([1., 1., 1.]), colorSpace='rgb', contrast=1.0, depth=0.0, draggable=False, flipHoriz=False, flipVert=False, font='Open Sans', fontFiles=[], height=0.04, italic=False, languageStyle='LTR', name='text', opacity=1.0, ori=0.0, pos=array([0. , 0.3]), rgb=UNKNOWN, text='', units='height', win=Window(...), wrapWidth=1)
11.3637 	EXP 	window1: mouseVisible = True
11.3644 	EXP 	Created text_2 = TextStim(__class__=<class 'psychopy.visual.text.TextStim'>, alignHoriz=method-wrapper(...), alignText='center', alignVert=method-wrapper(...), anchorHoriz='center', anchorVert='center', antialias=True, autoDraw=False, autoLog=True, bold=False, color=array([1., 1., 1.]), colorSpace='rgb', contrast=1.0, depth=-1.0, draggable=False, flipHoriz=False, flipVert=False, font='Open Sans', fontFiles=[], height=0.04, italic=False, languageStyle='LTR', name='text_2', opacity=1.0, ori=0.0, pos=array([0. , 0.2]), rgb=UNKNOWN, text='', units='height', win=Window(...), wrapWidth=1)
11.3645 	EXP 	window1: mouseVisible = True
11.3651 	EXP 	Created text_3 = TextStim(__class__=<class 'psychopy.visual.text.TextStim'>, alignHoriz=method-wrapper(...), alignText='center', alignVert=method-wrapper(...), anchorHoriz='center', anchorVert='center', antialias=True, autoDraw=False, autoLog=True, bold=False, color=array([1., 1., 1.]), colorSpace='rgb', contrast=1.0, depth=-2.0, draggable=False, flipHoriz=False, flipVert=False, font='Open Sans', fontFiles=[], height=0.04, italic=False, languageStyle='LTR', name='text_3', opacity=1.0, ori=0.0, pos=array([0. , 0.1]), rgb=UNKNOWN, text='', units='height', win=Window(...), wrapWidth=1)
11.3652 	EXP 	window1: mouseVisible = True
11.3658 	EXP 	Created text_4 = TextStim(__class__=<class 'psychopy.visual.text.TextStim'>, alignHoriz=method-wrapper(...), alignText='center', alignVert=method-wrapper(...), anchorHoriz='center', anchorVert='center', antialias=True, autoDraw=False, autoLog=True, bold=False, color=array([1., 1., 1.]), colorSpace='rgb', contrast=1.0, depth=-3.0, draggable=False, flipHoriz=False, flipVert=False, font='Open Sans', fontFiles=[], height=0.04, italic=False, languageStyle='LTR', name='text_4', opacity=1.0, ori=0.0, pos=array([0., 0.]), rgb=UNKNOWN, text='', units='height', win=Window(...), wrapWidth=1)
11.3659 	EXP 	window1: mouseVisible = True
11.3665 	EXP 	Created text_5 = TextStim(__class__=<class 'psychopy.visual.text.TextStim'>, alignHoriz=method-wrapper(...), alignText='center', alignVert=method-wrapper(...), anchorHoriz='center', anchorVert='center', antialias=True, autoDraw=False, autoLog=True, bold=False, color=array([1., 1., 1.]), colorSpace='rgb', contrast=1.0, depth=-4.0, draggable=False, flipHoriz=False, flipVert=False, font='Open Sans', fontFiles=[], height=0.04, italic=False, languageStyle='LTR', name='text_5', opacity=1.0, ori=0.0, pos=array([ 0. , -0.1]), rgb=UNKNOWN, text='', units='height', win=Window(...), wrapWidth=1)
11.3665 	EXP 	window1: mouseVisible = True
11.3672 	EXP 	Created text_6 = TextStim(__class__=<class 'psychopy.visual.text.TextStim'>, alignHoriz=method-wrapper(...), alignText='center', alignVert=method-wrapper(...), anchorHoriz='center', anchorVert='center', antialias=True, autoDraw=False, autoLog=True, bold=False, color=array([1., 1., 1.]), colorSpace='rgb', contrast=1.0, depth=-5.0, draggable=False, flipHoriz=False, flipVert=False, font='Open Sans', fontFiles=[], height=0.04, italic=False, languageStyle='LTR', name='text_6', opacity=1.0, ori=0.0, pos=array([ 0. , -0.2]), rgb=UNKNOWN, text='', units='height', win=Window(...), wrapWidth=1)
11.3672 	EXP 	window1: mouseVisible = True
11.3694 	EXP 	Created text_7 = TextStim(__class__=<class 'psychopy.visual.text.TextStim'>, alignHoriz=method-wrapper(...), alignText='center', alignVert=method-wrapper(...), anchorHoriz='center', anchorVert='center', antialias=True, autoDraw=False, autoLog=True, bold=False, color=array([1., 1., 1.]), colorSpace='rgb', contrast=1.0, depth=-6.0, draggable=False, flipHoriz=False, flipVert=False, font='Open Sans', fontFiles=[], height=0.04, italic=False, languageStyle='LTR', name='text_7', opacity=1.0, ori=0.0, pos=array([ 0. , -0.4]), rgb=UNKNOWN, text='Para salir, pulsa "space"', units='height', win=Window(...), wrapWidth=1)
0.0377 	EXP 	image_11: autoDraw = True
0.0377 	EXP 	text_19: autoDraw = True
3.0486 	DATA 	Mouse: Left button down, pos=(1464,599)
3.1501 	DATA 	Mouse:  Left button up, pos=(1464,599)
5.0277 	EXP 	image_11: autoDraw = False
5.0277 	EXP 	text_19: autoDraw = False
5.0277 	EXP 	text_8: autoDraw = True
16.8458 	DATA 	Keypress: space
16.8542 	EXP 	text_8: autoDraw = False
16.8542 	EXP 	image_3: autoDraw = True
16.8542 	EXP 	image_4: autoDraw = True
16.8542 	EXP 	text_9: autoDraw = True
16.8542 	EXP 	text_10: autoDraw = True
23.0896 	DATA 	Keypress: right
23.0998 	EXP 	image_3: autoDraw = False
23.0998 	EXP 	image_4: autoDraw = False
23.0998 	EXP 	text_9: autoDraw = False
23.0998 	EXP 	text_10: autoDraw = False
23.0998 	EXP 	text_11: autoDraw = True
23.0998 	EXP 	text_12: autoDraw = True
23.0998 	EXP 	text_13: autoDraw = True
23.0998 	EXP 	text_14: autoDraw = True
23.0998 	EXP 	text_15: autoDraw = True
23.0998 	EXP 	text_16: autoDraw = True
23.0998 	EXP 	text_17: autoDraw = True
23.0998 	EXP 	image_5: autoDraw = True
23.0998 	EXP 	text_18: autoDraw = True
23.0998 	EXP 	image_6: autoDraw = True
23.0998 	EXP 	image_7: autoDraw = True
23.0998 	EXP 	image_8: autoDraw = True
23.0998 	EXP 	image_9: autoDraw = True
23.0998 	EXP 	image_10: autoDraw = True
28.9014 	DATA 	Keypress: space
28.9189 	EXP 	Imported trials_coche3.csv as conditions, 40 conditions, 14 params
28.9241 	EXP 	Created sequence: random, trialTypes=40, nReps=1, seed=None
28.9243 	EXP 	New trial (rep=0, index=0): OrderedDict([('imagen1', 'pngs\\45.png'), ('imagen2', 'pngs\\46.png'), ('hm1', 0), ('cp1', 1), ('ai1', 1), ('pa1', 1), ('vr1', -1), ('cl1', 0), ('hm2', 0), ('cp2', -1), ('ai2', -1), ('pa2', -1), ('vr2', 1), ('cl2', 0)])
29.0872 	EXP 	text_11: autoDraw = False
29.0872 	EXP 	text_12: autoDraw = False
29.0872 	EXP 	text_13: autoDraw = False
29.0872 	EXP 	text_14: autoDraw = False
29.0872 	EXP 	text_15: autoDraw = False
29.0872 	EXP 	text_16: autoDraw = False
29.0872 	EXP 	text_17: autoDraw = False
29.0872 	EXP 	image_5: autoDraw = False
29.0872 	EXP 	text_18: autoDraw = False
29.0872 	EXP 	image_6: autoDraw = False
29.0872 	EXP 	image_7: autoDraw = False
29.0872 	EXP 	image_8: autoDraw = False
29.0872 	EXP 	image_9: autoDraw = False
29.0872 	EXP 	image_10: autoDraw = False
29.0872 	EXP 	image: image = 'pngs\\45.png'
29.0872 	EXP 	image_2: image = 'pngs\\46.png'
29.0872 	EXP 	image: autoDraw = True
29.0872 	EXP 	image_2: autoDraw = True
31.8979 	EXP 	New trial (rep=0, index=1): OrderedDict([('imagen1', 'pngs\\75.png'), ('imagen2', 'pngs\\76.png'), ('hm1', 0), ('cp1', -1), ('ai1', 1), ('pa1', 0), ('vr1', -1), ('cl1', 1), ('hm2', 0), ('cp2', 1), ('ai2', -1), ('pa2', 0), ('vr2', 1), ('cl2', -1)])
32.0489 	DATA 	Keypress: right
32.0672 	EXP 	image: autoDraw = False
32.0672 	EXP 	image_2: autoDraw = False
32.0672 	EXP 	image: image = 'pngs\\75.png'
32.0672 	EXP 	image_2: image = 'pngs\\76.png'
32.0672 	EXP 	image: autoDraw = True
32.0672 	EXP 	image_2: autoDraw = True
32.4279 	EXP 	New trial (rep=0, index=2): OrderedDict([('imagen1', 'pngs\\47.png'), ('imagen2', 'pngs\\48.png'), ('hm1', 0), ('cp1', 1), ('ai1', 1), ('pa1', 1), ('vr1', 1), ('cl1', 0), ('hm2', 0), ('cp2', -1), ('ai2', -1), ('pa2', -1), ('vr2', -1), ('cl2', 0)])
32.5729 	DATA 	Keypress: left
32.5806 	EXP 	image: autoDraw = False
32.5806 	EXP 	image_2: autoDraw = False
32.5806 	EXP 	image: image = 'pngs\\47.png'
32.5806 	EXP 	image_2: image = 'pngs\\48.png'
32.5806 	EXP 	image: autoDraw = True
32.5806 	EXP 	image_2: autoDraw = True
32.8613 	EXP 	New trial (rep=0, index=3): OrderedDict([('imagen1', 'pngs\\59.png'), ('imagen2', 'pngs\\60.png'), ('hm1', 0), ('cp1', -1), ('ai1', 1), ('pa1', 0), ('vr1', -1), ('cl1', 0), ('hm2', 0), ('cp2', 1), ('ai2', -1), ('pa2', 0), ('vr2', 1), ('cl2', 0)])
33.0065 	DATA 	Keypress: right
33.0145 	EXP 	image: autoDraw = False
33.0145 	EXP 	image_2: autoDraw = False
33.0145 	EXP 	image: image = 'pngs\\59.png'
33.0145 	EXP 	image_2: image = 'pngs\\60.png'
33.0145 	EXP 	image: autoDraw = True
33.0145 	EXP 	image_2: autoDraw = True
33.2121 	EXP 	New trial (rep=0, index=4): OrderedDict([('imagen1', 'pngs\\69.png'), ('imagen2', 'pngs\\70.png'), ('hm1', 0), ('cp1', 1), ('ai1', 1), ('pa1', 0), ('vr1', -1), ('cl1', 1), ('hm2', 0), ('cp2', -1), ('ai2', -1), ('pa2', 0), ('vr2', 1), ('cl2', -1)])
33.3565 	DATA 	Keypress: right
33.3729 	EXP 	image: autoDraw = False
33.3729 	EXP 	image_2: autoDraw = False
33.3729 	EXP 	image: image = 'pngs\\69.png'
33.3729 	EXP 	image_2: image = 'pngs\\70.png'
33.3729 	EXP 	image: autoDraw = True
33.3729 	EXP 	image_2: autoDraw = True
33.5941 	EXP 	New trial (rep=0, index=5): OrderedDict([('imagen1', 'pngs\\19.png'), ('imagen2', 'pngs\\20.png'), ('hm1', -1), ('cp1', -1), ('ai1', 1), ('pa1', 0), ('vr1', -1), ('cl1', 0), ('hm2', 1), ('cp2', 1), ('ai2', -1), ('pa2', 0), ('vr2', 1), ('cl2', 0)])
33.7386 	DATA 	Keypress: left
33.7552 	EXP 	image: autoDraw = False
33.7552 	EXP 	image_2: autoDraw = False
33.7552 	EXP 	image: image = 'pngs\\19.png'
33.7552 	EXP 	image_2: image = 'pngs\\20.png'
33.7552 	EXP 	image: autoDraw = True
33.7552 	EXP 	image_2: autoDraw = True
33.9109 	EXP 	New trial (rep=0, index=6): OrderedDict([('imagen1', 'pngs\\33.png'), ('imagen2', 'pngs\\34.png'), ('hm1', 0), ('cp1', -1), ('ai1', 1), ('pa1', 0), ('vr1', 1), ('cl1', 0), ('hm2', 0), ('cp2', 1), ('ai2', -1), ('pa2', 0), ('vr2', -1), ('cl2', 0)])
34.0581 	DATA 	Keypress: left
34.0769 	EXP 	image: autoDraw = False
34.0769 	EXP 	image_2: autoDraw = False
34.0769 	EXP 	image: image = 'pngs\\33.png'
34.0769 	EXP 	image_2: image = 'pngs\\34.png'
34.0769 	EXP 	image: autoDraw = True
34.0769 	EXP 	image_2: autoDraw = True
34.2270 	EXP 	New trial (rep=0, index=7): OrderedDict([('imagen1', 'pngs\\11.png'), ('imagen2', 'pngs\\12.png'), ('hm1', 0), ('cp1', -1), ('ai1', 1), ('pa1', 0), ('vr1', -1), ('cl1', 0), ('hm2', 0), ('cp2', 1), ('ai2', -1), ('pa2', 0), ('vr2', 1), ('cl2', 0)])
34.3730 	DATA 	Keypress: right
34.3910 	EXP 	image: autoDraw = False
34.3910 	EXP 	image_2: autoDraw = False
34.3910 	EXP 	image: image = 'pngs\\11.png'
34.3910 	EXP 	image_2: image = 'pngs\\12.png'
34.3910 	EXP 	image: autoDraw = True
34.3910 	EXP 	image_2: autoDraw = True
34.5439 	EXP 	New trial (rep=0, index=8): OrderedDict([('imagen1', 'pngs\\23.png'), ('imagen2', 'pngs\\24.png'), ('hm1', 1), ('cp1', 1), ('ai1', 1), ('pa1', 0), ('vr1', 1), ('cl1', 0), ('hm2', -1), ('cp2', -1), ('ai2', -1), ('pa2', 0), ('vr2', -1), ('cl2', 0)])
34.6888 	DATA 	Keypress: left
34.6960 	EXP 	image: autoDraw = False
34.6960 	EXP 	image_2: autoDraw = False
34.6960 	EXP 	image: image = 'pngs\\23.png'
34.6960 	EXP 	image_2: image = 'pngs\\24.png'
34.6960 	EXP 	image: autoDraw = True
34.6960 	EXP 	image_2: autoDraw = True
34.8432 	EXP 	New trial (rep=0, index=9): OrderedDict([('imagen1', 'pngs\\21.png'), ('imagen2', 'pngs\\22.png'), ('hm1', 1), ('cp1', 1), ('ai1', 1), ('pa1', 0), ('vr1', -1), ('cl1', 0), ('hm2', -1), ('cp2', -1), ('ai2', -1), ('pa2', 0), ('vr2', 1), ('cl2', 0)])
34.9941 	DATA 	Keypress: right
35.0121 	EXP 	image: autoDraw = False
35.0121 	EXP 	image_2: autoDraw = False
35.0121 	EXP 	image: image = 'pngs\\21.png'
35.0121 	EXP 	image_2: image = 'pngs\\22.png'
35.0121 	EXP 	image: autoDraw = True
35.0121 	EXP 	image_2: autoDraw = True
35.1762 	EXP 	New trial (rep=0, index=10): OrderedDict([('imagen1', 'pngs\\57.png'), ('imagen2', 'pngs\\58.png'), ('hm1', 0), ('cp1', -1), ('ai1', 1), ('pa1', 0), ('vr1', 1), ('cl1', 0), ('hm2', 0), ('cp2', 1), ('ai2', -1), ('pa2', 0), ('vr2', -1), ('cl2', 0)])
35.3245 	DATA 	Keypress: left
35.3317 	EXP 	image: autoDraw = False
35.3317 	EXP 	image_2: autoDraw = False
35.3317 	EXP 	image: image = 'pngs\\57.png'
35.3317 	EXP 	image_2: image = 'pngs\\58.png'
35.3317 	EXP 	image: autoDraw = True
35.3317 	EXP 	image_2: autoDraw = True
35.4271 	EXP 	New trial (rep=0, index=11): OrderedDict([('imagen1', 'pngs\\63.png'), ('imagen2', 'pngs\\64.png'), ('hm1', 0), ('cp1', 1), ('ai1', 1), ('pa1', 0), ('vr1', 1), ('cl1', 0), ('hm2', 0), ('cp2', -1), ('ai2', -1), ('pa2', 0), ('vr2', -1), ('cl2', 0)])
35.5736 	DATA 	Keypress: left
35.5908 	EXP 	image: autoDraw = False
35.5908 	EXP 	image_2: autoDraw = False
35.5908 	EXP 	image: image = 'pngs\\63.png'
35.5908 	EXP 	image_2: image = 'pngs\\64.png'
35.5908 	EXP 	image: autoDraw = True
35.5908 	EXP 	image_2: autoDraw = True
35.7425 	EXP 	New trial (rep=0, index=12): OrderedDict([('imagen1', 'pngs\\7.png'), ('imagen2', 'pngs\\8.png'), ('hm1', 0), ('cp1', 1), ('ai1', 1), ('pa1', 0), ('vr1', 1), ('cl1', 0), ('hm2', 0), ('cp2', -1), ('ai2', -1), ('pa2', 0), ('vr2', -1), ('cl2', 0)])
35.8935 	DATA 	Keypress: right
35.9009 	EXP 	image: autoDraw = False
35.9009 	EXP 	image_2: autoDraw = False
35.9009 	EXP 	image: image = 'pngs\\7.png'
35.9009 	EXP 	image_2: image = 'pngs\\8.png'
35.9009 	EXP 	image: autoDraw = True
35.9009 	EXP 	image_2: autoDraw = True
36.1258 	EXP 	New trial (rep=0, index=13): OrderedDict([('imagen1', 'pngs\\65.png'), ('imagen2', 'pngs\\66.png'), ('hm1', 0), ('cp1', -1), ('ai1', 1), ('pa1', 0), ('vr1', 1), ('cl1', -1), ('hm2', 0), ('cp2', 1), ('ai2', -1), ('pa2', 0), ('vr2', -1), ('cl2', 1)])
36.2738 	DATA 	Keypress: right
36.2904 	EXP 	image: autoDraw = False
36.2904 	EXP 	image_2: autoDraw = False
36.2904 	EXP 	image: image = 'pngs\\65.png'
36.2904 	EXP 	image_2: image = 'pngs\\66.png'
36.2904 	EXP 	image: autoDraw = True
36.2904 	EXP 	image_2: autoDraw = True
36.4427 	EXP 	New trial (rep=0, index=14): OrderedDict([('imagen1', 'pngs\\29.png'), ('imagen2', 'pngs\\30.png'), ('hm1', -1), ('cp1', 1), ('ai1', 1), ('pa1', 0), ('vr1', -1), ('cl1', 0), ('hm2', 1), ('cp2', -1), ('ai2', -1), ('pa2', 0), ('vr2', 1), ('cl2', 0)])
36.5925 	DATA 	Keypress: left
36.5997 	EXP 	image: autoDraw = False
36.5997 	EXP 	image_2: autoDraw = False
36.5997 	EXP 	image: image = 'pngs\\29.png'
36.5997 	EXP 	image_2: image = 'pngs\\30.png'
36.5997 	EXP 	image: autoDraw = True
36.5997 	EXP 	image_2: autoDraw = True
37.0250 	EXP 	New trial (rep=0, index=15): OrderedDict([('imagen1', 'pngs\\61.png'), ('imagen2', 'pngs\\62.png'), ('hm1', 0), ('cp1', 1), ('ai1', 1), ('pa1', 0), ('vr1', -1), ('cl1', 0), ('hm2', 0), ('cp2', -1), ('ai2', -1), ('pa2', 0), ('vr2', 1), ('cl2', 0)])
37.1718 	DATA 	Keypress: left
37.1790 	EXP 	image: autoDraw = False
37.1790 	EXP 	image_2: autoDraw = False
37.1790 	EXP 	image: image = 'pngs\\61.png'
37.1790 	EXP 	image_2: image = 'pngs\\62.png'
37.1790 	EXP 	image: autoDraw = True
37.1790 	EXP 	image_2: autoDraw = True
37.5257 	EXP 	New trial (rep=0, index=16): OrderedDict([('imagen1', 'pngs\\41.png'), ('imagen2', 'pngs\\42.png'), ('hm1', 0), ('cp1', -1), ('ai1', 1), ('pa1', -1), ('vr1', 1), ('cl1', 0), ('hm2', 0), ('cp2', 1), ('ai2', -1), ('pa2', 1), ('vr2', -1), ('cl2', 0)])
37.6559 	DATA 	Keypress: left
37.6635 	EXP 	image: autoDraw = False
37.6635 	EXP 	image_2: autoDraw = False
37.6635 	EXP 	image: image = 'pngs\\41.png'
37.6635 	EXP 	image_2: image = 'pngs\\42.png'
37.6635 	EXP 	image: autoDraw = True
37.6635 	EXP 	image_2: autoDraw = True
37.9418 	EXP 	New trial (rep=0, index=17): OrderedDict([('imagen1', 'pngs\\9.png'), ('imagen2', 'pngs\\10.png'), ('hm1', 0), ('cp1', -1), ('ai1', 1), ('pa1', 0), ('vr1', 1), ('cl1', 0), ('hm2', 0), ('cp2', 1), ('ai2', -1), ('pa2', 0), ('vr2', -1), ('cl2', 0)])
38.0892 	DATA 	Keypress: right
38.0969 	EXP 	image: autoDraw = False
38.0969 	EXP 	image_2: autoDraw = False
38.0969 	EXP 	image: image = 'pngs\\9.png'
38.0969 	EXP 	image_2: image = 'pngs\\10.png'
38.0969 	EXP 	image: autoDraw = True
38.0969 	EXP 	image_2: autoDraw = True
38.3282 	EXP 	New trial (rep=0, index=18): OrderedDict([('imagen1', 'pngs\\13.png'), ('imagen2', 'pngs\\14.png'), ('hm1', 0), ('cp1', 1), ('ai1', 1), ('pa1', 0), ('vr1', -1), ('cl1', 0), ('hm2', 0), ('cp2', -1), ('ai2', -1), ('pa2', 0), ('vr2', 1), ('cl2', 0)])
38.4749 	DATA 	Keypress: right
38.4827 	EXP 	image: autoDraw = False
38.4827 	EXP 	image_2: autoDraw = False
38.4827 	EXP 	image: image = 'pngs\\13.png'
38.4827 	EXP 	image_2: image = 'pngs\\14.png'
38.4827 	EXP 	image: autoDraw = True
38.4827 	EXP 	image_2: autoDraw = True
38.7088 	EXP 	New trial (rep=0, index=19): OrderedDict([('imagen1', 'pngs\\15.png'), ('imagen2', 'pngs\\16.png'), ('hm1', 0), ('cp1', 1), ('ai1', 1), ('pa1', 0), ('vr1', 1), ('cl1', 0), ('hm2', 0), ('cp2', -1), ('ai2', -1), ('pa2', 0), ('vr2', -1), ('cl2', 0)])
38.8632 	DATA 	Keypress: left
38.8806 	EXP 	image: autoDraw = False
38.8806 	EXP 	image_2: autoDraw = False
38.8806 	EXP 	image: image = 'pngs\\15.png'
38.8806 	EXP 	image_2: image = 'pngs\\16.png'
38.8806 	EXP 	image: autoDraw = True
38.8806 	EXP 	image_2: autoDraw = True
39.0573 	EXP 	New trial (rep=0, index=20): OrderedDict([('imagen1', 'pngs\\55.png'), ('imagen2', 'pngs\\56.png'), ('hm1', 0), ('cp1', 1), ('ai1', 1), ('pa1', -1), ('vr1', 1), ('cl1', 0), ('hm2', 0), ('cp2', -1), ('ai2', -1), ('pa2', 1), ('vr2', -1), ('cl2', 0)])
39.2016 	DATA 	Keypress: left
39.2094 	EXP 	image: autoDraw = False
39.2094 	EXP 	image_2: autoDraw = False
39.2094 	EXP 	image: image = 'pngs\\55.png'
39.2094 	EXP 	image_2: image = 'pngs\\56.png'
39.2094 	EXP 	image: autoDraw = True
39.2094 	EXP 	image_2: autoDraw = True
39.3903 	EXP 	New trial (rep=0, index=21): OrderedDict([('imagen1', 'pngs\\77.png'), ('imagen2', 'pngs\\78.png'), ('hm1', 0), ('cp1', 1), ('ai1', 1), ('pa1', 0), ('vr1', -1), ('cl1', -1), ('hm2', 0), ('cp2', -1), ('ai2', -1), ('pa2', 0), ('vr2', 1), ('cl2', 1)])
39.5375 	DATA 	Keypress: left
39.5546 	EXP 	image: autoDraw = False
39.5546 	EXP 	image_2: autoDraw = False
39.5546 	EXP 	image: image = 'pngs\\77.png'
39.5546 	EXP 	image_2: image = 'pngs\\78.png'
39.5546 	EXP 	image: autoDraw = True
39.5546 	EXP 	image_2: autoDraw = True
39.8074 	EXP 	New trial (rep=0, index=22): OrderedDict([('imagen1', 'pngs\\51.png'), ('imagen2', 'pngs\\52.png'), ('hm1', 0), ('cp1', -1), ('ai1', 1), ('pa1', 1), ('vr1', -1), ('cl1', 0), ('hm2', 0), ('cp2', 1), ('ai2', -1), ('pa2', -1), ('vr2', 1), ('cl2', 0)])
39.9684 	DATA 	Keypress: left
39.9874 	EXP 	image: autoDraw = False
39.9874 	EXP 	image_2: autoDraw = False
39.9874 	EXP 	image: image = 'pngs\\51.png'
39.9874 	EXP 	image_2: image = 'pngs\\52.png'
39.9874 	EXP 	image: autoDraw = True
39.9874 	EXP 	image_2: autoDraw = True
40.2400 	EXP 	New trial (rep=0, index=23): OrderedDict([('imagen1', 'pngs\\37.png'), ('imagen2', 'pngs\\38.png'), ('hm1', 0), ('cp1', 1), ('ai1', 1), ('pa1', 0), ('vr1', -1), ('cl1', 0), ('hm2', 0), ('cp2', -1), ('ai2', -1), ('pa2', 0), ('vr2', 1), ('cl2', 0)])
40.3989 	DATA 	Keypress: right
40.4175 	EXP 	image: autoDraw = False
40.4175 	EXP 	image_2: autoDraw = False
40.4175 	EXP 	image: image = 'pngs\\37.png'
40.4175 	EXP 	image_2: image = 'pngs\\38.png'
40.4175 	EXP 	image: autoDraw = True
40.4175 	EXP 	image_2: autoDraw = True
40.7062 	EXP 	New trial (rep=0, index=24): OrderedDict([('imagen1', 'pngs\\79.png'), ('imagen2', 'pngs\\80.png'), ('hm1', 0), ('cp1', 1), ('ai1', 1), ('pa1', 0), ('vr1', 1), ('cl1', -1), ('hm2', 0), ('cp2', -1), ('ai2', -1), ('pa2', 0), ('vr2', -1), ('cl2', 1)])
40.8579 	DATA 	Keypress: right
40.8744 	EXP 	image: autoDraw = False
40.8744 	EXP 	image_2: autoDraw = False
40.8744 	EXP 	image: image = 'pngs\\79.png'
40.8744 	EXP 	image_2: image = 'pngs\\80.png'
40.8744 	EXP 	image: autoDraw = True
40.8744 	EXP 	image_2: autoDraw = True
41.1726 	EXP 	New trial (rep=0, index=25): OrderedDict([('imagen1', 'pngs\\49.png'), ('imagen2', 'pngs\\50.png'), ('hm1', 0), ('cp1', -1), ('ai1', 1), ('pa1', 1), ('vr1', 1), ('cl1', 0), ('hm2', 0), ('cp2', 1), ('ai2', -1), ('pa2', -1), ('vr2', -1), ('cl2', 0)])
41.3133 	DATA 	Keypress: left
41.3296 	EXP 	image: autoDraw = False
41.3296 	EXP 	image_2: autoDraw = False
41.3296 	EXP 	image: image = 'pngs\\49.png'
41.3296 	EXP 	image_2: image = 'pngs\\50.png'
41.3296 	EXP 	image: autoDraw = True
41.3296 	EXP 	image_2: autoDraw = True
41.5726 	EXP 	New trial (rep=0, index=26): OrderedDict([('imagen1', 'pngs\\73.png'), ('imagen2', 'pngs\\74.png'), ('hm1', 0), ('cp1', -1), ('ai1', 1), ('pa1', 0), ('vr1', 1), ('cl1', 1), ('hm2', 0), ('cp2', 1), ('ai2', -1), ('pa2', 0), ('vr2', -1), ('cl2', -1)])
41.7150 	DATA 	Keypress: right
41.7230 	EXP 	image: autoDraw = False
41.7230 	EXP 	image_2: autoDraw = False
41.7230 	EXP 	image: image = 'pngs\\73.png'
41.7230 	EXP 	image_2: image = 'pngs\\74.png'
41.7230 	EXP 	image: autoDraw = True
41.7230 	EXP 	image_2: autoDraw = True
41.9554 	EXP 	New trial (rep=0, index=27): OrderedDict([('imagen1', 'pngs\\1.png'), ('imagen2', 'pngs\\2.png'), ('hm1', 0), ('cp1', -1), ('ai1', 1), ('pa1', 0), ('vr1', 1), ('cl1', 0), ('hm2', 0), ('cp2', 1), ('ai2', -1), ('pa2', 0), ('vr2', -1), ('cl2', 0)])
42.1012 	DATA 	Keypress: left
42.1100 	EXP 	image: autoDraw = False
42.1100 	EXP 	image_2: autoDraw = False
42.1100 	EXP 	image: image = 'pngs\\1.png'
42.1100 	EXP 	image_2: image = 'pngs\\2.png'
42.1100 	EXP 	image: autoDraw = True
42.1100 	EXP 	image_2: autoDraw = True
42.3391 	EXP 	New trial (rep=0, index=28): OrderedDict([('imagen1', 'pngs\\31.png'), ('imagen2', 'pngs\\32.png'), ('hm1', -1), ('cp1', 1), ('ai1', 1), ('pa1', 0), ('vr1', 1), ('cl1', 0), ('hm2', 1), ('cp2', -1), ('ai2', -1), ('pa2', 0), ('vr2', -1), ('cl2', 0)])
42.4851 	DATA 	Keypress: left
42.5045 	EXP 	image: autoDraw = False
42.5045 	EXP 	image_2: autoDraw = False
42.5045 	EXP 	image: image = 'pngs\\31.png'
42.5045 	EXP 	image_2: image = 'pngs\\32.png'
42.5045 	EXP 	image: autoDraw = True
42.5045 	EXP 	image_2: autoDraw = True
42.7384 	EXP 	New trial (rep=0, index=29): OrderedDict([('imagen1', 'pngs\\5.png'), ('imagen2', 'pngs\\6.png'), ('hm1', 0), ('cp1', 1), ('ai1', 1), ('pa1', 0), ('vr1', -1), ('cl1', 0), ('hm2', 0), ('cp2', -1), ('ai2', -1), ('pa2', 0), ('vr2', 1), ('cl2', 0)])
42.8823 	DATA 	Keypress: right
42.8998 	EXP 	image: autoDraw = False
42.8998 	EXP 	image_2: autoDraw = False
42.8998 	EXP 	image: image = 'pngs\\5.png'
42.8998 	EXP 	image_2: image = 'pngs\\6.png'
42.8998 	EXP 	image: autoDraw = True
42.8998 	EXP 	image_2: autoDraw = True
43.0882 	EXP 	New trial (rep=0, index=30): OrderedDict([('imagen1', 'pngs\\71.png'), ('imagen2', 'pngs\\72.png'), ('hm1', 0), ('cp1', 1), ('ai1', 1), ('pa1', 0), ('vr1', 1), ('cl1', 1), ('hm2', 0), ('cp2', -1), ('ai2', -1), ('pa2', 0), ('vr2', -1), ('cl2', -1)])
43.2352 	DATA 	Keypress: left
43.2519 	EXP 	image: autoDraw = False
43.2519 	EXP 	image_2: autoDraw = False
43.2519 	EXP 	image: image = 'pngs\\71.png'
43.2519 	EXP 	image_2: image = 'pngs\\72.png'
43.2519 	EXP 	image: autoDraw = True
43.2519 	EXP 	image_2: autoDraw = True
43.5546 	EXP 	New trial (rep=0, index=31): OrderedDict([('imagen1', 'pngs\\25.png'), ('imagen2', 'pngs\\26.png'), ('hm1', 1), ('cp1', -1), ('ai1', 1), ('pa1', 0), ('vr1', 1), ('cl1', 0), ('hm2', -1), ('cp2', 1), ('ai2', -1), ('pa2', 0), ('vr2', -1), ('cl2', 0)])
43.7019 	DATA 	Keypress: left
43.7186 	EXP 	image: autoDraw = False
43.7186 	EXP 	image_2: autoDraw = False
43.7186 	EXP 	image: image = 'pngs\\25.png'
43.7186 	EXP 	image_2: image = 'pngs\\26.png'
43.7186 	EXP 	image: autoDraw = True
43.7186 	EXP 	image_2: autoDraw = True
43.8872 	EXP 	New trial (rep=0, index=32): OrderedDict([('imagen1', 'pngs\\43.png'), ('imagen2', 'pngs\\44.png'), ('hm1', 0), ('cp1', -1), ('ai1', 1), ('pa1', -1), ('vr1', -1), ('cl1', 0), ('hm2', 0), ('cp2', 1), ('ai2', -1), ('pa2', 1), ('vr2', 1), ('cl2', 0)])
44.0453 	DATA 	Keypress: right
44.0618 	EXP 	image: autoDraw = False
44.0618 	EXP 	image_2: autoDraw = False
44.0618 	EXP 	image: image = 'pngs\\43.png'
44.0618 	EXP 	image_2: image = 'pngs\\44.png'
44.0618 	EXP 	image: autoDraw = True
44.0618 	EXP 	image_2: autoDraw = True
44.3542 	EXP 	New trial (rep=0, index=33): OrderedDict([('imagen1', 'pngs\\17.png'), ('imagen2', 'pngs\\18.png'), ('hm1', -1), ('cp1', -1), ('ai1', 1), ('pa1', 0), ('vr1', 1), ('cl1', 0), ('hm2', 1), ('cp2', 1), ('ai2', -1), ('pa2', 0), ('vr2', -1), ('cl2', 0)])
44.4993 	DATA 	Keypress: left
44.5154 	EXP 	image: autoDraw = False
44.5154 	EXP 	image_2: autoDraw = False
44.5154 	EXP 	image: image = 'pngs\\17.png'
44.5154 	EXP 	image_2: image = 'pngs\\18.png'
44.5154 	EXP 	image: autoDraw = True
44.5154 	EXP 	image_2: autoDraw = True
44.7203 	EXP 	New trial (rep=0, index=34): OrderedDict([('imagen1', 'pngs\\67.png'), ('imagen2', 'pngs\\68.png'), ('hm1', 0), ('cp1', -1), ('ai1', 1), ('pa1', 0), ('vr1', -1), ('cl1', -1), ('hm2', 0), ('cp2', 1), ('ai2', -1), ('pa2', 0), ('vr2', 1), ('cl2', 1)])
44.8661 	DATA 	Keypress: left
44.8818 	EXP 	image: autoDraw = False
44.8818 	EXP 	image_2: autoDraw = False
44.8818 	EXP 	image: image = 'pngs\\67.png'
44.8818 	EXP 	image_2: image = 'pngs\\68.png'
44.8818 	EXP 	image: autoDraw = True
44.8818 	EXP 	image_2: autoDraw = True
45.0540 	EXP 	New trial (rep=0, index=35): OrderedDict([('imagen1', 'pngs\\39.png'), ('imagen2', 'pngs\\40.png'), ('hm1', 0), ('cp1', 1), ('ai1', 1), ('pa1', 0), ('vr1', 1), ('cl1', 0), ('hm2', 0), ('cp2', -1), ('ai2', -1), ('pa2', 0), ('vr2', -1), ('cl2', 0)])
45.1999 	DATA 	Keypress: left
45.2068 	EXP 	image: autoDraw = False
45.2068 	EXP 	image_2: autoDraw = False
45.2068 	EXP 	image: image = 'pngs\\39.png'
45.2068 	EXP 	image_2: image = 'pngs\\40.png'
45.2068 	EXP 	image: autoDraw = True
45.2068 	EXP 	image_2: autoDraw = True
45.3869 	EXP 	New trial (rep=0, index=36): OrderedDict([('imagen1', 'pngs\\27.png'), ('imagen2', 'pngs\\28.png'), ('hm1', 1), ('cp1', -1), ('ai1', 1), ('pa1', 0), ('vr1', -1), ('cl1', 0), ('hm2', -1), ('cp2', 1), ('ai2', -1), ('pa2', 0), ('vr2', 1), ('cl2', 0)])
45.5319 	DATA 	Keypress: right
45.5396 	EXP 	image: autoDraw = False
45.5396 	EXP 	image_2: autoDraw = False
45.5396 	EXP 	image: image = 'pngs\\27.png'
45.5396 	EXP 	image_2: image = 'pngs\\28.png'
45.5396 	EXP 	image: autoDraw = True
45.5396 	EXP 	image_2: autoDraw = True
45.7863 	EXP 	New trial (rep=0, index=37): OrderedDict([('imagen1', 'pngs\\3.png'), ('imagen2', 'pngs\\4.png'), ('hm1', 0), ('cp1', -1), ('ai1', 1), ('pa1', 0), ('vr1', -1), ('cl1', 0), ('hm2', 0), ('cp2', 1), ('ai2', -1), ('pa2', 0), ('vr2', 1), ('cl2', 0)])
45.9332 	DATA 	Keypress: right
45.9405 	EXP 	image: autoDraw = False
45.9405 	EXP 	image_2: autoDraw = False
45.9405 	EXP 	image: image = 'pngs\\3.png'
45.9405 	EXP 	image_2: image = 'pngs\\4.png'
45.9405 	EXP 	image: autoDraw = True
45.9405 	EXP 	image_2: autoDraw = True
46.1027 	EXP 	New trial (rep=0, index=38): OrderedDict([('imagen1', 'pngs\\53.png'), ('imagen2', 'pngs\\54.png'), ('hm1', 0), ('cp1', 1), ('ai1', 1), ('pa1', -1), ('vr1', -1), ('cl1', 0), ('hm2', 0), ('cp2', -1), ('ai2', -1), ('pa2', 1), ('vr2', 1), ('cl2', 0)])
46.2481 	DATA 	Keypress: left
46.2646 	EXP 	image: autoDraw = False
46.2646 	EXP 	image_2: autoDraw = False
46.2646 	EXP 	image: image = 'pngs\\53.png'
46.2646 	EXP 	image_2: image = 'pngs\\54.png'
46.2646 	EXP 	image: autoDraw = True
46.2646 	EXP 	image_2: autoDraw = True
46.5870 	DATA 	Keypress: left
46.6033 	EXP 	New trial (rep=0, index=39): OrderedDict([('imagen1', 'pngs\\35.png'), ('imagen2', 'pngs\\36.png'), ('hm1', 0), ('cp1', -1), ('ai1', 1), ('pa1', 0), ('vr1', -1), ('cl1', 0), ('hm2', 0), ('cp2', 1), ('ai2', -1), ('pa2', 0), ('vr2', 1), ('cl2', 0)])
46.7652 	EXP 	image: autoDraw = False
46.7652 	EXP 	image_2: autoDraw = False
46.7652 	EXP 	image: image = 'pngs\\35.png'
46.7652 	EXP 	image_2: image = 'pngs\\36.png'
46.7652 	EXP 	image: autoDraw = True
46.7652 	EXP 	image_2: autoDraw = True
47.0478 	DATA 	Keypress: left
47.0504 	EXP 	image: autoDraw = False
47.0504 	EXP 	image_2: autoDraw = False
47.0504 	EXP 	text: height = 0.04
47.0504 	EXP 	text: height = 0.04
47.0504 	EXP 	text: height = 0.04
47.0504 	EXP 	text: text = 'Salvar hombres antes que mujeres = 25.0%'
47.0504 	EXP 	text_2: height = 0.04
47.0504 	EXP 	text_2: height = 0.04
47.0504 	EXP 	text_2: height = 0.04
47.0504 	EXP 	text_2: text = 'Salvar conductor antes que peatón = 50.0%'
47.0504 	EXP 	text_3: height = 0.04
47.0504 	EXP 	text_3: height = 0.04
47.0504 	EXP 	text_3: height = 0.04
47.0504 	EXP 	text_3: text = 'Dejar que el coche vaya recto = 60.0%'
47.0504 	EXP 	text_4: height = 0.04
47.0504 	EXP 	text_4: height = 0.04
47.0504 	EXP 	text_4: height = 0.04
47.0504 	EXP 	text_4: text = 'Salvar personas antes que animales = 12.5%'
47.0504 	EXP 	text_5: height = 0.04
47.0504 	EXP 	text_5: height = 0.04
47.0504 	EXP 	text_5: height = 0.04
47.0504 	EXP 	text_5: text = 'Salvar a quien respeta la ley = 35.0%'
47.0504 	EXP 	text_6: height = 0.04
47.0504 	EXP 	text_6: height = 0.04
47.0504 	EXP 	text_6: height = 0.04
47.0504 	EXP 	text_6: text = 'Salvar a cívicos antes que ladrones = 50.0%'
47.0504 	EXP 	text: autoDraw = True
47.0504 	EXP 	text_2: autoDraw = True
47.0504 	EXP 	text_3: autoDraw = True
47.0504 	EXP 	text_4: autoDraw = True
47.0504 	EXP 	text_5: autoDraw = True
47.0504 	EXP 	text_6: autoDraw = True
47.0504 	EXP 	text_7: autoDraw = True
50.2674 	DATA 	Keypress: space
50.2833 	EXP 	text: autoDraw = False
50.2833 	EXP 	text_2: autoDraw = False
50.2833 	EXP 	text_3: autoDraw = False
50.2833 	EXP 	text_4: autoDraw = False
50.2833 	EXP 	text_5: autoDraw = False
50.2833 	EXP 	text_6: autoDraw = False
50.2833 	EXP 	text_7: autoDraw = False
50.2834 	EXP 	untitled: status = STOPPED
50.3421 	EXP 	window1: mouseVisible = True
