5.1974 	WARNING 	User requested fullscreen with size [1536  864], but screen is actually [1920, 1080]. Using actual size
5.8252 	EXP 	Created window1 = Window(allowGUI=True, allowStencil=False, autoLog=True, backendConf=UNKNOWN, backgroundFit=<method-wrapper '__getattribute__' of attributeSetter object at 0x000001596DC00430>, backgroundImage=<method-wrapper '__getattribute__' of attributeSetter object at 0x000001596DC003D0>, bitsMode=UNKNOWN, blendMode='avg', bpc=(8, 8, 8), color=array([0, 0, 0]), colorSpace='rgb', depthBits=8, fullscr=<method-wrapper '__getattribute__' of attributeSetter object at 0x000001596DC00220>, gamma=None, gammaErrorPolicy='raise', lms=UNKNOWN, monitor=<psychopy.monitors.calibTools.Monitor object at 0x000001596E0C43D0>, multiSample=False, name='window1', numSamples=2, pos=(1920, 789), screen=0, size=array([1920, 1080]), stencilBits=0, stereo=False, title='PsychoPy', units='height', useFBO=True, useRetina=False, viewOri=0.0, viewPos=None, viewScale=None, waitBlanking=True, winType='pyglet')
5.8253 	EXP 	window1: mouseVisible = True
5.8253 	EXP 	window1: backgroundImage = ''
5.8253 	EXP 	window1: backgroundFit = 'none'
5.8270 	EXP 	window1: Attempting to measure frame rate of screen (0) ...
5.8270 	EXP 	window1: recordFrameIntervals = False
5.9905 	EXP 	window1: recordFrameIntervals = True
6.1742 	EXP 	Screen (0) actual frame rate measured at 59.95Hz
6.1742 	EXP 	window1: recordFrameIntervals = False
6.1744 	EXP 	window1: mouseVisible = False
7.9586 	EXP 	tarea_coche_autonomo: status = STARTED
7.9590 	EXP 	window1: mouseVisible = True
9.4856 	EXP 	Created image_11 = ImageStim(__class__=<class 'psychopy.visual.image.ImageStim'>, anchor=('center', 'center'), autoLog=True, color=array([1., 1., 1.]), colorSpace='rgb', contrast=1.0, depth=0.0, draggable=False, flipHoriz=False, flipVert=False, image='pngs/portada.jpg', interpolate=True, mask=None, maskParams=None, name='image_11', opacity=1.0, ori=0.0, pos=array([0., 0.]), size=array([2., 1.]), texRes=128.0, units='height', win=Window(...))
9.4859 	EXP 	window1: mouseVisible = True
9.5906 	EXP 	Created text_19 = TextStim(__class__=<class 'psychopy.visual.text.TextStim'>, alignHoriz=method-wrapper(...), alignText='center', alignVert=method-wrapper(...), anchorHoriz='center', anchorVert='center', antialias=True, autoDraw=False, autoLog=True, bold=False, color=array([-1., -1., -1.]), colorSpace='rgb', contrast=1.0, depth=-1.0, draggable=False, flipHoriz=False, flipVert=False, font='Open Sans', fontFiles=[], height=0.08, italic=False, languageStyle='LTR', name='text_19', opacity=1.0, ori=0.0, pos=array([-0.2 ,  0.18]), rgb=UNKNOWN, text='Experimento del coche autónomo', units='height', win=Window(...), wrapWidth=1)
9.5907 	EXP 	window1: mouseVisible = True
9.6130 	EXP 	Created text_8 = TextStim(__class__=<class 'psychopy.visual.text.TextStim'>, alignHoriz=method-wrapper(...), alignText='center', alignVert=method-wrapper(...), anchorHoriz='center', anchorVert='center', antialias=True, autoDraw=False, autoLog=True, bold=False, color=array([1., 1., 1.]), colorSpace='rgb', contrast=1.0, depth=0.0, draggable=False, flipHoriz=False, flipVert=False, font='Open Sans', fontFiles=[], height=0.04, italic=False, languageStyle='LTR', name='text_8', opacity=1.0, ori=0.0, pos=array([0., 0.]), rgb=UNKNOWN, text=str(...), units='height', win=Window(...), wrapWidth=1)
9.6131 	EXP 	window1: mouseVisible = True
9.8716 	EXP 	Created image_3 = ImageStim(__class__=<class 'psychopy.visual.image.ImageStim'>, anchor=('center', 'center'), autoLog=True, color=array([1., 1., 1.]), colorSpace='rgb', contrast=1.0, depth=0.0, draggable=False, flipHoriz=False, flipVert=False, image='pngs/41.png', interpolate=True, mask=None, maskParams=None, name='image_3', opacity=1.0, ori=0.0, pos=array([-0.53, -0.1 ]), size=array([0.4, 0.8]), texRes=128.0, units='height', win=Window(...))
9.8718 	EXP 	window1: mouseVisible = True
10.1475 	EXP 	Created image_4 = ImageStim(__class__=<class 'psychopy.visual.image.ImageStim'>, anchor=('center', 'center'), autoLog=True, color=array([1., 1., 1.]), colorSpace='rgb', contrast=1.0, depth=-1.0, draggable=False, flipHoriz=False, flipVert=False, image='pngs/42.png', interpolate=True, mask=None, maskParams=None, name='image_4', opacity=1.0, ori=0.0, pos=array([ 0.53, -0.1 ]), size=array([0.4, 0.8]), texRes=128.0, units='height', win=Window(...))
10.1477 	EXP 	window1: mouseVisible = True
10.1514 	EXP 	Created text_9 = TextStim(__class__=<class 'psychopy.visual.text.TextStim'>, alignHoriz=method-wrapper(...), alignText='center', alignVert=method-wrapper(...), anchorHoriz='center', anchorVert='center', antialias=True, autoDraw=False, autoLog=True, bold=False, color=array([1., 1., 1.]), colorSpace='rgb', contrast=1.0, depth=-3.0, draggable=False, flipHoriz=False, flipVert=False, font='Open Sans', fontFiles=[], height=0.04, italic=False, languageStyle='LTR', name='text_9', opacity=1.0, ori=0.0, pos=array([ 0.  , -0.25]), rgb=UNKNOWN, text=str(...), units='height', win=Window(...), wrapWidth=1)
10.1516 	EXP 	window1: mouseVisible = True
10.1555 	EXP 	Created text_10 = TextStim(__class__=<class 'psychopy.visual.text.TextStim'>, alignHoriz=method-wrapper(...), alignText='center', alignVert=method-wrapper(...), anchorHoriz='center', anchorVert='center', antialias=True, autoDraw=False, autoLog=True, bold=False, color=array([1., 1., 1.]), colorSpace='rgb', contrast=1.0, depth=-4.0, draggable=False, flipHoriz=False, flipVert=False, font='Open Sans', fontFiles=[], height=0.04, italic=False, languageStyle='LTR', name='text_10', opacity=1.0, ori=0.0, pos=array([0. , 0.4]), rgb=UNKNOWN, text=str(...), units='height', win=Window(...), wrapWidth=1)
10.1556 	EXP 	window1: mouseVisible = True
10.1667 	EXP 	Created text_11 = TextStim(__class__=<class 'psychopy.visual.text.TextStim'>, alignHoriz=method-wrapper(...), alignText='center', alignVert=method-wrapper(...), anchorHoriz='center', anchorVert='center', antialias=True, autoDraw=False, autoLog=True, bold=False, color=array([1., 1., 1.]), colorSpace='rgb', contrast=1.0, depth=0.0, draggable=False, flipHoriz=False, flipVert=False, font='Open Sans', fontFiles=[], height=0.04, italic=False, languageStyle='LTR', name='text_11', opacity=1.0, ori=0.0, pos=array([0. , 0.4]), rgb=UNKNOWN, text=str(...), units='height', win=Window(...), wrapWidth=1)
10.1672 	EXP 	window1: mouseVisible = True
10.1728 	EXP 	Created text_12 = TextStim(__class__=<class 'psychopy.visual.text.TextStim'>, alignHoriz=method-wrapper(...), alignText='center', alignVert=method-wrapper(...), anchorHoriz='center', anchorVert='center', antialias=True, autoDraw=False, autoLog=True, bold=False, color=array([1., 1., 1.]), colorSpace='rgb', contrast=1.0, depth=-1.0, draggable=False, flipHoriz=False, flipVert=False, font='Open Sans', fontFiles=[], height=0.04, italic=False, languageStyle='LTR', name='text_12', opacity=1.0, ori=0.0, pos=array([-0.5 ,  0.25]), rgb=UNKNOWN, text='hombre', units='height', win=Window(...), wrapWidth=1)
10.1732 	EXP 	window1: mouseVisible = True
10.1753 	EXP 	Created text_13 = TextStim(__class__=<class 'psychopy.visual.text.TextStim'>, alignHoriz=method-wrapper(...), alignText='center', alignVert=method-wrapper(...), anchorHoriz='center', anchorVert='center', antialias=True, autoDraw=False, autoLog=True, bold=False, color=array([1., 1., 1.]), colorSpace='rgb', contrast=1.0, depth=-2.0, draggable=False, flipHoriz=False, flipVert=False, font='Open Sans', fontFiles=[], height=0.04, italic=False, languageStyle='LTR', name='text_13', opacity=1.0, ori=0.0, pos=array([-0.5,  0. ]), rgb=UNKNOWN, text='mujer', units='height', win=Window(...), wrapWidth=1)
10.1754 	EXP 	window1: mouseVisible = True
10.1771 	EXP 	Created text_14 = TextStim(__class__=<class 'psychopy.visual.text.TextStim'>, alignHoriz=method-wrapper(...), alignText='center', alignVert=method-wrapper(...), anchorHoriz='center', anchorVert='center', antialias=True, autoDraw=False, autoLog=True, bold=False, color=array([1., 1., 1.]), colorSpace='rgb', contrast=1.0, depth=-3.0, draggable=False, flipHoriz=False, flipVert=False, font='Open Sans', fontFiles=[], height=0.04, italic=False, languageStyle='LTR', name='text_14', opacity=1.0, ori=0.0, pos=array([-0.5 , -0.25]), rgb=UNKNOWN, text='delincuente', units='height', win=Window(...), wrapWidth=1)
10.1772 	EXP 	window1: mouseVisible = True
10.1788 	EXP 	Created text_15 = TextStim(__class__=<class 'psychopy.visual.text.TextStim'>, alignHoriz=method-wrapper(...), alignText='center', alignVert=method-wrapper(...), anchorHoriz='center', anchorVert='center', antialias=True, autoDraw=False, autoLog=True, bold=False, color=array([1., 1., 1.]), colorSpace='rgb', contrast=1.0, depth=-4.0, draggable=False, flipHoriz=False, flipVert=False, font='Open Sans', fontFiles=[], height=0.04, italic=False, languageStyle='LTR', name='text_15', opacity=1.0, ori=0.0, pos=array([0.5 , 0.25]), rgb=UNKNOWN, text='animal', units='height', win=Window(...), wrapWidth=1)
10.1789 	EXP 	window1: mouseVisible = True
10.1808 	EXP 	Created text_16 = TextStim(__class__=<class 'psychopy.visual.text.TextStim'>, alignHoriz=method-wrapper(...), alignText='center', alignVert=method-wrapper(...), anchorHoriz='center', anchorVert='center', antialias=True, autoDraw=False, autoLog=True, bold=False, color=array([1., 1., 1.]), colorSpace='rgb', contrast=1.0, depth=-5.0, draggable=False, flipHoriz=False, flipVert=False, font='Open Sans', fontFiles=[], height=0.04, italic=False, languageStyle='LTR', name='text_16', opacity=1.0, ori=0.0, pos=array([0.5, 0. ]), rgb=UNKNOWN, text='peatón puede cruzar', units='height', win=Window(...), wrapWidth=1)
10.1809 	EXP 	window1: mouseVisible = True
10.1829 	EXP 	Created text_17 = TextStim(__class__=<class 'psychopy.visual.text.TextStim'>, alignHoriz=method-wrapper(...), alignText='center', alignVert=method-wrapper(...), anchorHoriz='center', anchorVert='center', antialias=True, autoDraw=False, autoLog=True, bold=False, color=array([1., 1., 1.]), colorSpace='rgb', contrast=1.0, depth=-6.0, draggable=False, flipHoriz=False, flipVert=False, font='Open Sans', fontFiles=[], height=0.04, italic=False, languageStyle='LTR', name='text_17', opacity=1.0, ori=0.0, pos=array([ 0.5 , -0.25]), rgb=UNKNOWN, text='peatón no puede cruzar', units='height', win=Window(...), wrapWidth=1)
10.1830 	EXP 	window1: mouseVisible = True
10.1871 	EXP 	Created image_5 = ImageStim(__class__=<class 'psychopy.visual.image.ImageStim'>, anchor=('center', 'center'), autoLog=True, color=array([1., 1., 1.]), colorSpace='rgb', contrast=1.0, depth=-7.0, draggable=False, flipHoriz=False, flipVert=False, image='pngs/hombre.png', interpolate=True, mask=None, maskParams=None, name='image_5', opacity=1.0, ori=0.0, pos=array([-0.65,  0.25]), size=array([0.12, 0.12]), texRes=128.0, units='height', win=Window(...))
10.1872 	EXP 	window1: mouseVisible = True
10.1915 	EXP 	Created text_18 = TextStim(__class__=<class 'psychopy.visual.text.TextStim'>, alignHoriz=method-wrapper(...), alignText='center', alignVert=method-wrapper(...), anchorHoriz='center', anchorVert='center', antialias=True, autoDraw=False, autoLog=True, bold=False, color=array([1., 1., 1.]), colorSpace='rgb', contrast=1.0, depth=-9.0, draggable=False, flipHoriz=False, flipVert=False, font='Open Sans', fontFiles=[], height=0.04, italic=False, languageStyle='LTR', name='text_18', opacity=1.0, ori=0.0, pos=array([ 0. , -0.4]), rgb=UNKNOWN, text='¡Pulsa "space" para empezar!', units='height', win=Window(...), wrapWidth=1)
10.1916 	EXP 	window1: mouseVisible = True
10.1955 	EXP 	Created image_6 = ImageStim(__class__=<class 'psychopy.visual.image.ImageStim'>, anchor=('center', 'center'), autoLog=True, color=array([1., 1., 1.]), colorSpace='rgb', contrast=1.0, depth=-10.0, draggable=False, flipHoriz=False, flipVert=False, image='pngs/mujer.png', interpolate=True, mask=None, maskParams=None, name='image_6', opacity=1.0, ori=0.0, pos=array([-0.7,  0. ]), size=array([0.15, 0.15]), texRes=128.0, units='height', win=Window(...))
10.1956 	EXP 	window1: mouseVisible = True
10.1995 	EXP 	Created image_7 = ImageStim(__class__=<class 'psychopy.visual.image.ImageStim'>, anchor=('center', 'center'), autoLog=True, color=array([1., 1., 1.]), colorSpace='rgb', contrast=1.0, depth=-11.0, draggable=False, flipHoriz=False, flipVert=False, image='pngs/delincuente.png', interpolate=True, mask=None, maskParams=None, name='image_7', opacity=1.0, ori=0.0, pos=array([-0.7 , -0.25]), size=array([0.15, 0.12]), texRes=128.0, units='height', win=Window(...))
10.1996 	EXP 	window1: mouseVisible = True
10.2049 	EXP 	Created image_8 = ImageStim(__class__=<class 'psychopy.visual.image.ImageStim'>, anchor=('center', 'center'), autoLog=True, color=array([1., 1., 1.]), colorSpace='rgb', contrast=1.0, depth=-12.0, draggable=False, flipHoriz=False, flipVert=False, image='pngs/animal.png', interpolate=True, mask=None, maskParams=None, name='image_8', opacity=1.0, ori=0.0, pos=array([0.3 , 0.25]), size=array([0.15, 0.15]), texRes=128.0, units='height', win=Window(...))
10.2050 	EXP 	window1: mouseVisible = True
10.2096 	EXP 	Created image_9 = ImageStim(__class__=<class 'psychopy.visual.image.ImageStim'>, anchor=('center', 'center'), autoLog=True, color=array([1., 1., 1.]), colorSpace='rgb', contrast=1.0, depth=-13.0, draggable=False, flipHoriz=False, flipVert=False, image='pngs/peaton_verde.png', interpolate=True, mask=None, maskParams=None, name='image_9', opacity=1.0, ori=0.0, pos=array([0.2, 0. ]), size=array([0.1 , 0.15]), texRes=128.0, units='height', win=Window(...))
10.2097 	EXP 	window1: mouseVisible = True
10.2138 	EXP 	Created image_10 = ImageStim(__class__=<class 'psychopy.visual.image.ImageStim'>, anchor=('center', 'center'), autoLog=True, color=array([1., 1., 1.]), colorSpace='rgb', contrast=1.0, depth=-14.0, draggable=False, flipHoriz=False, flipVert=False, image='pngs/peaton_rojo.png', interpolate=True, mask=None, maskParams=None, name='image_10', opacity=1.0, ori=0.0, pos=array([ 0.2 , -0.25]), size=array([0.1 , 0.15]), texRes=128.0, units='height', win=Window(...))
10.2139 	EXP 	window1: mouseVisible = True
10.2228 	EXP 	Created image = ImageStim(__class__=<class 'psychopy.visual.image.ImageStim'>, anchor=('center', 'center'), autoLog=True, color=array([1., 1., 1.]), colorSpace='rgb', contrast=1.0, depth=0.0, draggable=False, flipHoriz=False, flipVert=False, image='default.png', interpolate=True, mask=None, maskParams=None, name='image', opacity=1.0, ori=0.0, pos=array([-0.5,  0. ]), size=array([0.6, 1. ]), texRes=128.0, units='height', win=Window(...))
10.2230 	EXP 	window1: mouseVisible = True
10.2312 	EXP 	Created image_2 = ImageStim(__class__=<class 'psychopy.visual.image.ImageStim'>, anchor=('center', 'center'), autoLog=True, color=array([1., 1., 1.]), colorSpace='rgb', contrast=1.0, depth=-1.0, draggable=False, flipHoriz=False, flipVert=False, image='default.png', interpolate=True, mask=None, maskParams=None, name='image_2', opacity=1.0, ori=0.0, pos=array([0.5, 0. ]), size=array([0.6, 1. ]), texRes=128.0, units='height', win=Window(...))
10.2314 	EXP 	window1: mouseVisible = True
10.2323 	EXP 	Created text = TextStim(__class__=<class 'psychopy.visual.text.TextStim'>, alignHoriz=method-wrapper(...), alignText='center', alignVert=method-wrapper(...), anchorHoriz='center', anchorVert='center', antialias=True, autoDraw=False, autoLog=True, bold=False, color=array([1., 1., 1.]), colorSpace='rgb', contrast=1.0, depth=0.0, draggable=False, flipHoriz=False, flipVert=False, font='Open Sans', fontFiles=[], height=0.04, italic=False, languageStyle='LTR', name='text', opacity=1.0, ori=0.0, pos=array([0. , 0.3]), rgb=UNKNOWN, text='', units='height', win=Window(...), wrapWidth=1)
10.2324 	EXP 	window1: mouseVisible = True
10.2332 	EXP 	Created text_2 = TextStim(__class__=<class 'psychopy.visual.text.TextStim'>, alignHoriz=method-wrapper(...), alignText='center', alignVert=method-wrapper(...), anchorHoriz='center', anchorVert='center', antialias=True, autoDraw=False, autoLog=True, bold=False, color=array([1., 1., 1.]), colorSpace='rgb', contrast=1.0, depth=-1.0, draggable=False, flipHoriz=False, flipVert=False, font='Open Sans', fontFiles=[], height=0.04, italic=False, languageStyle='LTR', name='text_2', opacity=1.0, ori=0.0, pos=array([0. , 0.2]), rgb=UNKNOWN, text='', units='height', win=Window(...), wrapWidth=1)
10.2333 	EXP 	window1: mouseVisible = True
10.2340 	EXP 	Created text_3 = TextStim(__class__=<class 'psychopy.visual.text.TextStim'>, alignHoriz=method-wrapper(...), alignText='center', alignVert=method-wrapper(...), anchorHoriz='center', anchorVert='center', antialias=True, autoDraw=False, autoLog=True, bold=False, color=array([1., 1., 1.]), colorSpace='rgb', contrast=1.0, depth=-2.0, draggable=False, flipHoriz=False, flipVert=False, font='Open Sans', fontFiles=[], height=0.04, italic=False, languageStyle='LTR', name='text_3', opacity=1.0, ori=0.0, pos=array([0. , 0.1]), rgb=UNKNOWN, text='', units='height', win=Window(...), wrapWidth=1)
10.2341 	EXP 	window1: mouseVisible = True
10.2348 	EXP 	Created text_4 = TextStim(__class__=<class 'psychopy.visual.text.TextStim'>, alignHoriz=method-wrapper(...), alignText='center', alignVert=method-wrapper(...), anchorHoriz='center', anchorVert='center', antialias=True, autoDraw=False, autoLog=True, bold=False, color=array([1., 1., 1.]), colorSpace='rgb', contrast=1.0, depth=-3.0, draggable=False, flipHoriz=False, flipVert=False, font='Open Sans', fontFiles=[], height=0.04, italic=False, languageStyle='LTR', name='text_4', opacity=1.0, ori=0.0, pos=array([0., 0.]), rgb=UNKNOWN, text='', units='height', win=Window(...), wrapWidth=1)
10.2349 	EXP 	window1: mouseVisible = True
10.2356 	EXP 	Created text_5 = TextStim(__class__=<class 'psychopy.visual.text.TextStim'>, alignHoriz=method-wrapper(...), alignText='center', alignVert=method-wrapper(...), anchorHoriz='center', anchorVert='center', antialias=True, autoDraw=False, autoLog=True, bold=False, color=array([1., 1., 1.]), colorSpace='rgb', contrast=1.0, depth=-4.0, draggable=False, flipHoriz=False, flipVert=False, font='Open Sans', fontFiles=[], height=0.04, italic=False, languageStyle='LTR', name='text_5', opacity=1.0, ori=0.0, pos=array([ 0. , -0.1]), rgb=UNKNOWN, text='', units='height', win=Window(...), wrapWidth=1)
10.2356 	EXP 	window1: mouseVisible = True
10.2363 	EXP 	Created text_6 = TextStim(__class__=<class 'psychopy.visual.text.TextStim'>, alignHoriz=method-wrapper(...), alignText='center', alignVert=method-wrapper(...), anchorHoriz='center', anchorVert='center', antialias=True, autoDraw=False, autoLog=True, bold=False, color=array([1., 1., 1.]), colorSpace='rgb', contrast=1.0, depth=-5.0, draggable=False, flipHoriz=False, flipVert=False, font='Open Sans', fontFiles=[], height=0.04, italic=False, languageStyle='LTR', name='text_6', opacity=1.0, ori=0.0, pos=array([ 0. , -0.2]), rgb=UNKNOWN, text='', units='height', win=Window(...), wrapWidth=1)
10.2363 	EXP 	window1: mouseVisible = True
10.2386 	EXP 	Created text_7 = TextStim(__class__=<class 'psychopy.visual.text.TextStim'>, alignHoriz=method-wrapper(...), alignText='center', alignVert=method-wrapper(...), anchorHoriz='center', anchorVert='center', antialias=True, autoDraw=False, autoLog=True, bold=False, color=array([1., 1., 1.]), colorSpace='rgb', contrast=1.0, depth=-6.0, draggable=False, flipHoriz=False, flipVert=False, font='Open Sans', fontFiles=[], height=0.04, italic=False, languageStyle='LTR', name='text_7', opacity=1.0, ori=0.0, pos=array([ 0. , -0.4]), rgb=UNKNOWN, text='Para salir, pulsa "space"', units='height', win=Window(...), wrapWidth=1)
0.0506 	EXP 	image_11: autoDraw = True
0.0506 	EXP 	text_19: autoDraw = True
5.0290 	EXP 	image_11: autoDraw = False
5.0290 	EXP 	text_19: autoDraw = False
5.0290 	EXP 	text_8: autoDraw = True
6.7675 	DATA 	Keypress: space
6.7781 	EXP 	text_8: autoDraw = False
6.7781 	EXP 	image_3: autoDraw = True
6.7781 	EXP 	image_4: autoDraw = True
6.7781 	EXP 	text_9: autoDraw = True
6.7781 	EXP 	text_10: autoDraw = True
8.4708 	DATA 	Keypress: left
8.4779 	EXP 	image_3: autoDraw = False
8.4779 	EXP 	image_4: autoDraw = False
8.4779 	EXP 	text_9: autoDraw = False
8.4779 	EXP 	text_10: autoDraw = False
8.4779 	EXP 	text_11: autoDraw = True
8.4779 	EXP 	text_12: autoDraw = True
8.4779 	EXP 	text_13: autoDraw = True
8.4779 	EXP 	text_14: autoDraw = True
8.4779 	EXP 	text_15: autoDraw = True
8.4779 	EXP 	text_16: autoDraw = True
8.4779 	EXP 	text_17: autoDraw = True
8.4779 	EXP 	image_5: autoDraw = True
8.4779 	EXP 	text_18: autoDraw = True
8.4779 	EXP 	image_6: autoDraw = True
8.4779 	EXP 	image_7: autoDraw = True
8.4779 	EXP 	image_8: autoDraw = True
8.4779 	EXP 	image_9: autoDraw = True
8.4779 	EXP 	image_10: autoDraw = True
8.9316 	DATA 	Keypress: left
9.8996 	EXP 	Imported trials_coche3.csv as conditions, 40 conditions, 14 params
9.9001 	EXP 	Created sequence: random, trialTypes=40, nReps=1, seed=None
9.9003 	EXP 	New trial (rep=0, index=0): OrderedDict([('imagen1', 'pngs\\39.png'), ('imagen2', 'pngs\\40.png'), ('hm1', 0), ('cp1', 1), ('ai1', 1), ('pa1', 0), ('vr1', 1), ('cl1', 0), ('hm2', 0), ('cp2', -1), ('ai2', -1), ('pa2', 0), ('vr2', -1), ('cl2', 0)])
10.0367 	DATA 	Keypress: space
10.0492 	EXP 	text_11: autoDraw = False
10.0492 	EXP 	text_12: autoDraw = False
10.0492 	EXP 	text_13: autoDraw = False
10.0492 	EXP 	text_14: autoDraw = False
10.0492 	EXP 	text_15: autoDraw = False
10.0492 	EXP 	text_16: autoDraw = False
10.0492 	EXP 	text_17: autoDraw = False
10.0492 	EXP 	image_5: autoDraw = False
10.0492 	EXP 	text_18: autoDraw = False
10.0492 	EXP 	image_6: autoDraw = False
10.0492 	EXP 	image_7: autoDraw = False
10.0492 	EXP 	image_8: autoDraw = False
10.0492 	EXP 	image_9: autoDraw = False
10.0492 	EXP 	image_10: autoDraw = False
10.0492 	EXP 	image: image = 'pngs\\39.png'
10.0492 	EXP 	image_2: image = 'pngs\\40.png'
10.0492 	EXP 	image: autoDraw = True
10.0492 	EXP 	image_2: autoDraw = True
10.7273 	EXP 	New trial (rep=0, index=1): OrderedDict([('imagen1', 'pngs\\27.png'), ('imagen2', 'pngs\\28.png'), ('hm1', 1), ('cp1', -1), ('ai1', 1), ('pa1', 0), ('vr1', -1), ('cl1', 0), ('hm2', -1), ('cp2', 1), ('ai2', -1), ('pa2', 0), ('vr2', 1), ('cl2', 0)])
10.8606 	DATA 	Keypress: left
10.8695 	EXP 	image: autoDraw = False
10.8695 	EXP 	image_2: autoDraw = False
10.8695 	EXP 	image: image = 'pngs\\27.png'
10.8695 	EXP 	image_2: image = 'pngs\\28.png'
10.8695 	EXP 	image: autoDraw = True
10.8695 	EXP 	image_2: autoDraw = True
10.8799 	EXP 	New trial (rep=0, index=2): OrderedDict([('imagen1', 'pngs\\41.png'), ('imagen2', 'pngs\\42.png'), ('hm1', 0), ('cp1', -1), ('ai1', 1), ('pa1', -1), ('vr1', 1), ('cl1', 0), ('hm2', 0), ('cp2', 1), ('ai2', -1), ('pa2', 1), ('vr2', -1), ('cl2', 0)])
11.0264 	DATA 	Keypress: right
11.0467 	EXP 	image: autoDraw = False
11.0467 	EXP 	image_2: autoDraw = False
11.0467 	EXP 	image: image = 'pngs\\41.png'
11.0467 	EXP 	image_2: image = 'pngs\\42.png'
11.0467 	EXP 	image: autoDraw = True
11.0467 	EXP 	image_2: autoDraw = True
11.0603 	EXP 	New trial (rep=0, index=3): OrderedDict([('imagen1', 'pngs\\79.png'), ('imagen2', 'pngs\\80.png'), ('hm1', 0), ('cp1', 1), ('ai1', 1), ('pa1', 0), ('vr1', 1), ('cl1', -1), ('hm2', 0), ('cp2', -1), ('ai2', -1), ('pa2', 0), ('vr2', -1), ('cl2', 1)])
11.2248 	DATA 	Keypress: left
11.2249 	DATA 	Keypress: right
11.2454 	EXP 	image: autoDraw = False
11.2454 	EXP 	image_2: autoDraw = False
11.2454 	EXP 	image: image = 'pngs\\79.png'
11.2454 	EXP 	image_2: image = 'pngs\\80.png'
11.2454 	EXP 	image: autoDraw = True
11.2454 	EXP 	image_2: autoDraw = True
11.3440 	EXP 	New trial (rep=0, index=4): OrderedDict([('imagen1', 'pngs\\9.png'), ('imagen2', 'pngs\\10.png'), ('hm1', 0), ('cp1', -1), ('ai1', 1), ('pa1', 0), ('vr1', 1), ('cl1', 0), ('hm2', 0), ('cp2', 1), ('ai2', -1), ('pa2', 0), ('vr2', -1), ('cl2', 0)])
11.4779 	DATA 	Keypress: left
11.4955 	EXP 	image: autoDraw = False
11.4955 	EXP 	image_2: autoDraw = False
11.4955 	EXP 	image: image = 'pngs\\9.png'
11.4955 	EXP 	image_2: image = 'pngs\\10.png'
11.4955 	EXP 	image: autoDraw = True
11.4955 	EXP 	image_2: autoDraw = True
11.6279 	EXP 	New trial (rep=0, index=5): OrderedDict([('imagen1', 'pngs\\17.png'), ('imagen2', 'pngs\\18.png'), ('hm1', -1), ('cp1', -1), ('ai1', 1), ('pa1', 0), ('vr1', 1), ('cl1', 0), ('hm2', 1), ('cp2', 1), ('ai2', -1), ('pa2', 0), ('vr2', -1), ('cl2', 0)])
11.7592 	DATA 	Keypress: left
11.7673 	EXP 	image: autoDraw = False
11.7673 	EXP 	image_2: autoDraw = False
11.7673 	EXP 	image: image = 'pngs\\17.png'
11.7673 	EXP 	image_2: image = 'pngs\\18.png'
11.7673 	EXP 	image: autoDraw = True
11.7673 	EXP 	image_2: autoDraw = True
12.0429 	EXP 	New trial (rep=0, index=6): OrderedDict([('imagen1', 'pngs\\53.png'), ('imagen2', 'pngs\\54.png'), ('hm1', 0), ('cp1', 1), ('ai1', 1), ('pa1', -1), ('vr1', -1), ('cl1', 0), ('hm2', 0), ('cp2', -1), ('ai2', -1), ('pa2', 1), ('vr2', 1), ('cl2', 0)])
12.2643 	DATA 	Keypress: right
12.2649 	DATA 	Keypress: right
12.2737 	EXP 	image: autoDraw = False
12.2737 	EXP 	image_2: autoDraw = False
12.2737 	EXP 	image: image = 'pngs\\53.png'
12.2737 	EXP 	image_2: image = 'pngs\\54.png'
12.2737 	EXP 	image: autoDraw = True
12.2737 	EXP 	image_2: autoDraw = True
12.4460 	EXP 	New trial (rep=0, index=7): OrderedDict([('imagen1', 'pngs\\37.png'), ('imagen2', 'pngs\\38.png'), ('hm1', 0), ('cp1', 1), ('ai1', 1), ('pa1', 0), ('vr1', -1), ('cl1', 0), ('hm2', 0), ('cp2', -1), ('ai2', -1), ('pa2', 0), ('vr2', 1), ('cl2', 0)])
12.6035 	DATA 	Keypress: right
12.6128 	EXP 	image: autoDraw = False
12.6128 	EXP 	image_2: autoDraw = False
12.6128 	EXP 	image: image = 'pngs\\37.png'
12.6128 	EXP 	image_2: image = 'pngs\\38.png'
12.6128 	EXP 	image: autoDraw = True
12.6128 	EXP 	image_2: autoDraw = True
12.6602 	EXP 	New trial (rep=0, index=8): OrderedDict([('imagen1', 'pngs\\5.png'), ('imagen2', 'pngs\\6.png'), ('hm1', 0), ('cp1', 1), ('ai1', 1), ('pa1', 0), ('vr1', -1), ('cl1', 0), ('hm2', 0), ('cp2', -1), ('ai2', -1), ('pa2', 0), ('vr2', 1), ('cl2', 0)])
12.8049 	DATA 	Keypress: right
12.8133 	EXP 	image: autoDraw = False
12.8133 	EXP 	image_2: autoDraw = False
12.8133 	EXP 	image: image = 'pngs\\5.png'
12.8133 	EXP 	image_2: image = 'pngs\\6.png'
12.8133 	EXP 	image: autoDraw = True
12.8133 	EXP 	image_2: autoDraw = True
12.8959 	EXP 	New trial (rep=0, index=9): OrderedDict([('imagen1', 'pngs\\49.png'), ('imagen2', 'pngs\\50.png'), ('hm1', 0), ('cp1', -1), ('ai1', 1), ('pa1', 1), ('vr1', 1), ('cl1', 0), ('hm2', 0), ('cp2', 1), ('ai2', -1), ('pa2', -1), ('vr2', -1), ('cl2', 0)])
13.1274 	DATA 	Keypress: right
13.1367 	EXP 	image: autoDraw = False
13.1367 	EXP 	image_2: autoDraw = False
13.1367 	EXP 	image: image = 'pngs\\49.png'
13.1367 	EXP 	image_2: image = 'pngs\\50.png'
13.1367 	EXP 	image: autoDraw = True
13.1367 	EXP 	image_2: autoDraw = True
13.2786 	DATA 	Keypress: left
13.2936 	EXP 	New trial (rep=0, index=10): OrderedDict([('imagen1', 'pngs\\69.png'), ('imagen2', 'pngs\\70.png'), ('hm1', 0), ('cp1', 1), ('ai1', 1), ('pa1', 0), ('vr1', -1), ('cl1', 1), ('hm2', 0), ('cp2', -1), ('ai2', -1), ('pa2', 0), ('vr2', 1), ('cl2', -1)])
13.4419 	EXP 	image: autoDraw = False
13.4419 	EXP 	image_2: autoDraw = False
13.4419 	EXP 	image: image = 'pngs\\69.png'
13.4419 	EXP 	image_2: image = 'pngs\\70.png'
13.4419 	EXP 	image: autoDraw = True
13.4419 	EXP 	image_2: autoDraw = True
13.5091 	EXP 	New trial (rep=0, index=11): OrderedDict([('imagen1', 'pngs\\31.png'), ('imagen2', 'pngs\\32.png'), ('hm1', -1), ('cp1', 1), ('ai1', 1), ('pa1', 0), ('vr1', 1), ('cl1', 0), ('hm2', 1), ('cp2', -1), ('ai2', -1), ('pa2', 0), ('vr2', -1), ('cl2', 0)])
13.6382 	DATA 	Keypress: left
13.6556 	EXP 	image: autoDraw = False
13.6556 	EXP 	image_2: autoDraw = False
13.6556 	EXP 	image: image = 'pngs\\31.png'
13.6556 	EXP 	image_2: image = 'pngs\\32.png'
13.6556 	EXP 	image: autoDraw = True
13.6556 	EXP 	image_2: autoDraw = True
13.7409 	EXP 	New trial (rep=0, index=12): OrderedDict([('imagen1', 'pngs\\33.png'), ('imagen2', 'pngs\\34.png'), ('hm1', 0), ('cp1', -1), ('ai1', 1), ('pa1', 0), ('vr1', 1), ('cl1', 0), ('hm2', 0), ('cp2', 1), ('ai2', -1), ('pa2', 0), ('vr2', -1), ('cl2', 0)])
13.8690 	DATA 	Keypress: left
13.8870 	EXP 	image: autoDraw = False
13.8870 	EXP 	image_2: autoDraw = False
13.8870 	EXP 	image: image = 'pngs\\33.png'
13.8870 	EXP 	image_2: image = 'pngs\\34.png'
13.8870 	EXP 	image: autoDraw = True
13.8870 	EXP 	image_2: autoDraw = True
13.9579 	EXP 	New trial (rep=0, index=13): OrderedDict([('imagen1', 'pngs\\59.png'), ('imagen2', 'pngs\\60.png'), ('hm1', 0), ('cp1', -1), ('ai1', 1), ('pa1', 0), ('vr1', -1), ('cl1', 0), ('hm2', 0), ('cp2', 1), ('ai2', -1), ('pa2', 0), ('vr2', 1), ('cl2', 0)])
14.0890 	DATA 	Keypress: left
14.1065 	EXP 	image: autoDraw = False
14.1065 	EXP 	image_2: autoDraw = False
14.1065 	EXP 	image: image = 'pngs\\59.png'
14.1065 	EXP 	image_2: image = 'pngs\\60.png'
14.1065 	EXP 	image: autoDraw = True
14.1065 	EXP 	image_2: autoDraw = True
14.2082 	EXP 	New trial (rep=0, index=14): OrderedDict([('imagen1', 'pngs\\73.png'), ('imagen2', 'pngs\\74.png'), ('hm1', 0), ('cp1', -1), ('ai1', 1), ('pa1', 0), ('vr1', 1), ('cl1', 1), ('hm2', 0), ('cp2', 1), ('ai2', -1), ('pa2', 0), ('vr2', -1), ('cl2', -1)])
14.3393 	DATA 	Keypress: left
14.3571 	EXP 	image: autoDraw = False
14.3571 	EXP 	image_2: autoDraw = False
14.3571 	EXP 	image: image = 'pngs\\73.png'
14.3571 	EXP 	image_2: image = 'pngs\\74.png'
14.3571 	EXP 	image: autoDraw = True
14.3571 	EXP 	image_2: autoDraw = True
14.4748 	EXP 	New trial (rep=0, index=15): OrderedDict([('imagen1', 'pngs\\23.png'), ('imagen2', 'pngs\\24.png'), ('hm1', 1), ('cp1', 1), ('ai1', 1), ('pa1', 0), ('vr1', 1), ('cl1', 0), ('hm2', -1), ('cp2', -1), ('ai2', -1), ('pa2', 0), ('vr2', -1), ('cl2', 0)])
14.6041 	DATA 	Keypress: left
14.6226 	EXP 	image: autoDraw = False
14.6226 	EXP 	image_2: autoDraw = False
14.6226 	EXP 	image: image = 'pngs\\23.png'
14.6226 	EXP 	image_2: image = 'pngs\\24.png'
14.6226 	EXP 	image: autoDraw = True
14.6226 	EXP 	image_2: autoDraw = True
14.7242 	EXP 	New trial (rep=0, index=16): OrderedDict([('imagen1', 'pngs\\45.png'), ('imagen2', 'pngs\\46.png'), ('hm1', 0), ('cp1', 1), ('ai1', 1), ('pa1', 1), ('vr1', -1), ('cl1', 0), ('hm2', 0), ('cp2', -1), ('ai2', -1), ('pa2', -1), ('vr2', 1), ('cl2', 0)])
14.8535 	DATA 	Keypress: left
14.8705 	EXP 	image: autoDraw = False
14.8705 	EXP 	image_2: autoDraw = False
14.8705 	EXP 	image: image = 'pngs\\45.png'
14.8705 	EXP 	image_2: image = 'pngs\\46.png'
14.8705 	EXP 	image: autoDraw = True
14.8705 	EXP 	image_2: autoDraw = True
14.9406 	EXP 	New trial (rep=0, index=17): OrderedDict([('imagen1', 'pngs\\65.png'), ('imagen2', 'pngs\\66.png'), ('hm1', 0), ('cp1', -1), ('ai1', 1), ('pa1', 0), ('vr1', 1), ('cl1', -1), ('hm2', 0), ('cp2', 1), ('ai2', -1), ('pa2', 0), ('vr2', -1), ('cl2', 1)])
15.0670 	DATA 	Keypress: right
15.0746 	EXP 	image: autoDraw = False
15.0746 	EXP 	image_2: autoDraw = False
15.0746 	EXP 	image: image = 'pngs\\65.png'
15.0746 	EXP 	image_2: image = 'pngs\\66.png'
15.0746 	EXP 	image: autoDraw = True
15.0746 	EXP 	image_2: autoDraw = True
15.1238 	EXP 	New trial (rep=0, index=18): OrderedDict([('imagen1', 'pngs\\77.png'), ('imagen2', 'pngs\\78.png'), ('hm1', 0), ('cp1', 1), ('ai1', 1), ('pa1', 0), ('vr1', -1), ('cl1', -1), ('hm2', 0), ('cp2', -1), ('ai2', -1), ('pa2', 0), ('vr2', 1), ('cl2', 1)])
15.2676 	DATA 	Keypress: right
15.2765 	EXP 	image: autoDraw = False
15.2765 	EXP 	image_2: autoDraw = False
15.2765 	EXP 	image: image = 'pngs\\77.png'
15.2765 	EXP 	image_2: image = 'pngs\\78.png'
15.2765 	EXP 	image: autoDraw = True
15.2765 	EXP 	image_2: autoDraw = True
15.2903 	EXP 	New trial (rep=0, index=19): OrderedDict([('imagen1', 'pngs\\15.png'), ('imagen2', 'pngs\\16.png'), ('hm1', 0), ('cp1', 1), ('ai1', 1), ('pa1', 0), ('vr1', 1), ('cl1', 0), ('hm2', 0), ('cp2', -1), ('ai2', -1), ('pa2', 0), ('vr2', -1), ('cl2', 0)])
15.4284 	DATA 	Keypress: right
15.4464 	EXP 	image: autoDraw = False
15.4464 	EXP 	image_2: autoDraw = False
15.4464 	EXP 	image: image = 'pngs\\15.png'
15.4464 	EXP 	image_2: image = 'pngs\\16.png'
15.4464 	EXP 	image: autoDraw = True
15.4464 	EXP 	image_2: autoDraw = True
15.4901 	EXP 	New trial (rep=0, index=20): OrderedDict([('imagen1', 'pngs\\51.png'), ('imagen2', 'pngs\\52.png'), ('hm1', 0), ('cp1', -1), ('ai1', 1), ('pa1', 1), ('vr1', -1), ('cl1', 0), ('hm2', 0), ('cp2', 1), ('ai2', -1), ('pa2', -1), ('vr2', 1), ('cl2', 0)])
15.6261 	DATA 	Keypress: right
15.6338 	EXP 	image: autoDraw = False
15.6338 	EXP 	image_2: autoDraw = False
15.6338 	EXP 	image: image = 'pngs\\51.png'
15.6338 	EXP 	image_2: image = 'pngs\\52.png'
15.6338 	EXP 	image: autoDraw = True
15.6338 	EXP 	image_2: autoDraw = True
15.6730 	EXP 	New trial (rep=0, index=21): OrderedDict([('imagen1', 'pngs\\67.png'), ('imagen2', 'pngs\\68.png'), ('hm1', 0), ('cp1', -1), ('ai1', 1), ('pa1', 0), ('vr1', -1), ('cl1', -1), ('hm2', 0), ('cp2', 1), ('ai2', -1), ('pa2', 0), ('vr2', 1), ('cl2', 1)])
15.8037 	DATA 	Keypress: right
15.8114 	EXP 	image: autoDraw = False
15.8114 	EXP 	image_2: autoDraw = False
15.8114 	EXP 	image: image = 'pngs\\67.png'
15.8114 	EXP 	image_2: image = 'pngs\\68.png'
15.8114 	EXP 	image: autoDraw = True
15.8114 	EXP 	image_2: autoDraw = True
15.8568 	EXP 	New trial (rep=0, index=22): OrderedDict([('imagen1', 'pngs\\13.png'), ('imagen2', 'pngs\\14.png'), ('hm1', 0), ('cp1', 1), ('ai1', 1), ('pa1', 0), ('vr1', -1), ('cl1', 0), ('hm2', 0), ('cp2', -1), ('ai2', -1), ('pa2', 0), ('vr2', 1), ('cl2', 0)])
15.9876 	DATA 	Keypress: right
16.0052 	EXP 	image: autoDraw = False
16.0052 	EXP 	image_2: autoDraw = False
16.0052 	EXP 	image: image = 'pngs\\13.png'
16.0052 	EXP 	image_2: image = 'pngs\\14.png'
16.0052 	EXP 	image: autoDraw = True
16.0052 	EXP 	image_2: autoDraw = True
16.0408 	EXP 	New trial (rep=0, index=23): OrderedDict([('imagen1', 'pngs\\71.png'), ('imagen2', 'pngs\\72.png'), ('hm1', 0), ('cp1', 1), ('ai1', 1), ('pa1', 0), ('vr1', 1), ('cl1', 1), ('hm2', 0), ('cp2', -1), ('ai2', -1), ('pa2', 0), ('vr2', -1), ('cl2', -1)])
16.1697 	DATA 	Keypress: right
16.1873 	EXP 	image: autoDraw = False
16.1873 	EXP 	image_2: autoDraw = False
16.1873 	EXP 	image: image = 'pngs\\71.png'
16.1873 	EXP 	image_2: image = 'pngs\\72.png'
16.1873 	EXP 	image: autoDraw = True
16.1873 	EXP 	image_2: autoDraw = True
16.2228 	EXP 	New trial (rep=0, index=24): OrderedDict([('imagen1', 'pngs\\55.png'), ('imagen2', 'pngs\\56.png'), ('hm1', 0), ('cp1', 1), ('ai1', 1), ('pa1', -1), ('vr1', 1), ('cl1', 0), ('hm2', 0), ('cp2', -1), ('ai2', -1), ('pa2', 1), ('vr2', -1), ('cl2', 0)])
16.3539 	DATA 	Keypress: right
16.3614 	EXP 	image: autoDraw = False
16.3614 	EXP 	image_2: autoDraw = False
16.3614 	EXP 	image: image = 'pngs\\55.png'
16.3614 	EXP 	image_2: image = 'pngs\\56.png'
16.3614 	EXP 	image: autoDraw = True
16.3614 	EXP 	image_2: autoDraw = True
16.4069 	EXP 	New trial (rep=0, index=25): OrderedDict([('imagen1', 'pngs\\57.png'), ('imagen2', 'pngs\\58.png'), ('hm1', 0), ('cp1', -1), ('ai1', 1), ('pa1', 0), ('vr1', 1), ('cl1', 0), ('hm2', 0), ('cp2', 1), ('ai2', -1), ('pa2', 0), ('vr2', -1), ('cl2', 0)])
16.5393 	DATA 	Keypress: right
16.5571 	EXP 	image: autoDraw = False
16.5571 	EXP 	image_2: autoDraw = False
16.5571 	EXP 	image: image = 'pngs\\57.png'
16.5571 	EXP 	image_2: image = 'pngs\\58.png'
16.5571 	EXP 	image: autoDraw = True
16.5571 	EXP 	image_2: autoDraw = True
16.6075 	EXP 	New trial (rep=0, index=26): OrderedDict([('imagen1', 'pngs\\3.png'), ('imagen2', 'pngs\\4.png'), ('hm1', 0), ('cp1', -1), ('ai1', 1), ('pa1', 0), ('vr1', -1), ('cl1', 0), ('hm2', 0), ('cp2', 1), ('ai2', -1), ('pa2', 0), ('vr2', 1), ('cl2', 0)])
16.7484 	DATA 	Keypress: right
16.7665 	EXP 	image: autoDraw = False
16.7665 	EXP 	image_2: autoDraw = False
16.7665 	EXP 	image: image = 'pngs\\3.png'
16.7665 	EXP 	image_2: image = 'pngs\\4.png'
16.7665 	EXP 	image: autoDraw = True
16.7665 	EXP 	image_2: autoDraw = True
16.8063 	EXP 	New trial (rep=0, index=27): OrderedDict([('imagen1', 'pngs\\75.png'), ('imagen2', 'pngs\\76.png'), ('hm1', 0), ('cp1', -1), ('ai1', 1), ('pa1', 0), ('vr1', -1), ('cl1', 1), ('hm2', 0), ('cp2', 1), ('ai2', -1), ('pa2', 0), ('vr2', 1), ('cl2', -1)])
16.9447 	DATA 	Keypress: right
16.9527 	EXP 	image: autoDraw = False
16.9527 	EXP 	image_2: autoDraw = False
16.9527 	EXP 	image: image = 'pngs\\75.png'
16.9527 	EXP 	image_2: image = 'pngs\\76.png'
16.9527 	EXP 	image: autoDraw = True
16.9527 	EXP 	image_2: autoDraw = True
17.0237 	EXP 	New trial (rep=0, index=28): OrderedDict([('imagen1', 'pngs\\11.png'), ('imagen2', 'pngs\\12.png'), ('hm1', 0), ('cp1', -1), ('ai1', 1), ('pa1', 0), ('vr1', -1), ('cl1', 0), ('hm2', 0), ('cp2', 1), ('ai2', -1), ('pa2', 0), ('vr2', 1), ('cl2', 0)])
17.1570 	DATA 	Keypress: right
17.1650 	EXP 	image: autoDraw = False
17.1650 	EXP 	image_2: autoDraw = False
17.1650 	EXP 	image: image = 'pngs\\11.png'
17.1650 	EXP 	image_2: image = 'pngs\\12.png'
17.1650 	EXP 	image: autoDraw = True
17.1650 	EXP 	image_2: autoDraw = True
17.2058 	DATA 	Keypress: right
17.2225 	EXP 	New trial (rep=0, index=29): OrderedDict([('imagen1', 'pngs\\25.png'), ('imagen2', 'pngs\\26.png'), ('hm1', 1), ('cp1', -1), ('ai1', 1), ('pa1', 0), ('vr1', 1), ('cl1', 0), ('hm2', -1), ('cp2', 1), ('ai2', -1), ('pa2', 0), ('vr2', -1), ('cl2', 0)])
17.3839 	EXP 	image: autoDraw = False
17.3839 	EXP 	image_2: autoDraw = False
17.3839 	EXP 	image: image = 'pngs\\25.png'
17.3839 	EXP 	image_2: image = 'pngs\\26.png'
17.3839 	EXP 	image: autoDraw = True
17.3839 	EXP 	image_2: autoDraw = True
17.3930 	EXP 	New trial (rep=0, index=30): OrderedDict([('imagen1', 'pngs\\1.png'), ('imagen2', 'pngs\\2.png'), ('hm1', 0), ('cp1', -1), ('ai1', 1), ('pa1', 0), ('vr1', 1), ('cl1', 0), ('hm2', 0), ('cp2', 1), ('ai2', -1), ('pa2', 0), ('vr2', -1), ('cl2', 0)])
17.5228 	DATA 	Keypress: right
17.5305 	EXP 	image: autoDraw = False
17.5305 	EXP 	image_2: autoDraw = False
17.5305 	EXP 	image: image = 'pngs\\1.png'
17.5305 	EXP 	image_2: image = 'pngs\\2.png'
17.5305 	EXP 	image: autoDraw = True
17.5305 	EXP 	image_2: autoDraw = True
17.6062 	DATA 	Keypress: right
17.6224 	EXP 	New trial (rep=0, index=31): OrderedDict([('imagen1', 'pngs\\19.png'), ('imagen2', 'pngs\\20.png'), ('hm1', -1), ('cp1', -1), ('ai1', 1), ('pa1', 0), ('vr1', -1), ('cl1', 0), ('hm2', 1), ('cp2', 1), ('ai2', -1), ('pa2', 0), ('vr2', 1), ('cl2', 0)])
17.7665 	EXP 	image: autoDraw = False
17.7665 	EXP 	image_2: autoDraw = False
17.7665 	EXP 	image: image = 'pngs\\19.png'
17.7665 	EXP 	image_2: image = 'pngs\\20.png'
17.7665 	EXP 	image: autoDraw = True
17.7665 	EXP 	image_2: autoDraw = True
17.8724 	EXP 	New trial (rep=0, index=32): OrderedDict([('imagen1', 'pngs\\47.png'), ('imagen2', 'pngs\\48.png'), ('hm1', 0), ('cp1', 1), ('ai1', 1), ('pa1', 1), ('vr1', 1), ('cl1', 0), ('hm2', 0), ('cp2', -1), ('ai2', -1), ('pa2', -1), ('vr2', -1), ('cl2', 0)])
17.9983 	DATA 	Keypress: left
18.0062 	EXP 	image: autoDraw = False
18.0062 	EXP 	image_2: autoDraw = False
18.0062 	EXP 	image: image = 'pngs\\47.png'
18.0062 	EXP 	image_2: image = 'pngs\\48.png'
18.0062 	EXP 	image: autoDraw = True
18.0062 	EXP 	image_2: autoDraw = True
18.0724 	EXP 	New trial (rep=0, index=33): OrderedDict([('imagen1', 'pngs\\35.png'), ('imagen2', 'pngs\\36.png'), ('hm1', 0), ('cp1', -1), ('ai1', 1), ('pa1', 0), ('vr1', -1), ('cl1', 0), ('hm2', 0), ('cp2', 1), ('ai2', -1), ('pa2', 0), ('vr2', 1), ('cl2', 0)])
18.1968 	DATA 	Keypress: left
18.2047 	EXP 	image: autoDraw = False
18.2047 	EXP 	image_2: autoDraw = False
18.2047 	EXP 	image: image = 'pngs\\35.png'
18.2047 	EXP 	image_2: image = 'pngs\\36.png'
18.2047 	EXP 	image: autoDraw = True
18.2047 	EXP 	image_2: autoDraw = True
18.3049 	EXP 	New trial (rep=0, index=34): OrderedDict([('imagen1', 'pngs\\63.png'), ('imagen2', 'pngs\\64.png'), ('hm1', 0), ('cp1', 1), ('ai1', 1), ('pa1', 0), ('vr1', 1), ('cl1', 0), ('hm2', 0), ('cp2', -1), ('ai2', -1), ('pa2', 0), ('vr2', -1), ('cl2', 0)])
18.4345 	DATA 	Keypress: left
18.4432 	EXP 	image: autoDraw = False
18.4432 	EXP 	image_2: autoDraw = False
18.4432 	EXP 	image: image = 'pngs\\63.png'
18.4432 	EXP 	image_2: image = 'pngs\\64.png'
18.4432 	EXP 	image: autoDraw = True
18.4432 	EXP 	image_2: autoDraw = True
18.4454 	DATA 	Keypress: right
18.6549 	EXP 	New trial (rep=0, index=35): OrderedDict([('imagen1', 'pngs\\7.png'), ('imagen2', 'pngs\\8.png'), ('hm1', 0), ('cp1', 1), ('ai1', 1), ('pa1', 0), ('vr1', 1), ('cl1', 0), ('hm2', 0), ('cp2', -1), ('ai2', -1), ('pa2', 0), ('vr2', -1), ('cl2', 0)])
18.7813 	DATA 	Keypress: right
18.7903 	EXP 	image: autoDraw = False
18.7903 	EXP 	image_2: autoDraw = False
18.7903 	EXP 	image: image = 'pngs\\7.png'
18.7903 	EXP 	image_2: image = 'pngs\\8.png'
18.7903 	EXP 	image: autoDraw = True
18.7903 	EXP 	image_2: autoDraw = True
18.8048 	EXP 	New trial (rep=0, index=36): OrderedDict([('imagen1', 'pngs\\43.png'), ('imagen2', 'pngs\\44.png'), ('hm1', 0), ('cp1', -1), ('ai1', 1), ('pa1', -1), ('vr1', -1), ('cl1', 0), ('hm2', 0), ('cp2', 1), ('ai2', -1), ('pa2', 1), ('vr2', 1), ('cl2', 0)])
18.9338 	DATA 	Keypress: left
18.9415 	EXP 	image: autoDraw = False
18.9415 	EXP 	image_2: autoDraw = False
18.9415 	EXP 	image: image = 'pngs\\43.png'
18.9415 	EXP 	image_2: image = 'pngs\\44.png'
18.9415 	EXP 	image: autoDraw = True
18.9415 	EXP 	image_2: autoDraw = True
18.9435 	DATA 	Keypress: right
19.1546 	EXP 	New trial (rep=0, index=37): OrderedDict([('imagen1', 'pngs\\61.png'), ('imagen2', 'pngs\\62.png'), ('hm1', 0), ('cp1', 1), ('ai1', 1), ('pa1', 0), ('vr1', -1), ('cl1', 0), ('hm2', 0), ('cp2', -1), ('ai2', -1), ('pa2', 0), ('vr2', 1), ('cl2', 0)])
19.2844 	DATA 	Keypress: left
19.2846 	DATA 	Keypress: right
19.3019 	EXP 	image: autoDraw = False
19.3019 	EXP 	image_2: autoDraw = False
19.3019 	EXP 	image: image = 'pngs\\61.png'
19.3019 	EXP 	image_2: image = 'pngs\\62.png'
19.3019 	EXP 	image: autoDraw = True
19.3019 	EXP 	image_2: autoDraw = True
19.3715 	EXP 	New trial (rep=0, index=38): OrderedDict([('imagen1', 'pngs\\29.png'), ('imagen2', 'pngs\\30.png'), ('hm1', -1), ('cp1', 1), ('ai1', 1), ('pa1', 0), ('vr1', -1), ('cl1', 0), ('hm2', 1), ('cp2', -1), ('ai2', -1), ('pa2', 0), ('vr2', 1), ('cl2', 0)])
19.5019 	DATA 	Keypress: left
19.5098 	EXP 	image: autoDraw = False
19.5098 	EXP 	image_2: autoDraw = False
19.5098 	EXP 	image: image = 'pngs\\29.png'
19.5098 	EXP 	image_2: image = 'pngs\\30.png'
19.5098 	EXP 	image: autoDraw = True
19.5098 	EXP 	image_2: autoDraw = True
19.7043 	EXP 	New trial (rep=0, index=39): OrderedDict([('imagen1', 'pngs\\21.png'), ('imagen2', 'pngs\\22.png'), ('hm1', 1), ('cp1', 1), ('ai1', 1), ('pa1', 0), ('vr1', -1), ('cl1', 0), ('hm2', -1), ('cp2', -1), ('ai2', -1), ('pa2', 0), ('vr2', 1), ('cl2', 0)])
19.8352 	DATA 	Keypress: right
19.8437 	EXP 	image: autoDraw = False
19.8437 	EXP 	image_2: autoDraw = False
19.8437 	EXP 	image: image = 'pngs\\21.png'
19.8437 	EXP 	image_2: image = 'pngs\\22.png'
19.8437 	EXP 	image: autoDraw = True
19.8437 	EXP 	image_2: autoDraw = True
19.9503 	DATA 	Keypress: right
19.9539 	EXP 	image: autoDraw = False
19.9539 	EXP 	image_2: autoDraw = False
19.9539 	EXP 	text: height = 0.04
19.9539 	EXP 	text: height = 0.04
19.9539 	EXP 	text: height = 0.04
19.9539 	EXP 	text: text = 'Salvar hombres antes que mujeres = 37.5%'
19.9539 	EXP 	text_2: height = 0.04
19.9539 	EXP 	text_2: height = 0.04
19.9539 	EXP 	text_2: height = 0.04
19.9539 	EXP 	text_2: text = 'Salvar conductor antes que peatón = 47.5%'
19.9539 	EXP 	text_3: height = 0.04
19.9539 	EXP 	text_3: height = 0.04
19.9539 	EXP 	text_3: height = 0.04
19.9539 	EXP 	text_3: text = 'Dejar que el coche vaya recto = 42.5%'
19.9539 	EXP 	text_4: height = 0.04
19.9539 	EXP 	text_4: height = 0.04
19.9539 	EXP 	text_4: height = 0.04
19.9539 	EXP 	text_4: text = 'Salvar personas antes que animales = 50.0%'
19.9539 	EXP 	text_5: height = 0.04
19.9539 	EXP 	text_5: height = 0.04
19.9539 	EXP 	text_5: height = 0.04
19.9539 	EXP 	text_5: text = 'Salvar a quien respeta la ley = 62.5%'
19.9539 	EXP 	text_6: height = 0.04
19.9539 	EXP 	text_6: height = 0.04
19.9539 	EXP 	text_6: height = 0.04
19.9539 	EXP 	text_6: text = 'Salvar a cívicos antes que ladrones = 62.5%'
19.9539 	EXP 	text: autoDraw = True
19.9539 	EXP 	text_2: autoDraw = True
19.9539 	EXP 	text_3: autoDraw = True
19.9539 	EXP 	text_4: autoDraw = True
19.9539 	EXP 	text_5: autoDraw = True
19.9539 	EXP 	text_6: autoDraw = True
19.9539 	EXP 	text_7: autoDraw = True
20.1232 	DATA 	Keypress: right
21.6367 	DATA 	Keypress: space
21.6520 	EXP 	text: autoDraw = False
21.6520 	EXP 	text_2: autoDraw = False
21.6520 	EXP 	text_3: autoDraw = False
21.6520 	EXP 	text_4: autoDraw = False
21.6520 	EXP 	text_5: autoDraw = False
21.6520 	EXP 	text_6: autoDraw = False
21.6520 	EXP 	text_7: autoDraw = False
21.6521 	EXP 	tarea_coche_autonomo: status = STOPPED
21.7131 	EXP 	window1: mouseVisible = True
